
=== 000533-2026-04-16-顺钠股份-2025年年度报告_mgsy.pdf ===
【模块一】
[
  {
    "JZRQ": "2025-12-31",
    "JBMGSY": "0.1476",
    "XSMGSY": "0.1476",
    "JBMGSYKC": "0.1366",
    "XSMGSYKC": "",
    "JLRJZCSYLJQ": "",
    "KCHJLRJZCSYLJQ": "",
    "PTGJZCSYLJQ": "11.10",
    "KCPTGJZCSYLJQ": "10.27",
    "YYZSR": "",
    "YYZSRTBZZ": "",
    "YYSR": "",
    "YYSRTBZZ": "",
    "YYSRKCJE": "",
    "KCHYYSR": "",
    "KCHYYSRTBZZ": "",
    "JLRHJ": "",
    "JLRHJTBZZ": "",
    "JLR": "",
    "JLRTBZZ": "",
    "FJCXSY": "",
    "KCFJYXSYHDJLR": "",
    "KCFJYXSYHDJLRTBZZ": "",
    "PTGJLR": "",
    "PTGJLRTBZZ": "",
    "KCFJCXSYHPTGJLR": "",
    "KCFJCXSYHPTGJLRTBZZ": "",
    "JYXJLLJE": "",
    "MGJYXJLLJE": "",
    "ZCZE": "",
    "GDQY": "",
    "MGJZCPL": "",
    "PTGMGJZC": "",
    "GJKJZEJLR": "",
    "GJKJZZJZC": ""
  }
]

=== 002001-2026-04-16-新和成-2025年年度报告_mgsy.pdf ===
【模块一】
[
  {
    "JZRQ": "2025-12-31",
    "JBMGSY": "2.21",
    "XSMGSY": "2.21",
    "JBMGSYKC": "2.20",
    "XSMGSYKC": "",
    "JLRJZCSYLJQ": "21.87",
    "KCHJLRJZCSYLJQ": "21.79",
    "PTGJZCSYLJQ": "",
    "KCPTGJZCSYLJQ": "",
    "YYZSR": "",
    "YYZSRTBZZ": "",
    "YYSR": "",
    "YYSRTBZZ": "",
    "YYSRKCJE": "",
    "KCHYYSR": "",
    "KCHYYSRTBZZ": "",
    "JLRHJ": "",
    "JLRHJTBZZ": "",
    "JLR": "",
    "JLRTBZZ": "",
    "FJCXSY": "",
    "KCFJYXSYHDJLR": "",
    "KCFJYXSYHDJLRTBZZ": "",
    "PTGJLR": "",
    "PTGJLRTBZZ": "",
    "KCFJCXSYHPTGJLR": "",
    "KCFJCXSYHPTGJLRTBZZ": "",
    "JYXJLLJE": "",
    "MGJYXJLLJE": "",
    "ZCZE": "",
    "GDQY": "",
    "MGJZCPL": "",
    "PTGMGJZC": "",
    "GJKJZEJLR": "",
    "GJKJZZJZC": ""
  }
]

=== 002344-2026-04-16-海宁皮城-2025年年度报告_mgsy.pdf ===
【模块一】
[
  {
    "JZRQ": "2025-12-31",
    "JBMGSY": "0.06",
    "XSMGSY": "0.06",
    "JBMGSYKC": "0.04",
    "XSMGSYKC": "",
    "JLRJZCSYLJQ": "",
    "KCHJLRJZCSYLJQ": "",
    "PTGJZCSYLJQ": "0.84",
    "KCPTGJZCSYLJQ": "0.56",
    "YYZSR": "",
    "YYZSRTBZZ": "",
    "YYSR": "",
    "YYSRTBZZ": "",
    "YYSRKCJE": "",
    "KCHYYSR": "",
    "KCHYYSRTBZZ": "",
    "JLRHJ": "",
    "JLRHJTBZZ": "",
    "JLR": "",
    "JLRTBZZ": "",
    "FJCXSY": "",
    "KCFJYXSYHDJLR": "",
    "KCFJYXSYHDJLRTBZZ": "",
    "PTGJLR": "",
    "PTGJLRTBZZ": "",
    "KCFJCXSYHPTGJLR": "",
    "KCFJCXSYHPTGJLRTBZZ": "",
    "JYXJLLJE": "",
    "MGJYXJLLJE": "",
    "ZCZE": "",
    "GDQY": "",
    "MGJZCPL": "",
    "PTGMGJZC": "",
    "GJKJZEJLR": "",
    "GJKJZZJZC": ""
  }
]

=== 002180-2026-04-15-纳思达-2025年年度报告_mgsy.pdf ===
【模块一】
[
  {
    "JZRQ": "2025-12-31",
    "JBMGSY": "-0.5096",
    "XSMGSY": "-0.5096",
    "JBMGSYKC": "-0.4118",
    "XSMGSYKC": "",
    "JLRJZCSYLJQ": "",
    "KCHJLRJZCSYLJQ": "",
    "PTGJZCSYLJQ": "-7.68",
    "KCPTGJZCSYLJQ": "-6.20",
    "YYZSR": "",
    "YYZSRTBZZ": "",
    "YYSR": "",
    "YYSRTBZZ": "",
    "YYSRKCJE": "",
    "KCHYYSR": "",
    "KCHYYSRTBZZ": "",
    "JLRHJ": "",
    "JLRHJTBZZ": "",
    "JLR": "",
    "JLRTBZZ": "",
    "FJCXSY": "",
    "KCFJYXSYHDJLR": "",
    "KCFJYXSYHDJLRTBZZ": "",
    "PTGJLR": "",
    "PTGJLRTBZZ": "",
    "KCFJCXSYHPTGJLR": "",
    "KCFJCXSYHPTGJLRTBZZ": "",
    "JYXJLLJE": "",
    "MGJYXJLLJE": "",
    "ZCZE": "",
    "GDQY": "",
    "MGJZCPL": "",
    "PTGMGJZC": "",
    "GJKJZEJLR": "",
    "GJKJZZJZC": ""
  }
]

=== 002407-2026-04-16-多氟多-2025年年度报告_mgsy.pdf ===
【模块一】
[
  {
    "JZRQ": "2025-12-31",
    "JBMGSY": "0.18",
    "XSMGSY": "0.18",
    "JBMGSYKC": "0.08",
    "XSMGSYKC": "",
    "JLRJZCSYLJQ": "",
    "KCHJLRJZCSYLJQ": "",
    "PTGJZCSYLJQ": "2.53",
    "KCPTGJZCSYLJQ": "1.17",
    "YYZSR": "",
    "YYZSRTBZZ": "",
    "YYSR": "",
    "YYSRTBZZ": "",
    "YYSRKCJE": "",
    "KCHYYSR": "",
    "KCHYYSRTBZZ": "",
    "JLRHJ": "",
    "JLRHJTBZZ": "",
    "JLR": "",
    "JLRTBZZ": "",
    "FJCXSY": "",
    "KCFJYXSYHDJLR": "",
    "KCFJYXSYHDJLRTBZZ": "",
    "PTGJLR": "",
    "PTGJLRTBZZ": "",
    "KCFJCXSYHPTGJLR": "",
    "KCFJCXSYHPTGJLRTBZZ": "",
    "JYXJLLJE": "",
    "MGJYXJLLJE": "",
    "ZCZE": "",
    "GDQY": "",
    "MGJZCPL": "",
    "PTGMGJZC": "",
    "GJKJZEJLR": "",
    "GJKJZZJZC": ""
  }
]

=== 002628-2026-04-16-成都路桥-2025年年度报告_mgsy.pdf ===
【模块一】
[
  {
    "JZRQ": "2025-12-31",
    "JBMGSY": "-0.10",
    "XSMGSY": "-0.10",
    "JBMGSYKC": "-0.11",
    "XSMGSYKC": "",
    "JLRJZCSYLJQ": "-2.75",
    "KCHJLRJZCSYLJQ": "-3.04",
    "PTGJZCSYLJQ": "",
    "KCPTGJZCSYLJQ": "",
    "YYZSR": "",
    "YYZSRTBZZ": "",
    "YYSR": "",
    "YYSRTBZZ": "",
    "YYSRKCJE": "",
    "KCHYYSR": "",
    "KCHYYSRTBZZ": "",
    "JLRHJ": "",
    "JLRHJTBZZ": "",
    "JLR": "",
    "JLRTBZZ": "",
    "FJCXSY": "",
    "KCFJYXSYHDJLR": "",
    "KCFJYXSYHDJLRTBZZ": "",
    "PTGJLR": "",
    "PTGJLRTBZZ": "",
    "KCFJCXSYHPTGJLR": "",
    "KCFJCXSYHPTGJLRTBZZ": "",
    "JYXJLLJE": "",
    "MGJYXJLLJE": "",
    "ZCZE": "",
    "GDQY": "",
    "MGJZCPL": "",
    "PTGMGJZC": "",
    "GJKJZEJLR": "",
    "GJKJZZJZC": ""
  }
]

=== 002762-2026-04-16-ST金比-2025年年度报告_mgsy.pdf ===
【模块一】
[
  {
    "JZRQ": "2025-12-31",
    "JBMGSY": "-0.53",
    "XSMGSY": "-0.53",
    "JBMGSYKC": "-0.38",
    "XSMGSYKC": "",
    "JLRJZCSYLJQ": "",
    "KCHJLRJZCSYLJQ": "",
    "PTGJZCSYLJQ": "-24.45",
    "KCPTGJZCSYLJQ": "-17.40",
    "YYZSR": "",
    "YYZSRTBZZ": "",
    "YYSR": "",
    "YYSRTBZZ": "",
    "YYSRKCJE": "",
    "KCHYYSR": "",
    "KCHYYSRTBZZ": "",
    "JLRHJ": "",
    "JLRHJTBZZ": "",
    "JLR": "",
    "JLRTBZZ": "",
    "FJCXSY": "",
    "KCFJYXSYHDJLR": "",
    "KCFJYXSYHDJLRTBZZ": "",
    "PTGJLR": "",
    "PTGJLRTBZZ": "",
    "KCFJCXSYHPTGJLR": "",
    "KCFJCXSYHPTGJLRTBZZ": "",
    "JYXJLLJE": "",
    "MGJYXJLLJE": "",
    "ZCZE": "",
    "GDQY": "",
    "MGJZCPL": "",
    "PTGMGJZC": "",
    "GJKJZEJLR": "",
    "GJKJZZJZC": ""
  }
]

=== 002629-2026-04-16-仁智股份-2025年年度报告_mgsy.pdf ===
【模块一】
[
  {
    "JZRQ": "2025-12-31",
    "JBMGSY": "0.022",
    "XSMGSY": "0.022",
    "JBMGSYKC": "0.014",
    "XSMGSYKC": "",
    "JLRJZCSYLJQ": "15.26",
    "KCHJLRJZCSYLJQ": "9.70",
    "PTGJZCSYLJQ": "",
    "KCPTGJZCSYLJQ": "",
    "YYZSR": "",
    "YYZSRTBZZ": "",
    "YYSR": "",
    "YYSRTBZZ": "",
    "YYSRKCJE": "",
    "KCHYYSR": "",
    "KCHYYSRTBZZ": "",
    "JLRHJ": "",
    "JLRHJTBZZ": "",
    "JLR": "",
    "JLRTBZZ": "",
    "FJCXSY": "",
    "KCFJYXSYHDJLR": "",
    "KCFJYXSYHDJLRTBZZ": "",
    "PTGJLR": "",
    "PTGJLRTBZZ": "",
    "KCFJCXSYHPTGJLR": "",
    "KCFJCXSYHPTGJLRTBZZ": "",
    "JYXJLLJE": "",
    "MGJYXJLLJE": "",
    "ZCZE": "",
    "GDQY": "",
    "MGJZCPL": "",
    "PTGMGJZC": "",
    "GJKJZEJLR": "",
    "GJKJZZJZC": ""
  }
]

=== 002823-2026-04-16-凯中精密-2025年年度报告_mgsy.pdf ===
【模块一】
[
  {
    "JZRQ": "2025-12-31",
    "JBMGSY": "0.72",
    "XSMGSY": "0.72",
    "JBMGSYKC": "0.69",
    "XSMGSYKC": "",
    "JLRJZCSYLJQ": "",
    "KCHJLRJZCSYLJQ": "",
    "PTGJZCSYLJQ": "11.61",
    "KCPTGJZCSYLJQ": "11.23",
    "YYZSR": "",
    "YYZSRTBZZ": "",
    "YYSR": "",
    "YYSRTBZZ": "",
    "YYSRKCJE": "",
    "KCHYYSR": "",
    "KCHYYSRTBZZ": "",
    "JLRHJ": "",
    "JLRHJTBZZ": "",
    "JLR": "",
    "JLRTBZZ": "",
    "FJCXSY": "",
    "KCFJYXSYHDJLR": "",
    "KCFJYXSYHDJLRTBZZ": "",
    "PTGJLR": "",
    "PTGJLRTBZZ": "",
    "KCFJCXSYHPTGJLR": "",
    "KCFJCXSYHPTGJLRTBZZ": "",
    "JYXJLLJE": "",
    "MGJYXJLLJE": "",
    "ZCZE": "",
    "GDQY": "",
    "MGJZCPL": "",
    "PTGMGJZC": "",
    "GJKJZEJLR": "",
    "GJKJZZJZC": ""
  }
]

=== 002896-2026-04-16-中大力德-2025年年度报告_mgsy.pdf ===
【模块一】
[
  {
    "JZRQ": "2025-12-31",
    "JBMGSY": "0.32",
    "XSMGSY": "0.32",
    "JBMGSYKC": "0.24",
    "XSMGSYKC": "",
    "JLRJZCSYLJQ": "5.29",
    "KCHJLRJZCSYLJQ": "3.92",
    "PTGJZCSYLJQ": "",
    "KCPTGJZCSYLJQ": "",
    "YYZSR": "",
    "YYZSRTBZZ": "",
    "YYSR": "",
    "YYSRTBZZ": "",
    "YYSRKCJE": "",
    "KCHYYSR": "",
    "KCHYYSRTBZZ": "",
    "JLRHJ": "",
    "JLRHJTBZZ": "",
    "JLR": "",
    "JLRTBZZ": "",
    "FJCXSY": "",
    "KCFJYXSYHDJLR": "",
    "KCFJYXSYHDJLRTBZZ": "",
    "PTGJLR": "",
    "PTGJLRTBZZ": "",
    "KCFJCXSYHPTGJLR": "",
    "KCFJCXSYHPTGJLRTBZZ": "",
    "JYXJLLJE": "",
    "MGJYXJLLJE": "",
    "ZCZE": "",
    "GDQY": "",
    "MGJZCPL": "",
    "PTGMGJZC": "",
    "GJKJZEJLR": "",
    "GJKJZZJZC": ""
  }
]

=== 002971-2026-04-16-和远气体-2025年年度报告_mgsy.pdf ===
【模块一】
[
  {
    "JZRQ": "2025-12-31",
    "JBMGSY": "0.29",
    "XSMGSY": "0.29",
    "JBMGSYKC": "0.21",
    "XSMGSYKC": "",
    "JLRJZCSYLJQ": "3.82",
    "KCHJLRJZCSYLJQ": "2.76",
    "PTGJZCSYLJQ": "",
    "KCPTGJZCSYLJQ": "",
    "YYZSR": "",
    "YYZSRTBZZ": "",
    "YYSR": "",
    "YYSRTBZZ": "",
    "YYSRKCJE": "",
    "KCHYYSR": "",
    "KCHYYSRTBZZ": "",
    "JLRHJ": "",
    "JLRHJTBZZ": "",
    "JLR": "",
    "JLRTBZZ": "",
    "FJCXSY": "",
    "KCFJYXSYHDJLR": "",
    "KCFJYXSYHDJLRTBZZ": "",
    "PTGJLR": "",
    "PTGJLRTBZZ": "",
    "KCFJCXSYHPTGJLR": "",
    "KCFJCXSYHPTGJLRTBZZ": "",
    "JYXJLLJE": "",
    "MGJYXJLLJE": "",
    "ZCZE": "",
    "GDQY": "",
    "MGJZCPL": "",
    "PTGMGJZC": "",
    "GJKJZEJLR": "",
    "GJKJZZJZC": ""
  }
]

=== 300058-2026-04-16-蓝色光标-2025年年度报告_mgsy.pdf ===
【模块一】
[
  {
    "JZRQ": "2025-12-31",
    "JBMGSY": "0.063",
    "XSMGSY": "0.063",
    "JBMGSYKC": "0.077",
    "XSMGSYKC": "",
    "JLRJZCSYLJQ": "",
    "KCHJLRJZCSYLJQ": "",
    "PTGJZCSYLJQ": "2.92",
    "KCPTGJZCSYLJQ": "3.53",
    "YYZSR": "",
    "YYZSRTBZZ": "",
    "YYSR": "",
    "YYSRTBZZ": "",
    "YYSRKCJE": "",
    "KCHYYSR": "",
    "KCHYYSRTBZZ": "",
    "JLRHJ": "",
    "JLRHJTBZZ": "",
    "JLR": "",
    "JLRTBZZ": "",
    "FJCXSY": "",
    "KCFJYXSYHDJLR": "",
    "KCFJYXSYHDJLRTBZZ": "",
    "PTGJLR": "",
    "PTGJLRTBZZ": "",
    "KCFJCXSYHPTGJLR": "",
    "KCFJCXSYHPTGJLRTBZZ": "",
    "JYXJLLJE": "",
    "MGJYXJLLJE": "",
    "ZCZE": "",
    "GDQY": "",
    "MGJZCPL": "",
    "PTGMGJZC": "",
    "GJKJZEJLR": "",
    "GJKJZZJZC": ""
  }
]

=== 003027-2026-04-16-同兴科技-2025年年度报告_mgsy.pdf ===
【模块一】
[
  {
    "JZRQ": "2025-12-31",
    "JBMGSY": "0.57",
    "XSMGSY": "0.56",
    "JBMGSYKC": "",
    "XSMGSYKC": "",
    "JLRJZCSYLJQ": "",
    "KCHJLRJZCSYLJQ": "",
    "PTGJZCSYLJQ": "4.31",
    "KCPTGJZCSYLJQ": "3.84",
    "YYZSR": "",
    "YYZSRTBZZ": "",
    "YYSR": "",
    "YYSRTBZZ": "",
    "YYSRKCJE": "",
    "KCHYYSR": "",
    "KCHYYSRTBZZ": "",
    "JLRHJ": "",
    "JLRHJTBZZ": "",
    "JLR": "",
    "JLRTBZZ": "",
    "FJCXSY": "",
    "KCFJYXSYHDJLR": "",
    "KCFJYXSYHDJLRTBZZ": "",
    "PTGJLR": "",
    "PTGJLRTBZZ": "",
    "KCFJCXSYHPTGJLR": "",
    "KCFJCXSYHPTGJLRTBZZ": "",
    "JYXJLLJE": "",
    "MGJYXJLLJE": "",
    "ZCZE": "",
    "GDQY": "",
    "MGJZCPL": "",
    "PTGMGJZC": "",
    "GJKJZEJLR": "",
    "GJKJZZJZC": ""
  }
]

=== 002949-2026-04-16-华阳国际-2025年年度报告_mgsy.pdf ===
【模块一】
[
  {
    "JZRQ": "2025-12-31",
    "JBMGSY": "0.4621",
    "XSMGSY": "0.5088",
    "JBMGSYKC": "0.3166",
    "XSMGSYKC": "0.3833",
    "JLRJZCSYLJQ": "5.80",
    "KCHJLRJZCSYLJQ": "3.97",
    "PTGJZCSYLJQ": "",
    "KCPTGJZCSYLJQ": "",
    "YYZSR": "",
    "YYZSRTBZZ": "",
    "YYSR": "",
    "YYSRTBZZ": "",
    "YYSRKCJE": "",
    "KCHYYSR": "",
    "KCHYYSRTBZZ": "",
    "JLRHJ": "",
    "JLRHJTBZZ": "",
    "JLR": "",
    "JLRTBZZ": "",
    "FJCXSY": "",
    "KCFJYXSYHDJLR": "",
    "KCFJYXSYHDJLRTBZZ": "",
    "PTGJLR": "",
    "PTGJLRTBZZ": "",
    "KCFJCXSYHPTGJLR": "",
    "KCFJCXSYHPTGJLRTBZZ": "",
    "JYXJLLJE": "",
    "MGJYXJLLJE": "",
    "ZCZE": "",
    "GDQY": "",
    "MGJZCPL": "",
    "PTGMGJZC": "",
    "GJKJZEJLR": "",
    "GJKJZZJZC": ""
  }
]

=== 300174-2026-04-16-元力股份-2025年年度报告_mgsy.pdf ===
【模块一】
[
  {
    "JZRQ": "2025-12-31",
    "JBMGSY": "0.6319",
    "XSMGSY": "0.6319",
    "JBMGSYKC": "0.6386",
    "XSMGSYKC": "",
    "JLRJZCSYLJQ": "6.69",
    "KCHJLRJZCSYLJQ": "6.76",
    "PTGJZCSYLJQ": "",
    "KCPTGJZCSYLJQ": "",
    "YYZSR": "",
    "YYZSRTBZZ": "",
    "YYSR": "",
    "YYSRTBZZ": "",
    "YYSRKCJE": "",
    "KCHYYSR": "",
    "KCHYYSRTBZZ": "",
    "JLRHJ": "",
    "JLRHJTBZZ": "",
    "JLR": "",
    "JLRTBZZ": "",
    "FJCXSY": "",
    "KCFJYXSYHDJLR": "",
    "KCFJYXSYHDJLRTBZZ": "",
    "PTGJLR": "",
    "PTGJLRTBZZ": "",
    "KCFJCXSYHPTGJLR": "",
    "KCFJCXSYHPTGJLRTBZZ": "",
    "JYXJLLJE": "",
    "MGJYXJLLJE": "",
    "ZCZE": "",
    "GDQY": "",
    "MGJZCPL": "",
    "PTGMGJZC": "",
    "GJKJZEJLR": "",
    "GJKJZZJZC": ""
  }
]

=== 300075-2026-04-16-数字政通-2025年年度报告_mgsy.pdf ===
【模块一】
[
  {
    "JZRQ": "2025-12-31",
    "JBMGSY": "-0.61",
    "XSMGSY": "-0.61",
    "JBMGSYKC": "-0.71",
    "XSMGSYKC": "",
    "JLRJZCSYLJQ": "",
    "KCHJLRJZCSYLJQ": "",
    "PTGJZCSYLJQ": "-11.34",
    "KCPTGJZCSYLJQ": "-13.15",
    "YYZSR": "",
    "YYZSRTBZZ": "",
    "YYSR": "",
    "YYSRTBZZ": "",
    "YYSRKCJE": "",
    "KCHYYSR": "",
    "KCHYYSRTBZZ": "",
    "JLRHJ": "",
    "JLRHJTBZZ": "",
    "JLR": "",
    "JLRTBZZ": "",
    "FJCXSY": "",
    "KCFJYXSYHDJLR": "",
    "KCFJYXSYHDJLRTBZZ": "",
    "PTGJLR": "",
    "PTGJLRTBZZ": "",
    "KCFJCXSYHPTGJLR": "",
    "KCFJCXSYHPTGJLRTBZZ": "",
    "JYXJLLJE": "",
    "MGJYXJLLJE": "",
    "ZCZE": "",
    "GDQY": "",
    "MGJZCPL": "",
    "PTGMGJZC": "",
    "GJKJZEJLR": "",
    "GJKJZZJZC": ""
  }
]

=== 300281-2026-04-16-金明精机-2025年年度报告_mgsy.pdf ===
【模块一】
[
  {
    "JZRQ": "2025-12-31",
    "JBMGSY": "-0.008",
    "XSMGSY": "-0.008",
    "JBMGSYKC": "-0.056",
    "XSMGSYKC": "",
    "JLRJZCSYLJQ": "",
    "KCHJLRJZCSYLJQ": "",
    "PTGJZCSYLJQ": "-0.28",
    "KCPTGJZCSYLJQ": "-1.88",
    "YYZSR": "",
    "YYZSRTBZZ": "",
    "YYSR": "",
    "YYSRTBZZ": "",
    "YYSRKCJE": "",
    "KCHYYSR": "",
    "KCHYYSRTBZZ": "",
    "JLRHJ": "",
    "JLRHJTBZZ": "",
    "JLR": "",
    "JLRTBZZ": "",
    "FJCXSY": "",
    "KCFJYXSYHDJLR": "",
    "KCFJYXSYHDJLRTBZZ": "",
    "PTGJLR": "",
    "PTGJLRTBZZ": "",
    "KCFJCXSYHPTGJLR": "",
    "KCFJCXSYHPTGJLRTBZZ": "",
    "JYXJLLJE": "",
    "MGJYXJLLJE": "",
    "ZCZE": "",
    "GDQY": "",
    "MGJZCPL": "",
    "PTGMGJZC": "",
    "GJKJZEJLR": "",
    "GJKJZZJZC": ""
  }
]

=== 300296-2026-04-16-利亚德-2025年年度报告_mgsy.pdf ===
【模块一】
[
  {
    "JZRQ": "2025-12-31",
    "JBMGSY": "0.11",
    "XSMGSY": "0.11",
    "JBMGSYKC": "0.09",
    "XSMGSYKC": "",
    "JLRJZCSYLJQ": "",
    "KCHJLRJZCSYLJQ": "",
    "PTGJZCSYLJQ": "3.73",
    "KCPTGJZCSYLJQ": "2.86",
    "YYZSR": "",
    "YYZSRTBZZ": "",
    "YYSR": "",
    "YYSRTBZZ": "",
    "YYSRKCJE": "",
    "KCHYYSR": "",
    "KCHYYSRTBZZ": "",
    "JLRHJ": "",
    "JLRHJTBZZ": "",
    "JLR": "",
    "JLRTBZZ": "",
    "FJCXSY": "",
    "KCFJYXSYHDJLR": "",
    "KCFJYXSYHDJLRTBZZ": "",
    "PTGJLR": "",
    "PTGJLRTBZZ": "",
    "KCFJCXSYHPTGJLR": "",
    "KCFJCXSYHPTGJLRTBZZ": "",
    "JYXJLLJE": "",
    "MGJYXJLLJE": "",
    "ZCZE": "",
    "GDQY": "",
    "MGJZCPL": "",
    "PTGMGJZC": "",
    "GJKJZEJLR": "",
    "GJKJZZJZC": ""
  }
]

=== 300305-2026-04-16-裕兴股份-2025年年度报告_mgsy.pdf ===
【模块一】
[
  {
    "JZRQ": "2025-12-31",
    "JBMGSY": "-0.6808",
    "XSMGSY": "-0.6808",
    "JBMGSYKC": "-0.7151",
    "XSMGSYKC": "",
    "JLRJZCSYLJQ": "",
    "KCHJLRJZCSYLJQ": "",
    "PTGJZCSYLJQ": "-12.24",
    "KCPTGJZCSYLJQ": "-12.90",
    "YYZSR": "",
    "YYZSRTBZZ": "",
    "YYSR": "",
    "YYSRTBZZ": "",
    "YYSRKCJE": "",
    "KCHYYSR": "",
    "KCHYYSRTBZZ": "",
    "JLRHJ": "",
    "JLRHJTBZZ": "",
    "JLR": "",
    "JLRTBZZ": "",
    "FJCXSY": "",
    "KCFJYXSYHDJLR": "",
    "KCFJYXSYHDJLRTBZZ": "",
    "PTGJLR": "",
    "PTGJLRTBZZ": "",
    "KCFJCXSYHPTGJLR": "",
    "KCFJCXSYHPTGJLRTBZZ": "",
    "JYXJLLJE": "",
    "MGJYXJLLJE": "",
    "ZCZE": "",
    "GDQY": "",
    "MGJZCPL": "",
    "PTGMGJZC": "",
    "GJKJZEJLR": "",
    "GJKJZZJZC": ""
  }
]

=== 300440-2026-04-16-运达科技-2025年年度报告_mgsy.pdf ===
【模块一】
[
  {
    "JZRQ": "2025-12-31",
    "JBMGSY": "0.20",
    "XSMGSY": "0.20",
    "JBMGSYKC": "0.18",
    "XSMGSYKC": "",
    "JLRJZCSYLJQ": "5.31",
    "KCHJLRJZCSYLJQ": "4.58",
    "PTGJZCSYLJQ": "",
    "KCPTGJZCSYLJQ": "",
    "YYZSR": "",
    "YYZSRTBZZ": "",
    "YYSR": "",
    "YYSRTBZZ": "",
    "YYSRKCJE": "",
    "KCHYYSR": "",
    "KCHYYSRTBZZ": "",
    "JLRHJ": "",
    "JLRHJTBZZ": "",
    "JLR": "",
    "JLRTBZZ": "",
    "FJCXSY": "",
    "KCFJYXSYHDJLR": "",
    "KCFJYXSYHDJLRTBZZ": "",
    "PTGJLR": "",
    "PTGJLRTBZZ": "",
    "KCFJCXSYHPTGJLR": "",
    "KCFJCXSYHPTGJLRTBZZ": "",
    "JYXJLLJE": "",
    "MGJYXJLLJE": "",
    "ZCZE": "",
    "GDQY": "",
    "MGJZCPL": "",
    "PTGMGJZC": "",
    "GJKJZEJLR": "",
    "GJKJZZJZC": ""
  }
]

=== 300623-2026-04-16-捷捷微电-2025年年度报告_mgsy.pdf ===
【模块一】
[
  {
    "JZRQ": "2025-12-31",
    "JBMGSY": "0.57",
    "XSMGSY": "0.57",
    "JBMGSYKC": "",
    "XSMGSYKC": "",
    "JLRJZCSYLJQ": "",
    "KCHJLRJZCSYLJQ": "",
    "PTGJZCSYLJQ": "8.10",
    "KCPTGJZCSYLJQ": "8.09",
    "YYZSR": "",
    "YYZSRTBZZ": "",
    "YYSR": "",
    "YYSRTBZZ": "",
    "YYSRKCJE": "",
    "KCHYYSR": "",
    "KCHYYSRTBZZ": "",
    "JLRHJ": "",
    "JLRHJTBZZ": "",
    "JLR": "",
    "JLRTBZZ": "",
    "FJCXSY": "",
    "KCFJYXSYHDJLR": "",
    "KCFJYXSYHDJLRTBZZ": "",
    "PTGJLR": "",
    "PTGJLRTBZZ": "",
    "KCFJCXSYHPTGJLR": "",
    "KCFJCXSYHPTGJLRTBZZ": "",
    "JYXJLLJE": "",
    "MGJYXJLLJE": "",
    "ZCZE": "",
    "GDQY": "",
    "MGJZCPL": "",
    "PTGMGJZC": "",
    "GJKJZEJLR": "",
    "GJKJZZJZC": ""
  }
]

=== 300666-2026-04-16-江丰电子-2025年年度报告_mgsy.pdf ===
【模块一】
[
  {
    "JZRQ": "2025-12-31",
    "JBMGSY": "1.89",
    "XSMGSY": "1.89",
    "JBMGSYKC": "1.36",
    "XSMGSYKC": "",
    "JLRJZCSYLJQ": "",
    "KCHJLRJZCSYLJQ": "",
    "PTGJZCSYLJQ": "10.58",
    "KCPTGJZCSYLJQ": "7.62",
    "YYZSR": "",
    "YYZSRTBZZ": "",
    "YYSR": "",
    "YYSRTBZZ": "",
    "YYSRKCJE": "",
    "KCHYYSR": "",
    "KCHYYSRTBZZ": "",
    "JLRHJ": "",
    "JLRHJTBZZ": "",
    "JLR": "",
    "JLRTBZZ": "",
    "FJCXSY": "",
    "KCFJYXSYHDJLR": "",
    "KCFJYXSYHDJLRTBZZ": "",
    "PTGJLR": "",
    "PTGJLRTBZZ": "",
    "KCFJCXSYHPTGJLR": "",
    "KCFJCXSYHPTGJLRTBZZ": "",
    "JYXJLLJE": "",
    "MGJYXJLLJE": "",
    "ZCZE": "",
    "GDQY": "",
    "MGJZCPL": "",
    "PTGMGJZC": "",
    "GJKJZEJLR": "",
    "GJKJZZJZC": ""
  }
]

=== 300685-2026-04-16-艾德生物-2025年年度报告_mgsy.pdf ===
【模块一】
[
  {
    "JZRQ": "2025-12-31",
    "JBMGSY": "0.91",
    "XSMGSY": "0.90",
    "JBMGSYKC": "0.86",
    "XSMGSYKC": "0.86",
    "JLRJZCSYLJQ": "18.55",
    "KCHJLRJZCSYLJQ": "17.63",
    "PTGJZCSYLJQ": "",
    "KCPTGJZCSYLJQ": "",
    "YYZSR": "",
    "YYZSRTBZZ": "",
    "YYSR": "",
    "YYSRTBZZ": "",
    "YYSRKCJE": "",
    "KCHYYSR": "",
    "KCHYYSRTBZZ": "",
    "JLRHJ": "",
    "JLRHJTBZZ": "",
    "JLR": "",
    "JLRTBZZ": "",
    "FJCXSY": "",
    "KCFJYXSYHDJLR": "",
    "KCFJYXSYHDJLRTBZZ": "",
    "PTGJLR": "",
    "PTGJLRTBZZ": "",
    "KCFJCXSYHPTGJLR": "",
    "KCFJCXSYHPTGJLRTBZZ": "",
    "JYXJLLJE": "",
    "MGJYXJLLJE": "",
    "ZCZE": "",
    "GDQY": "",
    "MGJZCPL": "",
    "PTGMGJZC": "",
    "GJKJZEJLR": "",
    "GJKJZZJZC": ""
  }
]

=== 300618-2026-04-16-寒锐钴业-2025年年度报告_mgsy.pdf ===
【模块一】
[
  {
    "JZRQ": "2025-12-31",
    "JBMGSY": "0.82",
    "XSMGSY": "0.82",
    "JBMGSYKC": "0.81",
    "XSMGSYKC": "",
    "JLRJZCSYLJQ": "4.65",
    "KCHJLRJZCSYLJQ": "4.57",
    "PTGJZCSYLJQ": "",
    "KCPTGJZCSYLJQ": "",
    "YYZSR": "",
    "YYZSRTBZZ": "",
    "YYSR": "",
    "YYSRTBZZ": "",
    "YYSRKCJE": "",
    "KCHYYSR": "",
    "KCHYYSRTBZZ": "",
    "JLRHJ": "",
    "JLRHJTBZZ": "",
    "JLR": "",
    "JLRTBZZ": "",
    "FJCXSY": "",
    "KCFJYXSYHDJLR": "",
    "KCFJYXSYHDJLRTBZZ": "",
    "PTGJLR": "",
    "PTGJLRTBZZ": "",
    "KCFJCXSYHPTGJLR": "",
    "KCFJCXSYHPTGJLRTBZZ": "",
    "JYXJLLJE": "",
    "MGJYXJLLJE": "",
    "ZCZE": "",
    "GDQY": "",
    "MGJZCPL": "",
    "PTGMGJZC": "",
    "GJKJZEJLR": "",
    "GJKJZZJZC": ""
  }
]

=== 300717-2026-04-16-华信新材-2025年年度报告_mgsy.pdf ===
【模块一】
[
  {
    "JZRQ": "2025-12-31",
    "JBMGSY": "0.54",
    "XSMGSY": "0.54",
    "JBMGSYKC": "0.53",
    "XSMGSYKC": "",
    "JLRJZCSYLJQ": "7.64",
    "KCHJLRJZCSYLJQ": "7.55",
    "PTGJZCSYLJQ": "",
    "KCPTGJZCSYLJQ": "",
    "YYZSR": "",
    "YYZSRTBZZ": "",
    "YYSR": "",
    "YYSRTBZZ": "",
    "YYSRKCJE": "",
    "KCHYYSR": "",
    "KCHYYSRTBZZ": "",
    "JLRHJ": "",
    "JLRHJTBZZ": "",
    "JLR": "",
    "JLRTBZZ": "",
    "FJCXSY": "",
    "KCFJYXSYHDJLR": "",
    "KCFJYXSYHDJLRTBZZ": "",
    "PTGJLR": "",
    "PTGJLRTBZZ": "",
    "KCFJCXSYHPTGJLR": "",
    "KCFJCXSYHPTGJLRTBZZ": "",
    "JYXJLLJE": "",
    "MGJYXJLLJE": "",
    "ZCZE": "",
    "GDQY": "",
    "MGJZCPL": "",
    "PTGMGJZC": "",
    "GJKJZEJLR": "",
    "GJKJZZJZC": ""
  }
]

=== 300732-2026-04-16-设研院-2025年年度报告_mgsy.pdf ===
【模块一】
[
  {
    "JZRQ": "2025-12-31",
    "JBMGSY": "-0.49",
    "XSMGSY": "-0.49",
    "JBMGSYKC": "-0.51",
    "XSMGSYKC": "",
    "JLRJZCSYLJQ": "",
    "KCHJLRJZCSYLJQ": "",
    "PTGJZCSYLJQ": "-6.44",
    "KCPTGJZCSYLJQ": "-6.72",
    "YYZSR": "",
    "YYZSRTBZZ": "",
    "YYSR": "",
    "YYSRTBZZ": "",
    "YYSRKCJE": "",
    "KCHYYSR": "",
    "KCHYYSRTBZZ": "",
    "JLRHJ": "",
    "JLRHJTBZZ": "",
    "JLR": "",
    "JLRTBZZ": "",
    "FJCXSY": "",
    "KCFJYXSYHDJLR": "",
    "KCFJYXSYHDJLRTBZZ": "",
    "PTGJLR": "",
    "PTGJLRTBZZ": "",
    "KCFJCXSYHPTGJLR": "",
    "KCFJCXSYHPTGJLRTBZZ": "",
    "JYXJLLJE": "",
    "MGJYXJLLJE": "",
    "ZCZE": "",
    "GDQY": "",
    "MGJZCPL": "",
    "PTGMGJZC": "",
    "GJKJZEJLR": "",
    "GJKJZZJZC": ""
  }
]

=== 300967-2026-04-16-晓鸣股份-2025年年度报告_mgsy.pdf ===
【模块一】
[
  {
    "JZRQ": "2025-12-31",
    "JBMGSY": "0.46",
    "XSMGSY": "0.46",
    "JBMGSYKC": "0.42",
    "XSMGSYKC": "",
    "JLRJZCSYLJQ": "",
    "KCHJLRJZCSYLJQ": "",
    "PTGJZCSYLJQ": "10.82",
    "KCPTGJZCSYLJQ": "10.02",
    "YYZSR": "",
    "YYZSRTBZZ": "",
    "YYSR": "",
    "YYSRTBZZ": "",
    "YYSRKCJE": "",
    "KCHYYSR": "",
    "KCHYYSRTBZZ": "",
    "JLRHJ": "",
    "JLRHJTBZZ": "",
    "JLR": "",
    "JLRTBZZ": "",
    "FJCXSY": "",
    "KCFJYXSYHDJLR": "",
    "KCFJYXSYHDJLRTBZZ": "",
    "PTGJLR": "",
    "PTGJLRTBZZ": "",
    "KCFJCXSYHPTGJLR": "",
    "KCFJCXSYHPTGJLRTBZZ": "",
    "JYXJLLJE": "",
    "MGJYXJLLJE": "",
    "ZCZE": "",
    "GDQY": "",
    "MGJZCPL": "",
    "PTGMGJZC": "",
    "GJKJZEJLR": "",
    "GJKJZZJZC": ""
  }
]

=== 300886-2026-04-16-华业香料-2025年年度报告_mgsy.pdf ===
【模块一】
[
  {
    "JZRQ": "2025-12-31",
    "JBMGSY": "0.4045",
    "XSMGSY": "0.4045",
    "JBMGSYKC": "0.39",
    "XSMGSYKC": "",
    "JLRJZCSYLJQ": "5.22",
    "KCHJLRJZCSYLJQ": "5.06",
    "PTGJZCSYLJQ": "",
    "KCPTGJZCSYLJQ": "",
    "YYZSR": "",
    "YYZSRTBZZ": "",
    "YYSR": "",
    "YYSRTBZZ": "",
    "YYSRKCJE": "",
    "KCHYYSR": "",
    "KCHYYSRTBZZ": "",
    "JLRHJ": "",
    "JLRHJTBZZ": "",
    "JLR": "",
    "JLRTBZZ": "",
    "FJCXSY": "",
    "KCFJYXSYHDJLR": "",
    "KCFJYXSYHDJLRTBZZ": "",
    "PTGJLR": "",
    "PTGJLRTBZZ": "",
    "KCFJCXSYHPTGJLR": "",
    "KCFJCXSYHPTGJLRTBZZ": "",
    "JYXJLLJE": "",
    "MGJYXJLLJE": "",
    "ZCZE": "",
    "GDQY": "",
    "MGJZCPL": "",
    "PTGMGJZC": "",
    "GJKJZEJLR": "",
    "GJKJZZJZC": ""
  }
]

=== 300918-2026-04-16-南山智尚-2025年年度报告_mgsy.pdf ===
【模块一】
[
  {
    "JZRQ": "2025-12-31",
    "JBMGSY": "0.28",
    "XSMGSY": "0.28",
    "JBMGSYKC": "0.27",
    "XSMGSYKC": "",
    "JLRJZCSYLJQ": "3.93",
    "KCHJLRJZCSYLJQ": "3.72",
    "PTGJZCSYLJQ": "",
    "KCPTGJZCSYLJQ": "",
    "YYZSR": "",
    "YYZSRTBZZ": "",
    "YYSR": "",
    "YYSRTBZZ": "",
    "YYSRKCJE": "",
    "KCHYYSR": "",
    "KCHYYSRTBZZ": "",
    "JLRHJ": "",
    "JLRHJTBZZ": "",
    "JLR": "",
    "JLRTBZZ": "",
    "FJCXSY": "",
    "KCFJYXSYHDJLR": "",
    "KCFJYXSYHDJLRTBZZ": "",
    "PTGJLR": "",
    "PTGJLRTBZZ": "",
    "KCFJCXSYHPTGJLR": "",
    "KCFJCXSYHPTGJLRTBZZ": "",
    "JYXJLLJE": "",
    "MGJYXJLLJE": "",
    "ZCZE": "",
    "GDQY": "",
    "MGJZCPL": "",
    "PTGMGJZC": "",
    "GJKJZEJLR": "",
    "GJKJZZJZC": ""
  }
]

=== 301281-2026-04-16-科源制药-2025年年度报告_mgsy.pdf ===
【模块一】
[
  {
    "JZRQ": "2025-12-31",
    "JBMGSY": "0.15",
    "XSMGSY": "0.15",
    "JBMGSYKC": "0.19",
    "XSMGSYKC": "",
    "JLRJZCSYLJQ": "1.22",
    "KCHJLRJZCSYLJQ": "1.55",
    "PTGJZCSYLJQ": "",
    "KCPTGJZCSYLJQ": "",
    "YYZSR": "",
    "YYZSRTBZZ": "",
    "YYSR": "",
    "YYSRTBZZ": "",
    "YYSRKCJE": "",
    "KCHYYSR": "",
    "KCHYYSRTBZZ": "",
    "JLRHJ": "",
    "JLRHJTBZZ": "",
    "JLR": "",
    "JLRTBZZ": "",
    "FJCXSY": "",
    "KCFJYXSYHDJLR": "",
    "KCFJYXSYHDJLRTBZZ": "",
    "PTGJLR": "",
    "PTGJLRTBZZ": "",
    "KCFJCXSYHPTGJLR": "",
    "KCFJCXSYHPTGJLRTBZZ": "",
    "JYXJLLJE": "",
    "MGJYXJLLJE": "",
    "ZCZE": "",
    "GDQY": "",
    "MGJZCPL": "",
    "PTGMGJZC": "",
    "GJKJZEJLR": "",
    "GJKJZZJZC": ""
  }
]

=== 301128-2026-04-16-强瑞技术-2025年年度报告_mgsy.pdf ===
【模块一】
[
  {
    "JZRQ": "2025-12-31",
    "JBMGSY": "1.3694",
    "XSMGSY": "1.3694",
    "JBMGSYKC": "1.3015",
    "XSMGSYKC": "",
    "JLRJZCSYLJQ": "15.02",
    "KCHJLRJZCSYLJQ": "14.28",
    "PTGJZCSYLJQ": "",
    "KCPTGJZCSYLJQ": "",
    "YYZSR": "",
    "YYZSRTBZZ": "",
    "YYSR": "",
    "YYSRTBZZ": "",
    "YYSRKCJE": "",
    "KCHYYSR": "",
    "KCHYYSRTBZZ": "",
    "JLRHJ": "",
    "JLRHJTBZZ": "",
    "JLR": "",
    "JLRTBZZ": "",
    "FJCXSY": "",
    "KCFJYXSYHDJLR": "",
    "KCFJYXSYHDJLRTBZZ": "",
    "PTGJLR": "",
    "PTGJLRTBZZ": "",
    "KCFJCXSYHPTGJLR": "",
    "KCFJCXSYHPTGJLRTBZZ": "",
    "JYXJLLJE": "",
    "MGJYXJLLJE": "",
    "ZCZE": "",
    "GDQY": "",
    "MGJZCPL": "",
    "PTGMGJZC": "",
    "GJKJZEJLR": "",
    "GJKJZZJZC": ""
  }
]

=== 301283-2026-04-16-聚胶股份-2025年年度报告_mgsy.pdf ===
【模块一】
[
  {
    "JZRQ": "2025-12-31",
    "JBMGSY": "2.41",
    "XSMGSY": "2.39",
    "JBMGSYKC": "",
    "XSMGSYKC": "",
    "JLRJZCSYLJQ": "",
    "KCHJLRJZCSYLJQ": "",
    "PTGJZCSYLJQ": "11.93",
    "KCPTGJZCSYLJQ": "11.58",
    "YYZSR": "",
    "YYZSRTBZZ": "",
    "YYSR": "",
    "YYSRTBZZ": "",
    "YYSRKCJE": "",
    "KCHYYSR": "",
    "KCHYYSRTBZZ": "",
    "JLRHJ": "",
    "JLRHJTBZZ": "",
    "JLR": "",
    "JLRTBZZ": "",
    "FJCXSY": "",
    "KCFJYXSYHDJLR": "",
    "KCFJYXSYHDJLRTBZZ": "",
    "PTGJLR": "",
    "PTGJLRTBZZ": "",
    "KCFJCXSYHPTGJLR": "",
    "KCFJCXSYHPTGJLRTBZZ": "",
    "JYXJLLJE": "",
    "MGJYXJLLJE": "",
    "ZCZE": "",
    "GDQY": "",
    "MGJZCPL": "",
    "PTGMGJZC": "",
    "GJKJZEJLR": "",
    "GJKJZZJZC": ""
  }
]

=== 301286-2026-04-16-侨源股份-2025年年度报告_mgsy.pdf ===
【模块一】
[
  {
    "JZRQ": "2025-12-31",
    "JBMGSY": "0.5860",
    "XSMGSY": "0.5860",
    "JBMGSYKC": "0.5571",
    "XSMGSYKC": "",
    "JLRJZCSYLJQ": "12.52",
    "KCHJLRJZCSYLJQ": "11.90",
    "PTGJZCSYLJQ": "",
    "KCPTGJZCSYLJQ": "",
    "YYZSR": "",
    "YYZSRTBZZ": "",
    "YYSR": "",
    "YYSRTBZZ": "",
    "YYSRKCJE": "",
    "KCHYYSR": "",
    "KCHYYSRTBZZ": "",
    "JLRHJ": "",
    "JLRHJTBZZ": "",
    "JLR": "",
    "JLRTBZZ": "",
    "FJCXSY": "",
    "KCFJYXSYHDJLR": "",
    "KCFJYXSYHDJLRTBZZ": "",
    "PTGJLR": "",
    "PTGJLRTBZZ": "",
    "KCFJCXSYHPTGJLR": "",
    "KCFJCXSYHPTGJLRTBZZ": "",
    "JYXJLLJE": "",
    "MGJYXJLLJE": "",
    "ZCZE": "",
    "GDQY": "",
    "MGJZCPL": "",
    "PTGMGJZC": "",
    "GJKJZEJLR": "",
    "GJKJZZJZC": ""
  }
]

=== 301366-2026-04-16-一博科技-2025年年度报告_mgsy.pdf ===
【模块一】
[
  {
    "JZRQ": "2025-12-31",
    "JBMGSY": "0.1401",
    "XSMGSY": "0.1401",
    "JBMGSYKC": "0.0717",
    "XSMGSYKC": "",
    "JLRJZCSYLJQ": "",
    "KCHJLRJZCSYLJQ": "",
    "PTGJZCSYLJQ": "1.35",
    "KCPTGJZCSYLJQ": "0.69",
    "YYZSR": "",
    "YYZSRTBZZ": "",
    "YYSR": "",
    "YYSRTBZZ": "",
    "YYSRKCJE": "",
    "KCHYYSR": "",
    "KCHYYSRTBZZ": "",
    "JLRHJ": "",
    "JLRHJTBZZ": "",
    "JLR": "",
    "JLRTBZZ": "",
    "FJCXSY": "",
    "KCFJYXSYHDJLR": "",
    "KCFJYXSYHDJLRTBZZ": "",
    "PTGJLR": "",
    "PTGJLRTBZZ": "",
    "KCFJCXSYHPTGJLR": "",
    "KCFJCXSYHPTGJLRTBZZ": "",
    "JYXJLLJE": "",
    "MGJYXJLLJE": "",
    "ZCZE": "",
    "GDQY": "",
    "MGJZCPL": "",
    "PTGMGJZC": "",
    "GJKJZEJLR": "",
    "GJKJZZJZC": ""
  }
]

=== 600089-2026-04-16-特变电工-特变电工股份有限公司2025年年度报告_mgsy.pdf ===
【模块一】
[
  {
    "JZRQ": "2025-12-31",
    "JBMGSY": "1.1610",
    "XSMGSY": "1.1610",
    "JBMGSYKC": "0.8821",
    "XSMGSYKC": "",
    "JLRJZCSYLJQ": "8.7546",
    "KCHJLRJZCSYLJQ": "6.6516",
    "PTGJZCSYLJQ": "8.7546",
    "KCPTGJZCSYLJQ": "6.6516",
    "YYZSR": "",
    "YYZSRTBZZ": "",
    "YYSR": "",
    "YYSRTBZZ": "",
    "YYSRKCJE": "",
    "KCHYYSR": "",
    "KCHYYSRTBZZ": "",
    "JLRHJ": "",
    "JLRHJTBZZ": "",
    "JLR": "",
    "JLRTBZZ": "",
    "FJCXSY": "",
    "KCFJYXSYHDJLR": "",
    "KCFJYXSYHDJLRTBZZ": "",
    "PTGJLR": "",
    "PTGJLRTBZZ": "",
    "KCFJCXSYHPTGJLR": "",
    "KCFJCXSYHPTGJLRTBZZ": "",
    "JYXJLLJE": "",
    "MGJYXJLLJE": "",
    "ZCZE": "",
    "GDQY": "",
    "MGJZCPL": "",
    "PTGMGJZC": "",
    "GJKJZEJLR": "",
    "GJKJZZJZC": ""
  }
]

=== 301373-2026-04-16-凌玮科技-2025年年度报告_mgsy.pdf ===
【模块一】
[
  {
    "JZRQ": "2025-12-31",
    "JBMGSY": "1.27",
    "XSMGSY": "1.27",
    "JBMGSYKC": "1.15",
    "XSMGSYKC": "",
    "JLRJZCSYLJQ": "",
    "KCHJLRJZCSYLJQ": "",
    "PTGJZCSYLJQ": "8.41",
    "KCPTGJZCSYLJQ": "7.63",
    "YYZSR": "",
    "YYZSRTBZZ": "",
    "YYSR": "",
    "YYSRTBZZ": "",
    "YYSRKCJE": "",
    "KCHYYSR": "",
    "KCHYYSRTBZZ": "",
    "JLRHJ": "",
    "JLRHJTBZZ": "",
    "JLR": "",
    "JLRTBZZ": "",
    "FJCXSY": "",
    "KCFJYXSYHDJLR": "",
    "KCFJYXSYHDJLRTBZZ": "",
    "PTGJLR": "",
    "PTGJLRTBZZ": "",
    "KCFJCXSYHPTGJLR": "",
    "KCFJCXSYHPTGJLRTBZZ": "",
    "JYXJLLJE": "",
    "MGJYXJLLJE": "",
    "ZCZE": "",
    "GDQY": "",
    "MGJZCPL": "",
    "PTGMGJZC": "",
    "GJKJZEJLR": "",
    "GJKJZZJZC": ""
  }
]

=== 600283-2026-04-16-钱江水利-钱江水利2025年年度报告_mgsy.pdf ===
【模块一】
[
  {
    "JZRQ": "2025-12-31",
    "JBMGSY": "0.43",
    "XSMGSY": "0.43",
    "JBMGSYKC": "0.35",
    "XSMGSYKC": "",
    "JLRJZCSYLJQ": "",
    "KCHJLRJZCSYLJQ": "",
    "PTGJZCSYLJQ": "6.94",
    "KCPTGJZCSYLJQ": "5.58",
    "YYZSR": "",
    "YYZSRTBZZ": "",
    "YYSR": "",
    "YYSRTBZZ": "",
    "YYSRKCJE": "",
    "KCHYYSR": "",
    "KCHYYSRTBZZ": "",
    "JLRHJ": "",
    "JLRHJTBZZ": "",
    "JLR": "",
    "JLRTBZZ": "",
    "FJCXSY": "",
    "KCFJYXSYHDJLR": "",
    "KCFJYXSYHDJLRTBZZ": "",
    "PTGJLR": "",
    "PTGJLRTBZZ": "",
    "KCFJCXSYHPTGJLR": "",
    "KCFJCXSYHPTGJLRTBZZ": "",
    "JYXJLLJE": "",
    "MGJYXJLLJE": "",
    "ZCZE": "",
    "GDQY": "",
    "MGJZCPL": "",
    "PTGMGJZC": "",
    "GJKJZEJLR": "",
    "GJKJZZJZC": ""
  }
]

=== 600371-2026-04-16-万向德农-万向德农股份有限公司2025年年度报告_mgsy.pdf ===
【模块一】
[
  {
    "JZRQ": "2025-12-31",
    "JBMGSY": "0.02",
    "XSMGSY": "0.02",
    "JBMGSYKC": "0.01",
    "XSMGSYKC": "",
    "JLRJZCSYLJQ": "1.00",
    "KCHJLRJZCSYLJQ": "0.60",
    "PTGJZCSYLJQ": "",
    "KCPTGJZCSYLJQ": "",
    "YYZSR": "",
    "YYZSRTBZZ": "",
    "YYSR": "",
    "YYSRTBZZ": "",
    "YYSRKCJE": "",
    "KCHYYSR": "",
    "KCHYYSRTBZZ": "",
    "JLRHJ": "",
    "JLRHJTBZZ": "",
    "JLR": "",
    "JLRTBZZ": "",
    "FJCXSY": "",
    "KCFJYXSYHDJLR": "",
    "KCFJYXSYHDJLRTBZZ": "",
    "PTGJLR": "",
    "PTGJLRTBZZ": "",
    "KCFJCXSYHPTGJLR": "",
    "KCFJCXSYHPTGJLRTBZZ": "",
    "JYXJLLJE": "",
    "MGJYXJLLJE": "",
    "ZCZE": "",
    "GDQY": "",
    "MGJZCPL": "",
    "PTGMGJZC": "",
    "GJKJZEJLR": "",
    "GJKJZZJZC": ""
  }
]

=== 600461-2026-04-16-洪城环境-江西洪城环境股份有限公司2025年年度报告_mgsy.pdf ===
【模块一】
[
  {
    "JZRQ": "2025-12-31",
    "JBMGSY": "0.93",
    "XSMGSY": "0.82",
    "JBMGSYKC": "0.92",
    "XSMGSYKC": "0.8",
    "JLRJZCSYLJQ": "",
    "KCHJLRJZCSYLJQ": "",
    "PTGJZCSYLJQ": "12.44",
    "KCPTGJZCSYLJQ": "12.25",
    "YYZSR": "",
    "YYZSRTBZZ": "",
    "YYSR": "",
    "YYSRTBZZ": "",
    "YYSRKCJE": "",
    "KCHYYSR": "",
    "KCHYYSRTBZZ": "",
    "JLRHJ": "",
    "JLRHJTBZZ": "",
    "JLR": "",
    "JLRTBZZ": "",
    "FJCXSY": "",
    "KCFJYXSYHDJLR": "",
    "KCFJYXSYHDJLRTBZZ": "",
    "PTGJLR": "",
    "PTGJLRTBZZ": "",
    "KCFJCXSYHPTGJLR": "",
    "KCFJCXSYHPTGJLRTBZZ": "",
    "JYXJLLJE": "",
    "MGJYXJLLJE": "",
    "ZCZE": "",
    "GDQY": "",
    "MGJZCPL": "",
    "PTGMGJZC": "",
    "GJKJZEJLR": "",
    "GJKJZZJZC": ""
  }
]

=== 600386-2026-04-16-北巴传媒-北京巴士传媒股份有限公司2025年年度报告_mgsy.pdf ===
【模块一】
[
  {
    "JZRQ": "2025-12-31",
    "JBMGSY": "-0.013",
    "XSMGSY": "",
    "JBMGSYKC": "-0.033",
    "XSMGSYKC": "",
    "JLRJZCSYLJQ": "",
    "KCHJLRJZCSYLJQ": "",
    "PTGJZCSYLJQ": "-0.60",
    "KCPTGJZCSYLJQ": "-1.54",
    "YYZSR": "",
    "YYZSRTBZZ": "",
    "YYSR": "",
    "YYSRTBZZ": "",
    "YYSRKCJE": "",
    "KCHYYSR": "",
    "KCHYYSRTBZZ": "",
    "JLRHJ": "",
    "JLRHJTBZZ": "",
    "JLR": "",
    "JLRTBZZ": "",
    "FJCXSY": "",
    "KCFJYXSYHDJLR": "",
    "KCFJYXSYHDJLRTBZZ": "",
    "PTGJLR": "",
    "PTGJLRTBZZ": "",
    "KCFJCXSYHPTGJLR": "",
    "KCFJCXSYHPTGJLRTBZZ": "",
    "JYXJLLJE": "",
    "MGJYXJLLJE": "",
    "ZCZE": "",
    "GDQY": "",
    "MGJZCPL": "",
    "PTGMGJZC": "",
    "GJKJZEJLR": "",
    "GJKJZZJZC": ""
  }
]

=== 600666-2026-04-16-奥瑞德-奥瑞德2025年年度报告_mgsy.pdf ===
【模块一】
[
  {
    "JZRQ": "2025-12-31",
    "JBMGSY": "0.0519",
    "XSMGSY": "0.0519",
    "JBMGSYKC": "-0.0562",
    "XSMGSYKC": "-0.0562",
    "JLRJZCSYLJQ": "",
    "KCHJLRJZCSYLJQ": "",
    "PTGJZCSYLJQ": "15.50",
    "KCPTGJZCSYLJQ": "-16.80",
    "YYZSR": "",
    "YYZSRTBZZ": "",
    "YYSR": "",
    "YYSRTBZZ": "",
    "YYSRKCJE": "",
    "KCHYYSR": "",
    "KCHYYSRTBZZ": "",
    "JLRHJ": "",
    "JLRHJTBZZ": "",
    "JLR": "",
    "JLRTBZZ": "",
    "FJCXSY": "",
    "KCFJYXSYHDJLR": "",
    "KCFJYXSYHDJLRTBZZ": "",
    "PTGJLR": "",
    "PTGJLRTBZZ": "",
    "KCFJCXSYHPTGJLR": "",
    "KCFJCXSYHPTGJLRTBZZ": "",
    "JYXJLLJE": "",
    "MGJYXJLLJE": "",
    "ZCZE": "",
    "GDQY": "",
    "MGJZCPL": "",
    "PTGMGJZC": "",
    "GJKJZEJLR": "",
    "GJKJZZJZC": ""
  }
]

=== 600707-2026-04-16-彩虹股份-彩虹股份2025年年度报告_mgsy.pdf ===
【模块一】
[
  {
    "JZRQ": "2025-12-31",
    "JBMGSY": "0.104",
    "XSMGSY": "0.104",
    "JBMGSYKC": "0.065",
    "XSMGSYKC": "",
    "JLRJZCSYLJQ": "",
    "KCHJLRJZCSYLJQ": "",
    "PTGJZCSYLJQ": "1.744",
    "KCPTGJZCSYLJQ": "1.079",
    "YYZSR": "",
    "YYZSRTBZZ": "",
    "YYSR": "",
    "YYSRTBZZ": "",
    "YYSRKCJE": "",
    "KCHYYSR": "",
    "KCHYYSRTBZZ": "",
    "JLRHJ": "",
    "JLRHJTBZZ": "",
    "JLR": "",
    "JLRTBZZ": "",
    "FJCXSY": "",
    "KCFJYXSYHDJLR": "",
    "KCFJYXSYHDJLRTBZZ": "",
    "PTGJLR": "",
    "PTGJLRTBZZ": "",
    "KCFJCXSYHPTGJLR": "",
    "KCFJCXSYHPTGJLRTBZZ": "",
    "JYXJLLJE": "",
    "MGJYXJLLJE": "",
    "ZCZE": "",
    "GDQY": "",
    "MGJZCPL": "",
    "PTGMGJZC": "",
    "GJKJZEJLR": "",
    "GJKJZZJZC": ""
  }
]

=== 600757-2026-04-16-长江传媒-长江传媒2025年年度报告_mgsy.pdf ===
【模块一】
[
  {
    "JZRQ": "2025-12-31",
    "JBMGSY": "0.84",
    "XSMGSY": "0.84",
    "JBMGSYKC": "0.78",
    "XSMGSYKC": "",
    "JLRJZCSYLJQ": "10.44",
    "KCHJLRJZCSYLJQ": "9.71",
    "PTGJZCSYLJQ": "",
    "KCPTGJZCSYLJQ": "",
    "YYZSR": "",
    "YYZSRTBZZ": "",
    "YYSR": "",
    "YYSRTBZZ": "",
    "YYSRKCJE": "",
    "KCHYYSR": "",
    "KCHYYSRTBZZ": "",
    "JLRHJ": "",
    "JLRHJTBZZ": "",
    "JLR": "",
    "JLRTBZZ": "",
    "FJCXSY": "",
    "KCFJYXSYHDJLR": "",
    "KCFJYXSYHDJLRTBZZ": "",
    "PTGJLR": "",
    "PTGJLRTBZZ": "",
    "KCFJCXSYHPTGJLR": "",
    "KCFJCXSYHPTGJLRTBZZ": "",
    "JYXJLLJE": "",
    "MGJYXJLLJE": "",
    "ZCZE": "",
    "GDQY": "",
    "MGJZCPL": "",
    "PTGMGJZC": "",
    "GJKJZEJLR": "",
    "GJKJZZJZC": ""
  }
]

=== 600854-2026-04-16-春兰股份-600854_春兰股份_2025年_年度报告_mgsy.pdf ===
【模块一】
[
  {
    "JZRQ": "2025-12-31",
    "JBMGSY": "0.2457",
    "XSMGSY": "0.2457",
    "JBMGSYKC": "0.2364",
    "XSMGSYKC": "",
    "JLRJZCSYLJQ": "5.2420",
    "KCHJLRJZCSYLJQ": "5.0443",
    "PTGJZCSYLJQ": "",
    "KCPTGJZCSYLJQ": "",
    "YYZSR": "",
    "YYZSRTBZZ": "",
    "YYSR": "",
    "YYSRTBZZ": "",
    "YYSRKCJE": "",
    "KCHYYSR": "",
    "KCHYYSRTBZZ": "",
    "JLRHJ": "",
    "JLRHJTBZZ": "",
    "JLR": "",
    "JLRTBZZ": "",
    "FJCXSY": "",
    "KCFJYXSYHDJLR": "",
    "KCFJYXSYHDJLRTBZZ": "",
    "PTGJLR": "",
    "PTGJLRTBZZ": "",
    "KCFJCXSYHPTGJLR": "",
    "KCFJCXSYHPTGJLRTBZZ": "",
    "JYXJLLJE": "",
    "MGJYXJLLJE": "",
    "ZCZE": "",
    "GDQY": "",
    "MGJZCPL": "",
    "PTGMGJZC": "",
    "GJKJZEJLR": "",
    "GJKJZZJZC": ""
  }
]

=== 600935-2026-04-16-华塑股份-安徽华塑股份有限公司2025年年度报告_mgsy.pdf ===
【模块一】
[
  {
    "JZRQ": "2025-12-31",
    "JBMGSY": "-0.04",
    "XSMGSY": "-0.04",
    "JBMGSYKC": "-0.05",
    "XSMGSYKC": "",
    "JLRJZCSYLJQ": "",
    "KCHJLRJZCSYLJQ": "",
    "PTGJZCSYLJQ": "-2.64",
    "KCPTGJZCSYLJQ": "-2.95",
    "YYZSR": "",
    "YYZSRTBZZ": "",
    "YYSR": "",
    "YYSRTBZZ": "",
    "YYSRKCJE": "",
    "KCHYYSR": "",
    "KCHYYSRTBZZ": "",
    "JLRHJ": "",
    "JLRHJTBZZ": "",
    "JLR": "",
    "JLRTBZZ": "",
    "FJCXSY": "",
    "KCFJYXSYHDJLR": "",
    "KCFJYXSYHDJLRTBZZ": "",
    "PTGJLR": "",
    "PTGJLRTBZZ": "",
    "KCFJCXSYHPTGJLR": "",
    "KCFJCXSYHPTGJLRTBZZ": "",
    "JYXJLLJE": "",
    "MGJYXJLLJE": "",
    "ZCZE": "",
    "GDQY": "",
    "MGJZCPL": "",
    "PTGMGJZC": "",
    "GJKJZEJLR": "",
    "GJKJZZJZC": ""
  }
]

=== 601339-2026-04-16-百隆东方-百隆东方2025年度报告_mgsy.pdf ===
【模块一】
[
  {
    "JZRQ": "2025-12-31",
    "JBMGSY": "0.44",
    "XSMGSY": "0.44",
    "JBMGSYKC": "0.41",
    "XSMGSYKC": "",
    "JLRJZCSYLJQ": "6.99",
    "KCHJLRJZCSYLJQ": "6.52",
    "PTGJZCSYLJQ": "",
    "KCPTGJZCSYLJQ": "",
    "YYZSR": "",
    "YYZSRTBZZ": "",
    "YYSR": "",
    "YYSRTBZZ": "",
    "YYSRKCJE": "",
    "KCHYYSR": "",
    "KCHYYSRTBZZ": "",
    "JLRHJ": "",
    "JLRHJTBZZ": "",
    "JLR": "",
    "JLRTBZZ": "",
    "FJCXSY": "",
    "KCFJYXSYHDJLR": "",
    "KCFJYXSYHDJLRTBZZ": "",
    "PTGJLR": "",
    "PTGJLRTBZZ": "",
    "KCFJCXSYHPTGJLR": "",
    "KCFJCXSYHPTGJLRTBZZ": "",
    "JYXJLLJE": "",
    "MGJYXJLLJE": "",
    "ZCZE": "",
    "GDQY": "",
    "MGJZCPL": "",
    "PTGMGJZC": "",
    "GJKJZEJLR": "",
    "GJKJZZJZC": ""
  }
]

=== 603075-2026-04-16-热威股份-2025年年度报告_mgsy.pdf ===
【模块一】
[
  {
    "JZRQ": "2025-12-31",
    "JBMGSY": "0.81",
    "XSMGSY": "0.81",
    "JBMGSYKC": "0.79",
    "XSMGSYKC": "0.78",
    "JLRJZCSYLJQ": "",
    "KCHJLRJZCSYLJQ": "",
    "PTGJZCSYLJQ": "15.33",
    "KCPTGJZCSYLJQ": "14.92",
    "YYZSR": "",
    "YYZSRTBZZ": "",
    "YYSR": "",
    "YYSRTBZZ": "",
    "YYSRKCJE": "",
    "KCHYYSR": "",
    "KCHYYSRTBZZ": "",
    "JLRHJ": "",
    "JLRHJTBZZ": "",
    "JLR": "",
    "JLRTBZZ": "",
    "FJCXSY": "",
    "KCFJYXSYHDJLR": "",
    "KCFJYXSYHDJLRTBZZ": "",
    "PTGJLR": "",
    "PTGJLRTBZZ": "",
    "KCFJCXSYHPTGJLR": "",
    "KCFJCXSYHPTGJLRTBZZ": "",
    "JYXJLLJE": "",
    "MGJYXJLLJE": "",
    "ZCZE": "",
    "GDQY": "",
    "MGJZCPL": "",
    "PTGMGJZC": "",
    "GJKJZEJLR": "",
    "GJKJZZJZC": ""
  }
]

=== 601877-2026-04-16-正泰电器-正泰电器2025年年度报告_mgsy.pdf ===
【模块一】
[
  {
    "JZRQ": "2025-12-31",
    "JBMGSY": "2.10",
    "XSMGSY": "2.10",
    "JBMGSYKC": "1.88",
    "XSMGSYKC": "",
    "JLRJZCSYLJQ": "",
    "KCHJLRJZCSYLJQ": "",
    "PTGJZCSYLJQ": "10.35",
    "KCPTGJZCSYLJQ": "9.26",
    "YYZSR": "",
    "YYZSRTBZZ": "",
    "YYSR": "",
    "YYSRTBZZ": "",
    "YYSRKCJE": "",
    "KCHYYSR": "",
    "KCHYYSRTBZZ": "",
    "JLRHJ": "",
    "JLRHJTBZZ": "",
    "JLR": "",
    "JLRTBZZ": "",
    "FJCXSY": "",
    "KCFJYXSYHDJLR": "",
    "KCFJYXSYHDJLRTBZZ": "",
    "PTGJLR": "",
    "PTGJLRTBZZ": "",
    "KCFJCXSYHPTGJLR": "",
    "KCFJCXSYHPTGJLRTBZZ": "",
    "JYXJLLJE": "",
    "MGJYXJLLJE": "",
    "ZCZE": "",
    "GDQY": "",
    "MGJZCPL": "",
    "PTGMGJZC": "",
    "GJKJZEJLR": "",
    "GJKJZZJZC": ""
  }
]

=== 603102-2026-04-16-百合股份-威海百合生物技术股份有限公司2025年年度报告_mgsy.pdf ===
【模块一】
[
  {
    "JZRQ": "2025-12-31",
    "JBMGSY": "2.05",
    "XSMGSY": "2.05",
    "JBMGSYKC": "1.96",
    "XSMGSYKC": "",
    "JLRJZCSYLJQ": "7.72",
    "KCHJLRJZCSYLJQ": "7.37",
    "PTGJZCSYLJQ": "",
    "KCPTGJZCSYLJQ": "",
    "YYZSR": "",
    "YYZSRTBZZ": "",
    "YYSR": "",
    "YYSRTBZZ": "",
    "YYSRKCJE": "",
    "KCHYYSR": "",
    "KCHYYSRTBZZ": "",
    "JLRHJ": "",
    "JLRHJTBZZ": "",
    "JLR": "",
    "JLRTBZZ": "",
    "FJCXSY": "",
    "KCFJYXSYHDJLR": "",
    "KCFJYXSYHDJLRTBZZ": "",
    "PTGJLR": "",
    "PTGJLRTBZZ": "",
    "KCFJCXSYHPTGJLR": "",
    "KCFJCXSYHPTGJLRTBZZ": "",
    "JYXJLLJE": "",
    "MGJYXJLLJE": "",
    "ZCZE": "",
    "GDQY": "",
    "MGJZCPL": "",
    "PTGMGJZC": "",
    "GJKJZEJLR": "",
    "GJKJZZJZC": ""
  }
]

=== 603186-2026-04-16-华正新材-浙江华正新材料股份有限公司2025年年度报告（修订版）_mgsy.pdf ===
【模块一】
[
  {
    "JZRQ": "2025-12-31",
    "JBMGSY": "1.95",
    "XSMGSY": "1.90",
    "JBMGSYKC": "0.46",
    "XSMGSYKC": "",
    "JLRJZCSYLJQ": "",
    "KCHJLRJZCSYLJQ": "",
    "PTGJZCSYLJQ": "17.37",
    "KCPTGJZCSYLJQ": "4.12",
    "YYZSR": "",
    "YYZSRTBZZ": "",
    "YYSR": "",
    "YYSRTBZZ": "",
    "YYSRKCJE": "",
    "KCHYYSR": "",
    "KCHYYSRTBZZ": "",
    "JLRHJ": "",
    "JLRHJTBZZ": "",
    "JLR": "",
    "JLRTBZZ": "",
    "FJCXSY": "",
    "KCFJYXSYHDJLR": "",
    "KCFJYXSYHDJLRTBZZ": "",
    "PTGJLR": "",
    "PTGJLRTBZZ": "",
    "KCFJCXSYHPTGJLR": "",
    "KCFJCXSYHPTGJLRTBZZ": "",
    "JYXJLLJE": "",
    "MGJYXJLLJE": "",
    "ZCZE": "",
    "GDQY": "",
    "MGJZCPL": "",
    "PTGMGJZC": "",
    "GJKJZEJLR": "",
    "GJKJZZJZC": ""
  }
]

=== 603129-2026-04-16-春风动力-春风动力2025年年度报告_mgsy.pdf ===
【模块一】
[
  {
    "JZRQ": "2025-12-31",
    "JBMGSY": "10.99",
    "XSMGSY": "10.88",
    "JBMGSYKC": "10.38",
    "XSMGSYKC": "10.27",
    "JLRJZCSYLJQ": "24.49",
    "KCHJLRJZCSYLJQ": "23.12",
    "PTGJZCSYLJQ": "",
    "KCPTGJZCSYLJQ": "",
    "YYZSR": "",
    "YYZSRTBZZ": "",
    "YYSR": "",
    "YYSRTBZZ": "",
    "YYSRKCJE": "",
    "KCHYYSR": "",
    "KCHYYSRTBZZ": "",
    "JLRHJ": "",
    "JLRHJTBZZ": "",
    "JLR": "",
    "JLRTBZZ": "",
    "FJCXSY": "",
    "KCFJYXSYHDJLR": "",
    "KCFJYXSYHDJLRTBZZ": "",
    "PTGJLR": "",
    "PTGJLRTBZZ": "",
    "KCFJCXSYHPTGJLR": "",
    "KCFJCXSYHPTGJLRTBZZ": "",
    "JYXJLLJE": "",
    "MGJYXJLLJE": "",
    "ZCZE": "",
    "GDQY": "",
    "MGJZCPL": "",
    "PTGMGJZC": "",
    "GJKJZEJLR": "",
    "GJKJZZJZC": ""
  }
]

=== 603355-2026-04-16-莱克电气-莱克电气2025年年度报告_mgsy.pdf ===
【模块一】
[
  {
    "JZRQ": "2025-12-31",
    "JBMGSY": "1.39",
    "XSMGSY": "1.39",
    "JBMGSYKC": "1.27",
    "XSMGSYKC": "",
    "JLRJZCSYLJQ": "",
    "KCHJLRJZCSYLJQ": "",
    "PTGJZCSYLJQ": "14.92",
    "KCPTGJZCSYLJQ": "13.59",
    "YYZSR": "",
    "YYZSRTBZZ": "",
    "YYSR": "",
    "YYSRTBZZ": "",
    "YYSRKCJE": "",
    "KCHYYSR": "",
    "KCHYYSRTBZZ": "",
    "JLRHJ": "",
    "JLRHJTBZZ": "",
    "JLR": "",
    "JLRTBZZ": "",
    "FJCXSY": "",
    "KCFJYXSYHDJLR": "",
    "KCFJYXSYHDJLRTBZZ": "",
    "PTGJLR": "",
    "PTGJLRTBZZ": "",
    "KCFJCXSYHPTGJLR": "",
    "KCFJCXSYHPTGJLRTBZZ": "",
    "JYXJLLJE": "",
    "MGJYXJLLJE": "",
    "ZCZE": "",
    "GDQY": "",
    "MGJZCPL": "",
    "PTGMGJZC": "",
    "GJKJZEJLR": "",
    "GJKJZZJZC": ""
  }
]

=== 603213-2026-04-16-镇洋发展-浙江镇洋发展股份有限公司2025年年度报告_mgsy.pdf ===
【模块一】
[
  {
    "JZRQ": "2025-12-31",
    "JBMGSY": "0.17",
    "XSMGSY": "0.17",
    "JBMGSYKC": "0.17",
    "XSMGSYKC": "0.16",
    "JLRJZCSYLJQ": "",
    "KCHJLRJZCSYLJQ": "",
    "PTGJZCSYLJQ": "3.95",
    "KCPTGJZCSYLJQ": "3.81",
    "YYZSR": "",
    "YYZSRTBZZ": "",
    "YYSR": "",
    "YYSRTBZZ": "",
    "YYSRKCJE": "",
    "KCHYYSR": "",
    "KCHYYSRTBZZ": "",
    "JLRHJ": "",
    "JLRHJTBZZ": "",
    "JLR": "",
    "JLRTBZZ": "",
    "FJCXSY": "",
    "KCFJYXSYHDJLR": "",
    "KCFJYXSYHDJLRTBZZ": "",
    "PTGJLR": "",
    "PTGJLRTBZZ": "",
    "KCFJCXSYHPTGJLR": "",
    "KCFJCXSYHPTGJLRTBZZ": "",
    "JYXJLLJE": "",
    "MGJYXJLLJE": "",
    "ZCZE": "",
    "GDQY": "",
    "MGJZCPL": "",
    "PTGMGJZC": "",
    "GJKJZEJLR": "",
    "GJKJZZJZC": ""
  }
]

=== 603383-2026-04-16-顶点软件-顶点软件2025年年度报告_mgsy.pdf ===
【模块一】
[
  {
    "JZRQ": "2025-12-31",
    "JBMGSY": "0.87",
    "XSMGSY": "0.87",
    "JBMGSYKC": "0.75",
    "XSMGSYKC": "",
    "JLRJZCSYLJQ": "",
    "KCHJLRJZCSYLJQ": "",
    "PTGJZCSYLJQ": "11.92",
    "KCPTGJZCSYLJQ": "10.33",
    "YYZSR": "",
    "YYZSRTBZZ": "",
    "YYSR": "",
    "YYSRTBZZ": "",
    "YYSRKCJE": "",
    "KCHYYSR": "",
    "KCHYYSRTBZZ": "",
    "JLRHJ": "",
    "JLRHJTBZZ": "",
    "JLR": "",
    "JLRTBZZ": "",
    "FJCXSY": "",
    "KCFJYXSYHDJLR": "",
    "KCFJYXSYHDJLRTBZZ": "",
    "PTGJLR": "",
    "PTGJLRTBZZ": "",
    "KCFJCXSYHPTGJLR": "",
    "KCFJCXSYHPTGJLRTBZZ": "",
    "JYXJLLJE": "",
    "MGJYXJLLJE": "",
    "ZCZE": "",
    "GDQY": "",
    "MGJZCPL": "",
    "PTGMGJZC": "",
    "GJKJZEJLR": "",
    "GJKJZZJZC": ""
  }
]

=== 603916-2026-04-16-苏博特-2025年年度报告_mgsy.pdf ===
【模块一】
[
  {
    "JZRQ": "2025-12-31",
    "JBMGSY": "0.29",
    "XSMGSY": "0.28",
    "JBMGSYKC": "0.24",
    "XSMGSYKC": "0.24",
    "JLRJZCSYLJQ": "2.81",
    "KCHJLRJZCSYLJQ": "2.37",
    "PTGJZCSYLJQ": "",
    "KCPTGJZCSYLJQ": "",
    "YYZSR": "",
    "YYZSRTBZZ": "",
    "YYSR": "",
    "YYSRTBZZ": "",
    "YYSRKCJE": "",
    "KCHYYSR": "",
    "KCHYYSRTBZZ": "",
    "JLRHJ": "",
    "JLRHJTBZZ": "",
    "JLR": "",
    "JLRTBZZ": "",
    "FJCXSY": "",
    "KCFJYXSYHDJLR": "",
    "KCFJYXSYHDJLRTBZZ": "",
    "PTGJLR": "",
    "PTGJLRTBZZ": "",
    "KCFJCXSYHPTGJLR": "",
    "KCFJCXSYHPTGJLRTBZZ": "",
    "JYXJLLJE": "",
    "MGJYXJLLJE": "",
    "ZCZE": "",
    "GDQY": "",
    "MGJZCPL": "",
    "PTGMGJZC": "",
    "GJKJZEJLR": "",
    "GJKJZZJZC": ""
  }
]

=== 603536-2026-04-16-惠发食品-惠发食品2025年年度报告_mgsy.pdf ===
【模块一】
[
  {
    "JZRQ": "2025-12-31",
    "JBMGSY": "-0.28",
    "XSMGSY": "-0.28",
    "JBMGSYKC": "-0.32",
    "XSMGSYKC": "",
    "JLRJZCSYLJQ": "",
    "KCHJLRJZCSYLJQ": "",
    "PTGJZCSYLJQ": "-16.78",
    "KCPTGJZCSYLJQ": "-18.63",
    "YYZSR": "",
    "YYZSRTBZZ": "",
    "YYSR": "",
    "YYSRTBZZ": "",
    "YYSRKCJE": "",
    "KCHYYSR": "",
    "KCHYYSRTBZZ": "",
    "JLRHJ": "",
    "JLRHJTBZZ": "",
    "JLR": "",
    "JLRTBZZ": "",
    "FJCXSY": "",
    "KCFJYXSYHDJLR": "",
    "KCFJYXSYHDJLRTBZZ": "",
    "PTGJLR": "",
    "PTGJLRTBZZ": "",
    "KCFJCXSYHPTGJLR": "",
    "KCFJCXSYHPTGJLRTBZZ": "",
    "JYXJLLJE": "",
    "MGJYXJLLJE": "",
    "ZCZE": "",
    "GDQY": "",
    "MGJZCPL": "",
    "PTGMGJZC": "",
    "GJKJZEJLR": "",
    "GJKJZZJZC": ""
  }
]

=== 603938-2026-04-16-三孚股份-2025年年度报告_mgsy.pdf ===
【模块一】
[
  {
    "JZRQ": "2025-12-31",
    "JBMGSY": "0.21",
    "XSMGSY": "0.21",
    "JBMGSYKC": "0.18",
    "XSMGSYKC": "",
    "JLRJZCSYLJQ": "3.26",
    "KCHJLRJZCSYLJQ": "2.80",
    "PTGJZCSYLJQ": "",
    "KCPTGJZCSYLJQ": "",
    "YYZSR": "",
    "YYZSRTBZZ": "",
    "YYSR": "",
    "YYSRTBZZ": "",
    "YYSRKCJE": "",
    "KCHYYSR": "",
    "KCHYYSRTBZZ": "",
    "JLRHJ": "",
    "JLRHJTBZZ": "",
    "JLR": "",
    "JLRTBZZ": "",
    "FJCXSY": "",
    "KCFJYXSYHDJLR": "",
    "KCFJYXSYHDJLRTBZZ": "",
    "PTGJLR": "",
    "PTGJLRTBZZ": "",
    "KCFJCXSYHPTGJLR": "",
    "KCFJCXSYHPTGJLRTBZZ": "",
    "JYXJLLJE": "",
    "MGJYXJLLJE": "",
    "ZCZE": "",
    "GDQY": "",
    "MGJZCPL": "",
    "PTGMGJZC": "",
    "GJKJZEJLR": "",
    "GJKJZZJZC": ""
  }
]

=== 603977-2026-04-16-国泰集团-江西国泰集团股份有限公司2025年年度报告_mgsy.pdf ===
【模块一】
[
  {
    "JZRQ": "2025-12-31",
    "JBMGSY": "0.41",
    "XSMGSY": "0.41",
    "JBMGSYKC": "0.35",
    "XSMGSYKC": "",
    "JLRJZCSYLJQ": "7.62",
    "KCHJLRJZCSYLJQ": "6.65",
    "PTGJZCSYLJQ": "",
    "KCPTGJZCSYLJQ": "",
    "YYZSR": "",
    "YYZSRTBZZ": "",
    "YYSR": "",
    "YYSRTBZZ": "",
    "YYSRKCJE": "",
    "KCHYYSR": "",
    "KCHYYSRTBZZ": "",
    "JLRHJ": "",
    "JLRHJTBZZ": "",
    "JLR": "",
    "JLRTBZZ": "",
    "FJCXSY": "",
    "KCFJYXSYHDJLR": "",
    "KCFJYXSYHDJLRTBZZ": "",
    "PTGJLR": "",
    "PTGJLRTBZZ": "",
    "KCFJCXSYHPTGJLR": "",
    "KCFJCXSYHPTGJLRTBZZ": "",
    "JYXJLLJE": "",
    "MGJYXJLLJE": "",
    "ZCZE": "",
    "GDQY": "",
    "MGJZCPL": "",
    "PTGMGJZC": "",
    "GJKJZEJLR": "",
    "GJKJZZJZC": ""
  }
]

=== 605166-2026-04-16-聚合顺-聚合顺新材料股份有限公司2025年年度报告_mgsy.pdf ===
【模块一】
[
  {
    "JZRQ": "2025-12-31",
    "JBMGSY": "0.46",
    "XSMGSY": "0.44",
    "JBMGSYKC": "0.45",
    "XSMGSYKC": "0.43",
    "JLRJZCSYLJQ": "",
    "KCHJLRJZCSYLJQ": "",
    "PTGJZCSYLJQ": "7.46",
    "KCPTGJZCSYLJQ": "7.32",
    "YYZSR": "",
    "YYZSRTBZZ": "",
    "YYSR": "",
    "YYSRTBZZ": "",
    "YYSRKCJE": "",
    "KCHYYSR": "",
    "KCHYYSRTBZZ": "",
    "JLRHJ": "",
    "JLRHJTBZZ": "",
    "JLR": "",
    "JLRTBZZ": "",
    "FJCXSY": "",
    "KCFJYXSYHDJLR": "",
    "KCFJYXSYHDJLRTBZZ": "",
    "PTGJLR": "",
    "PTGJLRTBZZ": "",
    "KCFJCXSYHPTGJLR": "",
    "KCFJCXSYHPTGJLRTBZZ": "",
    "JYXJLLJE": "",
    "MGJYXJLLJE": "",
    "ZCZE": "",
    "GDQY": "",
    "MGJZCPL": "",
    "PTGMGJZC": "",
    "GJKJZEJLR": "",
    "GJKJZZJZC": ""
  }
]

=== 605058-2026-04-16-澳弘电子-澳弘电子2025年年度报告_mgsy.pdf ===
【模块一】
[
  {
    "JZRQ": "2025-12-31",
    "JBMGSY": "1.07",
    "XSMGSY": "0.96",
    "JBMGSYKC": "",
    "XSMGSYKC": "",
    "JLRJZCSYLJQ": "",
    "KCHJLRJZCSYLJQ": "",
    "PTGJZCSYLJQ": "8.68",
    "KCPTGJZCSYLJQ": "7.89",
    "YYZSR": "",
    "YYZSRTBZZ": "",
    "YYSR": "",
    "YYSRTBZZ": "",
    "YYSRKCJE": "",
    "KCHYYSR": "",
    "KCHYYSRTBZZ": "",
    "JLRHJ": "",
    "JLRHJTBZZ": "",
    "JLR": "",
    "JLRTBZZ": "",
    "FJCXSY": "",
    "KCFJYXSYHDJLR": "",
    "KCFJYXSYHDJLRTBZZ": "",
    "PTGJLR": "",
    "PTGJLRTBZZ": "",
    "KCFJCXSYHPTGJLR": "",
    "KCFJCXSYHPTGJLRTBZZ": "",
    "JYXJLLJE": "",
    "MGJYXJLLJE": "",
    "ZCZE": "",
    "GDQY": "",
    "MGJZCPL": "",
    "PTGMGJZC": "",
    "GJKJZEJLR": "",
    "GJKJZZJZC": ""
  }
]

=== 688019-2026-04-16-安集科技-2025年年度报告_mgsy.pdf ===
【模块一】
[
  {
    "JZRQ": "2025-12-31",
    "JBMGSY": "4.66",
    "XSMGSY": "4.63",
    "JBMGSYKC": "4.14",
    "XSMGSYKC": "4.13",
    "JLRJZCSYLJQ": "",
    "KCHJLRJZCSYLJQ": "",
    "PTGJZCSYLJQ": "25.18",
    "KCPTGJZCSYLJQ": "22.38",
    "YYZSR": "",
    "YYZSRTBZZ": "",
    "YYSR": "",
    "YYSRTBZZ": "",
    "YYSRKCJE": "",
    "KCHYYSR": "",
    "KCHYYSRTBZZ": "",
    "JLRHJ": "",
    "JLRHJTBZZ": "",
    "JLR": "",
    "JLRTBZZ": "",
    "FJCXSY": "",
    "KCFJYXSYHDJLR": "",
    "KCFJYXSYHDJLRTBZZ": "",
    "PTGJLR": "",
    "PTGJLRTBZZ": "",
    "KCFJCXSYHPTGJLR": "",
    "KCFJCXSYHPTGJLRTBZZ": "",
    "JYXJLLJE": "",
    "MGJYXJLLJE": "",
    "ZCZE": "",
    "GDQY": "",
    "MGJZCPL": "",
    "PTGMGJZC": "",
    "GJKJZEJLR": "",
    "GJKJZZJZC": ""
  }
]

=== 605580-2026-04-16-恒盛能源-恒盛能源股份有限公司2025年年度报告全文_mgsy.pdf ===
【模块一】
[
  {
    "JZRQ": "2025-12-31",
    "JBMGSY": "0.56",
    "XSMGSY": "0.56",
    "JBMGSYKC": "0.50",
    "XSMGSYKC": "",
    "JLRJZCSYLJQ": "15.98",
    "KCHJLRJZCSYLJQ": "14.32",
    "PTGJZCSYLJQ": "",
    "KCPTGJZCSYLJQ": "",
    "YYZSR": "",
    "YYZSRTBZZ": "",
    "YYSR": "",
    "YYSRTBZZ": "",
    "YYSRKCJE": "",
    "KCHYYSR": "",
    "KCHYYSRTBZZ": "",
    "JLRHJ": "",
    "JLRHJTBZZ": "",
    "JLR": "",
    "JLRTBZZ": "",
    "FJCXSY": "",
    "KCFJYXSYHDJLR": "",
    "KCFJYXSYHDJLRTBZZ": "",
    "PTGJLR": "",
    "PTGJLRTBZZ": "",
    "KCFJCXSYHPTGJLR": "",
    "KCFJCXSYHPTGJLRTBZZ": "",
    "JYXJLLJE": "",
    "MGJYXJLLJE": "",
    "ZCZE": "",
    "GDQY": "",
    "MGJZCPL": "",
    "PTGMGJZC": "",
    "GJKJZEJLR": "",
    "GJKJZZJZC": ""
  }
]

=== 688206-2026-04-16-概伦电子-2025年年度报告_mgsy.pdf ===
【模块一】
[
  {
    "JZRQ": "2025-12-31",
    "JBMGSY": "0.08",
    "XSMGSY": "0.08",
    "JBMGSYKC": "-0.14",
    "XSMGSYKC": "-0.14",
    "JLRJZCSYLJQ": "",
    "KCHJLRJZCSYLJQ": "",
    "PTGJZCSYLJQ": "1.74",
    "KCPTGJZCSYLJQ": "-3.03",
    "YYZSR": "",
    "YYZSRTBZZ": "",
    "YYSR": "",
    "YYSRTBZZ": "",
    "YYSRKCJE": "",
    "KCHYYSR": "",
    "KCHYYSRTBZZ": "",
    "JLRHJ": "",
    "JLRHJTBZZ": "",
    "JLR": "",
    "JLRTBZZ": "",
    "FJCXSY": "",
    "KCFJYXSYHDJLR": "",
    "KCFJYXSYHDJLRTBZZ": "",
    "PTGJLR": "",
    "PTGJLRTBZZ": "",
    "KCFJCXSYHPTGJLR": "",
    "KCFJCXSYHPTGJLRTBZZ": "",
    "JYXJLLJE": "",
    "MGJYXJLLJE": "",
    "ZCZE": "",
    "GDQY": "",
    "MGJZCPL": "",
    "PTGMGJZC": "",
    "GJKJZEJLR": "",
    "GJKJZZJZC": ""
  }
]

=== 688499-2026-04-16-利元亨-广东利元亨智能装备股份有限公司2025年年度报告_mgsy.pdf ===
【模块一】
[
  {
    "JZRQ": "2025-12-31",
    "JBMGSY": "0.31",
    "XSMGSY": "0.30",
    "JBMGSYKC": "0.21",
    "XSMGSYKC": "0.21",
    "JLRJZCSYLJQ": "2.26",
    "KCHJLRJZCSYLJQ": "1.54",
    "PTGJZCSYLJQ": "",
    "KCPTGJZCSYLJQ": "",
    "YYZSR": "",
    "YYZSRTBZZ": "",
    "YYSR": "",
    "YYSRTBZZ": "",
    "YYSRKCJE": "",
    "KCHYYSR": "",
    "KCHYYSRTBZZ": "",
    "JLRHJ": "",
    "JLRHJTBZZ": "",
    "JLR": "",
    "JLRTBZZ": "",
    "FJCXSY": "",
    "KCFJYXSYHDJLR": "",
    "KCFJYXSYHDJLRTBZZ": "",
    "PTGJLR": "",
    "PTGJLRTBZZ": "",
    "KCFJCXSYHPTGJLR": "",
    "KCFJCXSYHPTGJLRTBZZ": "",
    "JYXJLLJE": "",
    "MGJYXJLLJE": "",
    "ZCZE": "",
    "GDQY": "",
    "MGJZCPL": "",
    "PTGMGJZC": "",
    "GJKJZEJLR": "",
    "GJKJZZJZC": ""
  }
]

=== 688273-2026-04-16-麦澜德-2025年年度报告_mgsy.pdf ===
【模块一】
[
  {
    "JZRQ": "2025-12-31",
    "JBMGSY": "1.0492",
    "XSMGSY": "1.0492",
    "JBMGSYKC": "0.8218",
    "XSMGSYKC": "",
    "JLRJZCSYLJQ": "7.6552",
    "KCHJLRJZCSYLJQ": "5.9957",
    "PTGJZCSYLJQ": "",
    "KCPTGJZCSYLJQ": "",
    "YYZSR": "",
    "YYZSRTBZZ": "",
    "YYSR": "",
    "YYSRTBZZ": "",
    "YYSRKCJE": "",
    "KCHYYSR": "",
    "KCHYYSRTBZZ": "",
    "JLRHJ": "",
    "JLRHJTBZZ": "",
    "JLR": "1.0492",
    "JLRTBZZ": "",
    "FJCXSY": "",
    "KCFJYXSYHDJLR": "0.8218",
    "KCFJYXSYHDJLRTBZZ": "",
    "PTGJLR": "",
    "PTGJLRTBZZ": "",
    "KCFJCXSYHPTGJLR": "",
    "KCFJCXSYHPTGJLRTBZZ": "",
    "JYXJLLJE": "",
    "MGJYXJLLJE": "",
    "ZCZE": "",
    "GDQY": "",
    "MGJZCPL": "",
    "PTGMGJZC": "",
    "GJKJZEJLR": "",
    "GJKJZZJZC": ""
  }
]

=== 688612-2026-04-16-威迈斯-2025年年度报告_mgsy.pdf ===
【模块一】
[
  {
    "JZRQ": "2025-12-31",
    "JBMGSY": "1.33",
    "XSMGSY": "1.33",
    "JBMGSYKC": "1.25",
    "XSMGSYKC": "",
    "JLRJZCSYLJQ": "16.30",
    "KCHJLRJZCSYLJQ": "15.30",
    "PTGJZCSYLJQ": "",
    "KCPTGJZCSYLJQ": "",
    "YYZSR": "",
    "YYZSRTBZZ": "",
    "YYSR": "",
    "YYSRTBZZ": "",
    "YYSRKCJE": "",
    "KCHYYSR": "",
    "KCHYYSRTBZZ": "",
    "JLRHJ": "",
    "JLRHJTBZZ": "",
    "JLR": "",
    "JLRTBZZ": "",
    "FJCXSY": "",
    "KCFJYXSYHDJLR": "",
    "KCFJYXSYHDJLRTBZZ": "",
    "PTGJLR": "",
    "PTGJLRTBZZ": "",
    "KCFJCXSYHPTGJLR": "",
    "KCFJCXSYHPTGJLRTBZZ": "",
    "JYXJLLJE": "",
    "MGJYXJLLJE": "",
    "ZCZE": "",
    "GDQY": "",
    "MGJZCPL": "",
    "PTGMGJZC": "",
    "GJKJZEJLR": "",
    "GJKJZZJZC": ""
  }
]

=== 688690-2026-04-16-纳微科技-苏州纳微科技股份有限公司2025年年度报告_mgsy.pdf ===
【模块一】
[
  {
    "JZRQ": "2025-12-31",
    "JBMGSY": "0.3394",
    "XSMGSY": "0.3394",
    "JBMGSYKC": "0.2935",
    "XSMGSYKC": "",
    "JLRJZCSYLJQ": "7.45",
    "KCHJLRJZCSYLJQ": "6.44",
    "PTGJZCSYLJQ": "",
    "KCPTGJZCSYLJQ": "",
    "YYZSR": "",
    "YYZSRTBZZ": "",
    "YYSR": "",
    "YYSRTBZZ": "",
    "YYSRKCJE": "",
    "KCHYYSR": "",
    "KCHYYSRTBZZ": "",
    "JLRHJ": "",
    "JLRHJTBZZ": "",
    "JLR": "",
    "JLRTBZZ": "",
    "FJCXSY": "",
    "KCFJYXSYHDJLR": "",
    "KCFJYXSYHDJLRTBZZ": "",
    "PTGJLR": "",
    "PTGJLRTBZZ": "",
    "KCFJCXSYHPTGJLR": "",
    "KCFJCXSYHPTGJLRTBZZ": "",
    "JYXJLLJE": "",
    "MGJYXJLLJE": "",
    "ZCZE": "",
    "GDQY": "",
    "MGJZCPL": "",
    "PTGMGJZC": "",
    "GJKJZEJLR": "",
    "GJKJZZJZC": ""
  }
]

=== 688681-2026-04-16-科汇股份-2025年年度报告_mgsy.pdf ===
【模块一】
[
  {
    "JZRQ": "2025-12-31",
    "JBMGSY": "0.45",
    "XSMGSY": "0.45",
    "JBMGSYKC": "0.44",
    "XSMGSYKC": "",
    "JLRJZCSYLJQ": "7.90",
    "KCHJLRJZCSYLJQ": "7.60",
    "PTGJZCSYLJQ": "",
    "KCPTGJZCSYLJQ": "",
    "YYZSR": "",
    "YYZSRTBZZ": "",
    "YYSR": "",
    "YYSRTBZZ": "",
    "YYSRKCJE": "",
    "KCHYYSR": "",
    "KCHYYSRTBZZ": "",
    "JLRHJ": "",
    "JLRHJTBZZ": "",
    "JLR": "",
    "JLRTBZZ": "",
    "FJCXSY": "",
    "KCFJYXSYHDJLR": "",
    "KCFJYXSYHDJLRTBZZ": "",
    "PTGJLR": "",
    "PTGJLRTBZZ": "",
    "KCFJCXSYHPTGJLR": "",
    "KCFJCXSYHPTGJLRTBZZ": "",
    "JYXJLLJE": "",
    "MGJYXJLLJE": "",
    "ZCZE": "",
    "GDQY": "",
    "MGJZCPL": "",
    "PTGMGJZC": "",
    "GJKJZEJLR": "",
    "GJKJZZJZC": ""
  }
]

=== 688698-2026-04-16-伟创电气-2025年年度报告_mgsy.pdf ===
【模块一】
[
  {
    "JZRQ": "2025-12-31",
    "JBMGSY": "1.24",
    "XSMGSY": "1.24",
    "JBMGSYKC": "1.18",
    "XSMGSYKC": "1.17",
    "JLRJZCSYLJQ": "11.79",
    "KCHJLRJZCSYLJQ": "11.19",
    "PTGJZCSYLJQ": "",
    "KCPTGJZCSYLJQ": "",
    "YYZSR": "",
    "YYZSRTBZZ": "",
    "YYSR": "",
    "YYSRTBZZ": "",
    "YYSRKCJE": "",
    "KCHYYSR": "",
    "KCHYYSRTBZZ": "",
    "JLRHJ": "",
    "JLRHJTBZZ": "",
    "JLR": "",
    "JLRTBZZ": "",
    "FJCXSY": "",
    "KCFJYXSYHDJLR": "",
    "KCFJYXSYHDJLRTBZZ": "",
    "PTGJLR": "",
    "PTGJLRTBZZ": "",
    "KCFJCXSYHPTGJLR": "",
    "KCFJCXSYHPTGJLRTBZZ": "",
    "JYXJLLJE": "",
    "MGJYXJLLJE": "",
    "ZCZE": "",
    "GDQY": "",
    "MGJZCPL": "",
    "PTGMGJZC": "",
    "GJKJZEJLR": "",
    "GJKJZZJZC": ""
  }
]

=== 920020-2026-04-15-泰凯英-2025年年度报告_mgsy.pdf ===
【模块一】
[
  {
    "JZRQ": "2025-12-31",
    "JBMGSY": "0.9435",
    "XSMGSY": "0.9435",
    "JBMGSYKC": "0.8997",
    "XSMGSYKC": "",
    "JLRJZCSYLJQ": "",
    "KCHJLRJZCSYLJQ": "",
    "PTGJZCSYLJQ": "21.02",
    "KCPTGJZCSYLJQ": "20.05",
    "YYZSR": "",
    "YYZSRTBZZ": "",
    "YYSR": "",
    "YYSRTBZZ": "",
    "YYSRKCJE": "",
    "KCHYYSR": "",
    "KCHYYSRTBZZ": "",
    "JLRHJ": "",
    "JLRHJTBZZ": "",
    "JLR": "",
    "JLRTBZZ": "",
    "FJCXSY": "",
    "KCFJYXSYHDJLR": "",
    "KCFJYXSYHDJLRTBZZ": "",
    "PTGJLR": "",
    "PTGJLRTBZZ": "",
    "KCFJCXSYHPTGJLR": "",
    "KCFJCXSYHPTGJLRTBZZ": "",
    "JYXJLLJE": "",
    "MGJYXJLLJE": "",
    "ZCZE": "",
    "GDQY": "",
    "MGJZCPL": "",
    "PTGMGJZC": "",
    "GJKJZEJLR": "",
    "GJKJZZJZC": ""
  }
]

=== 920199-2026-04-15-倍益康-2025年年度报告_mgsy.pdf ===
【模块一】
[
  {
    "JZRQ": "2025-12-31",
    "JBMGSY": "0.0583",
    "XSMGSY": "0.0583",
    "JBMGSYKC": "0.0129",
    "XSMGSYKC": "",
    "JLRJZCSYLJQ": "",
    "KCHJLRJZCSYLJQ": "",
    "PTGJZCSYLJQ": "0.76",
    "KCPTGJZCSYLJQ": "0.17",
    "YYZSR": "",
    "YYZSRTBZZ": "",
    "YYSR": "",
    "YYSRTBZZ": "",
    "YYSRKCJE": "",
    "KCHYYSR": "",
    "KCHYYSRTBZZ": "",
    "JLRHJ": "",
    "JLRHJTBZZ": "",
    "JLR": "",
    "JLRTBZZ": "",
    "FJCXSY": "",
    "KCFJYXSYHDJLR": "",
    "KCFJYXSYHDJLRTBZZ": "",
    "PTGJLR": "",
    "PTGJLRTBZZ": "",
    "KCFJCXSYHPTGJLR": "",
    "KCFJCXSYHPTGJLRTBZZ": "",
    "JYXJLLJE": "",
    "MGJYXJLLJE": "",
    "ZCZE": "",
    "GDQY": "",
    "MGJZCPL": "",
    "PTGMGJZC": "",
    "GJKJZEJLR": "",
    "GJKJZZJZC": ""
  }
]

=== 920223-2026-04-15-荣亿精密-2025年年度报告_mgsy.pdf ===
【模块一】
[
  {
    "JZRQ": "2025-12-31",
    "JBMGSY": "-0.13",
    "XSMGSY": "-0.13",
    "JBMGSYKC": "-0.13",
    "XSMGSYKC": "",
    "JLRJZCSYLJQ": "",
    "KCHJLRJZCSYLJQ": "",
    "PTGJZCSYLJQ": "-7.81",
    "KCPTGJZCSYLJQ": "-8.29",
    "YYZSR": "",
    "YYZSRTBZZ": "",
    "YYSR": "",
    "YYSRTBZZ": "",
    "YYSRKCJE": "",
    "KCHYYSR": "",
    "KCHYYSRTBZZ": "",
    "JLRHJ": "",
    "JLRHJTBZZ": "",
    "JLR": "",
    "JLRTBZZ": "",
    "FJCXSY": "",
    "KCFJYXSYHDJLR": "",
    "KCFJYXSYHDJLRTBZZ": "",
    "PTGJLR": "",
    "PTGJLRTBZZ": "",
    "KCFJCXSYHPTGJLR": "",
    "KCFJCXSYHPTGJLRTBZZ": "",
    "JYXJLLJE": "",
    "MGJYXJLLJE": "",
    "ZCZE": "",
    "GDQY": "",
    "MGJZCPL": "",
    "PTGMGJZC": "",
    "GJKJZEJLR": "",
    "GJKJZZJZC": ""
  }
]

=== 920249-2026-04-15-利尔达-2025年年度报告_mgsy.pdf ===
【模块一】
[
  {
    "JZRQ": "2025-12-31",
    "JBMGSY": "0.10",
    "XSMGSY": "0.10",
    "JBMGSYKC": "0.06",
    "XSMGSYKC": "",
    "JLRJZCSYLJQ": "5.87",
    "KCHJLRJZCSYLJQ": "3.38",
    "PTGJZCSYLJQ": "",
    "KCPTGJZCSYLJQ": "",
    "YYZSR": "",
    "YYZSRTBZZ": "",
    "YYSR": "",
    "YYSRTBZZ": "",
    "YYSRKCJE": "",
    "KCHYYSR": "",
    "KCHYYSRTBZZ": "",
    "JLRHJ": "",
    "JLRHJTBZZ": "",
    "JLR": "",
    "JLRTBZZ": "",
    "FJCXSY": "",
    "KCFJYXSYHDJLR": "",
    "KCFJYXSYHDJLRTBZZ": "",
    "PTGJLR": "",
    "PTGJLRTBZZ": "",
    "KCFJCXSYHPTGJLR": "",
    "KCFJCXSYHPTGJLRTBZZ": "",
    "JYXJLLJE": "",
    "MGJYXJLLJE": "",
    "ZCZE": "",
    "GDQY": "",
    "MGJZCPL": "",
    "PTGMGJZC": "",
    "GJKJZEJLR": "",
    "GJKJZZJZC": ""
  }
]

=== 920230-2026-04-15-欧康医药-2025年年度报告_mgsy.pdf ===
【模块一】
[
  {
    "JZRQ": "2025-12-31",
    "JBMGSY": "0.12",
    "XSMGSY": "0.11",
    "JBMGSYKC": "0.09",
    "XSMGSYKC": "0.09",
    "JLRJZCSYLJQ": "",
    "KCHJLRJZCSYLJQ": "",
    "PTGJZCSYLJQ": "2.80",
    "KCPTGJZCSYLJQ": "2.30",
    "YYZSR": "",
    "YYZSRTBZZ": "",
    "YYSR": "",
    "YYSRTBZZ": "",
    "YYSRKCJE": "",
    "KCHYYSR": "",
    "KCHYYSRTBZZ": "",
    "JLRHJ": "",
    "JLRHJTBZZ": "",
    "JLR": "",
    "JLRTBZZ": "",
    "FJCXSY": "",
    "KCFJYXSYHDJLR": "",
    "KCFJYXSYHDJLRTBZZ": "",
    "PTGJLR": "",
    "PTGJLRTBZZ": "",
    "KCFJCXSYHPTGJLR": "",
    "KCFJCXSYHPTGJLRTBZZ": "",
    "JYXJLLJE": "",
    "MGJYXJLLJE": "",
    "ZCZE": "",
    "GDQY": "",
    "MGJZCPL": "",
    "PTGMGJZC": "",
    "GJKJZEJLR": "",
    "GJKJZZJZC": ""
  }
]

=== 920149-2026-04-15-旭杰科技-2025年年度报告_mgsy.pdf ===
【模块一】
[
  {
    "JZRQ": "2025-12-31",
    "JBMGSY": "-0.53",
    "XSMGSY": "-0.52",
    "JBMGSYKC": "-0.64",
    "XSMGSYKC": "-0.63",
    "JLRJZCSYLJQ": "-28.97",
    "KCHJLRJZCSYLJQ": "-34.99",
    "PTGJZCSYLJQ": "",
    "KCPTGJZCSYLJQ": "",
    "YYZSR": "",
    "YYZSRTBZZ": "",
    "YYSR": "",
    "YYSRTBZZ": "",
    "YYSRKCJE": "",
    "KCHYYSR": "",
    "KCHYYSRTBZZ": "",
    "JLRHJ": "",
    "JLRHJTBZZ": "",
    "JLR": "",
    "JLRTBZZ": "",
    "FJCXSY": "",
    "KCFJYXSYHDJLR": "",
    "KCFJYXSYHDJLRTBZZ": "",
    "PTGJLR": "",
    "PTGJLRTBZZ": "",
    "KCFJCXSYHPTGJLR": "",
    "KCFJCXSYHPTGJLRTBZZ": "",
    "JYXJLLJE": "",
    "MGJYXJLLJE": "",
    "ZCZE": "",
    "GDQY": "",
    "MGJZCPL": "",
    "PTGMGJZC": "",
    "GJKJZEJLR": "",
    "GJKJZZJZC": ""
  },
  {
    "JZRQ": "2024-12-31",
    "JBMGSY": "-0.41",
    "XSMGSY": "-0.39",
    "JBMGSYKC": "-0.42",
    "XSMGSYKC": "-0.40",
    "JLRJZCSYLJQ": "-18.22",
    "KCHJLRJZCSYLJQ": "-18.76",
    "PTGJZCSYLJQ": "",
    "KCPTGJZCSYLJQ": "",
    "YYZSR": "",
    "YYZSRTBZZ": "",
    "YYSR": "",
    "YYSRTBZZ": "",
    "YYSRKCJE": "",
    "KCHYYSR": "",
    "KCHYYSRTBZZ": "",
    "JLRHJ": "",
    "JLRHJTBZZ": "",
    "JLR": "",
    "JLRTBZZ": "",
    "FJCXSY": "",
    "KCFJYXSYHDJLR": "",
    "KCFJYXSYHDJLRTBZZ": "",
    "PTGJLR": "",
    "PTGJLRTBZZ": "",
    "KCFJCXSYHPTGJLR": "",
    "KCFJCXSYHPTGJLRTBZZ": "",
    "JYXJLLJE": "",
    "MGJYXJLLJE": "",
    "ZCZE": "",
    "GDQY": "",
    "MGJZCPL": "",
    "PTGMGJZC": "",
    "GJKJZEJLR": "",
    "GJKJZZJZC": ""
  }
]

=== 920007-2026-04-15-酉立智能-2025年年度报告_mgsy.pdf ===
【模块一】
[
  {
    "JZRQ": "2025-12-31",
    "JBMGSY": "2.45",
    "XSMGSY": "2.45",
    "JBMGSYKC": "2.38",
    "XSMGSYKC": "",
    "JLRJZCSYLJQ": "",
    "KCHJLRJZCSYLJQ": "",
    "PTGJZCSYLJQ": "19.31",
    "KCPTGJZCSYLJQ": "18.75",
    "YYZSR": "",
    "YYZSRTBZZ": "",
    "YYSR": "",
    "YYSRTBZZ": "",
    "YYSRKCJE": "",
    "KCHYYSR": "",
    "KCHYYSRTBZZ": "",
    "JLRHJ": "",
    "JLRHJTBZZ": "",
    "JLR": "",
    "JLRTBZZ": "",
    "FJCXSY": "",
    "KCFJYXSYHDJLR": "",
    "KCFJYXSYHDJLRTBZZ": "",
    "PTGJLR": "",
    "PTGJLRTBZZ": "",
    "KCFJCXSYHPTGJLR": "",
    "KCFJCXSYHPTGJLRTBZZ": "",
    "JYXJLLJE": "",
    "MGJYXJLLJE": "",
    "ZCZE": "",
    "GDQY": "",
    "MGJZCPL": "",
    "PTGMGJZC": "",
    "GJKJZEJLR": "",
    "GJKJZZJZC": ""
  },
  {
    "JZRQ": "2024-12-31",
    "JBMGSY": "2.92",
    "XSMGSY": "2.92",
    "JBMGSYKC": "2.90",
    "XSMGSYKC": "",
    "JLRJZCSYLJQ": "",
    "KCHJLRJZCSYLJQ": "",
    "PTGJZCSYLJQ": "36.04",
    "KCPTGJZCSYLJQ": "35.71",
    "YYZSR": "",
    "YYZSRTBZZ": "",
    "YYSR": "",
    "YYSRTBZZ": "",
    "YYSRKCJE": "",
    "KCHYYSR": "",
    "KCHYYSRTBZZ": "",
    "JLRHJ": "",
    "JLRHJTBZZ": "",
    "JLR": "",
    "JLRTBZZ": "",
    "FJCXSY": "",
    "KCFJYXSYHDJLR": "",
    "KCFJYXSYHDJLRTBZZ": "",
    "PTGJLR": "",
    "PTGJLRTBZZ": "",
    "KCFJCXSYHPTGJLR": "",
    "KCFJCXSYHPTGJLRTBZZ": "",
    "JYXJLLJE": "",
    "MGJYXJLLJE": "",
    "ZCZE": "",
    "GDQY": "",
    "MGJZCPL": "",
    "PTGMGJZC": "",
    "GJKJZEJLR": "",
    "GJKJZZJZC": ""
  }
]

=== 920357-2026-04-15-雅葆轩-2025年年度报告_mgsy.pdf ===
【模块一】
[
  {
    "JZRQ": "2025-12-31",
    "JBMGSY": "0.82",
    "XSMGSY": "0.82",
    "JBMGSYKC": "0.78",
    "XSMGSYKC": "",
    "JLRJZCSYLJQ": "",
    "KCHJLRJZCSYLJQ": "",
    "PTGJZCSYLJQ": "17.01",
    "KCPTGJZCSYLJQ": "16.21",
    "YYZSR": "",
    "YYZSRTBZZ": "",
    "YYSR": "",
    "YYSRTBZZ": "",
    "YYSRKCJE": "",
    "KCHYYSR": "",
    "KCHYYSRTBZZ": "",
    "JLRHJ": "",
    "JLRHJTBZZ": "",
    "JLR": "",
    "JLRTBZZ": "",
    "FJCXSY": "",
    "KCFJYXSYHDJLR": "",
    "KCFJYXSYHDJLRTBZZ": "",
    "PTGJLR": "",
    "PTGJLRTBZZ": "",
    "KCFJCXSYHPTGJLR": "",
    "KCFJCXSYHPTGJLRTBZZ": "",
    "JYXJLLJE": "",
    "MGJYXJLLJE": "",
    "ZCZE": "",
    "GDQY": "",
    "MGJZCPL": "",
    "PTGMGJZC": "",
    "GJKJZEJLR": "",
    "GJKJZZJZC": ""
  }
]

=== 920367-2026-04-15-新赣江-2025年年度报告_mgsy.pdf ===
【模块一】
[
  {
    "JZRQ": "2025-12-31",
    "JBMGSY": "0.21",
    "XSMGSY": "0.21",
    "JBMGSYKC": "0.14",
    "XSMGSYKC": "",
    "JLRJZCSYLJQ": "3.06",
    "KCHJLRJZCSYLJQ": "2.08",
    "PTGJZCSYLJQ": "",
    "KCPTGJZCSYLJQ": "",
    "YYZSR": "",
    "YYZSRTBZZ": "",
    "YYSR": "",
    "YYSRTBZZ": "",
    "YYSRKCJE": "",
    "KCHYYSR": "",
    "KCHYYSRTBZZ": "",
    "JLRHJ": "",
    "JLRHJTBZZ": "",
    "JLR": "",
    "JLRTBZZ": "",
    "FJCXSY": "",
    "KCFJYXSYHDJLR": "",
    "KCFJYXSYHDJLRTBZZ": "",
    "PTGJLR": "",
    "PTGJLRTBZZ": "",
    "KCFJCXSYHPTGJLR": "",
    "KCFJCXSYHPTGJLRTBZZ": "",
    "JYXJLLJE": "",
    "MGJYXJLLJE": "",
    "ZCZE": "",
    "GDQY": "",
    "MGJZCPL": "",
    "PTGMGJZC": "",
    "GJKJZEJLR": "",
    "GJKJZZJZC": ""
  }
]

=== 920689-2026-04-15-克莱特-2025年年度报告_mgsy.pdf ===
【模块一】
[
  {
    "JZRQ": "2025-12-31",
    "JBMGSY": "0.75",
    "XSMGSY": "0.75",
    "JBMGSYKC": "0.71",
    "XSMGSYKC": "",
    "JLRJZCSYLJQ": "11.53",
    "KCHJLRJZCSYLJQ": "10.94",
    "PTGJZCSYLJQ": "",
    "KCPTGJZCSYLJQ": "",
    "YYZSR": "",
    "YYZSRTBZZ": "",
    "YYSR": "",
    "YYSRTBZZ": "",
    "YYSRKCJE": "",
    "KCHYYSR": "",
    "KCHYYSRTBZZ": "",
    "JLRHJ": "",
    "JLRHJTBZZ": "",
    "JLR": "",
    "JLRTBZZ": "",
    "FJCXSY": "",
    "KCFJYXSYHDJLR": "",
    "KCFJYXSYHDJLRTBZZ": "",
    "PTGJLR": "",
    "PTGJLRTBZZ": "",
    "KCFJCXSYHPTGJLR": "",
    "KCFJCXSYHPTGJLRTBZZ": "",
    "JYXJLLJE": "",
    "MGJYXJLLJE": "",
    "ZCZE": "",
    "GDQY": "",
    "MGJZCPL": "",
    "PTGMGJZC": "",
    "GJKJZEJLR": "",
    "GJKJZZJZC": ""
  }
]

=== 920693-2026-04-15-阿为特-2025年年度报告_mgsy.pdf ===
【模块一】
[
  {
    "JZRQ": "2025-12-31",
    "JBMGSY": "0.05",
    "XSMGSY": "0.05",
    "JBMGSYKC": "0.03",
    "XSMGSYKC": "",
    "JLRJZCSYLJQ": "",
    "KCHJLRJZCSYLJQ": "",
    "PTGJZCSYLJQ": "1.07",
    "KCPTGJZCSYLJQ": "0.56",
    "YYZSR": "",
    "YYZSRTBZZ": "",
    "YYSR": "",
    "YYSRTBZZ": "",
    "YYSRKCJE": "",
    "KCHYYSR": "",
    "KCHYYSRTBZZ": "",
    "JLRHJ": "",
    "JLRHJTBZZ": "",
    "JLR": "",
    "JLRTBZZ": "",
    "FJCXSY": "",
    "KCFJYXSYHDJLR": "",
    "KCFJYXSYHDJLRTBZZ": "",
    "PTGJLR": "",
    "PTGJLRTBZZ": "",
    "KCFJCXSYHPTGJLR": "",
    "KCFJCXSYHPTGJLRTBZZ": "",
    "JYXJLLJE": "",
    "MGJYXJLLJE": "",
    "ZCZE": "",
    "GDQY": "",
    "MGJZCPL": "",
    "PTGMGJZC": "",
    "GJKJZEJLR": "",
    "GJKJZZJZC": ""
  }
]

=== 920526-2026-04-15-凯华材料-2025年年度报告_mgsy.pdf ===
【模块一】
[
  {
    "JZRQ": "2025-12-31",
    "JBMGSY": "0.17",
    "XSMGSY": "0.17",
    "JBMGSYKC": "0.17",
    "XSMGSYKC": "",
    "JLRJZCSYLJQ": "6.40",
    "KCHJLRJZCSYLJQ": "6.19",
    "PTGJZCSYLJQ": "",
    "KCPTGJZCSYLJQ": "",
    "YYZSR": "",
    "YYZSRTBZZ": "",
    "YYSR": "",
    "YYSRTBZZ": "",
    "YYSRKCJE": "",
    "KCHYYSR": "",
    "KCHYYSRTBZZ": "",
    "JLRHJ": "",
    "JLRHJTBZZ": "",
    "JLR": "",
    "JLRTBZZ": "",
    "FJCXSY": "",
    "KCFJYXSYHDJLR": "",
    "KCFJYXSYHDJLRTBZZ": "",
    "PTGJLR": "",
    "PTGJLRTBZZ": "",
    "KCFJCXSYHPTGJLR": "",
    "KCFJCXSYHPTGJLRTBZZ": "",
    "JYXJLLJE": "",
    "MGJYXJLLJE": "",
    "ZCZE": "",
    "GDQY": "",
    "MGJZCPL": "",
    "PTGMGJZC": "",
    "GJKJZEJLR": "",
    "GJKJZZJZC": ""
  }
]

=== 920768-2026-04-15-拾比佰-2025年年度报告_mgsy.pdf ===
【模块一】
[
  {
    "JZRQ": "2025-12-31",
    "JBMGSY": "0.49",
    "XSMGSY": "0.49",
    "JBMGSYKC": "0.48",
    "XSMGSYKC": "",
    "JLRJZCSYLJQ": "",
    "KCHJLRJZCSYLJQ": "",
    "PTGJZCSYLJQ": "7.94",
    "KCPTGJZCSYLJQ": "7.80",
    "YYZSR": "",
    "YYZSRTBZZ": "",
    "YYSR": "",
    "YYSRTBZZ": "",
    "YYSRKCJE": "",
    "KCHYYSR": "",
    "KCHYYSRTBZZ": "",
    "JLRHJ": "",
    "JLRHJTBZZ": "",
    "JLR": "",
    "JLRTBZZ": "",
    "FJCXSY": "",
    "KCFJYXSYHDJLR": "",
    "KCFJYXSYHDJLRTBZZ": "",
    "PTGJLR": "",
    "PTGJLRTBZZ": "",
    "KCFJCXSYHPTGJLR": "",
    "KCFJCXSYHPTGJLRTBZZ": "",
    "JYXJLLJE": "",
    "MGJYXJLLJE": "",
    "ZCZE": "",
    "GDQY": "",
    "MGJZCPL": "",
    "PTGMGJZC": "",
    "GJKJZEJLR": "",
    "GJKJZZJZC": ""
  },
  {
    "JZRQ": "2024-12-31",
    "JBMGSY": "-0.03",
    "XSMGSY": "-0.03",
    "JBMGSYKC": "-0.04",
    "XSMGSYKC": "",
    "JLRJZCSYLJQ": "",
    "KCHJLRJZCSYLJQ": "",
    "PTGJZCSYLJQ": "-0.56",
    "KCPTGJZCSYLJQ": "-0.76",
    "YYZSR": "",
    "YYZSRTBZZ": "",
    "YYSR": "",
    "YYSRTBZZ": "",
    "YYSRKCJE": "",
    "KCHYYSR": "",
    "KCHYYSRTBZZ": "",
    "JLRHJ": "",
    "JLRHJTBZZ": "",
    "JLR": "",
    "JLRTBZZ": "",
    "FJCXSY": "",
    "KCFJYXSYHDJLR": "",
    "KCFJYXSYHDJLRTBZZ": "",
    "PTGJLR": "",
    "PTGJLRTBZZ": "",
    "KCFJCXSYHPTGJLR": "",
    "KCFJCXSYHPTGJLRTBZZ": "",
    "JYXJLLJE": "",
    "MGJYXJLLJE": "",
    "ZCZE": "",
    "GDQY": "",
    "MGJZCPL": "",
    "PTGMGJZC": "",
    "GJKJZEJLR": "",
    "GJKJZZJZC": ""
  }
]
