
============================================================
=== X26087-2026-06-24-国电股份招股说明书（申报稿）-188.PDF ===
============================================================
[
  {
    "领导人姓名": "王磊",
    "性别": "",
    "出生日期": "",
    "学历": "",
    "国籍": "中国",
    "职位描述": "董事长、董事、审计委员会委员",
    "职称": "",
    "任期上限": "2025-10-01",
    "兼职状况": "",
    "背景介绍": ""
  },
  {
    "领导人姓名": "王国云",
    "性别": "",
    "出生日期": "",
    "学历": "",
    "国籍": "中国",
    "职位描述": "董事、总经理、提名委员会委员",
    "职称": "",
    "任期上限": "2025-10-01",
    "兼职状况": "",
    "背景介绍": ""
  },
  {
    "领导人姓名": "何立群",
    "性别": "男",
    "出生日期": "1979-10",
    "学历": "本科",
    "国籍": "中国",
    "职位描述": "职工代表董事、董事、副总经理、薪酬与考核委员会委员、核心技术人员",
    "职称": "",
    "任期上限": "2025-10-01",
    "兼职状况": "",
    "背景介绍": "何立群先生，1979年10月出生，中国国籍，中共党员，本科学历，无境外永久居留权。1998年2月至2003年12月，于安徽航天电缆集团有限公司历任生产人员、车间主任；2004年4月至2006年12月，于安徽巢湖黄山特种电缆厂任市场部经理；2007年1月至2016年10月，于安徽国电电缆集团有限公司历任商务部经理、副总经理；2016年10月至2025年10月，任本公司董事、副总经理；2025年10月至今，任本公司职工代表董事、副总经理。"
  },
  {
    "领导人姓名": "丁运生",
    "性别": "男",
    "出生日期": "1966-03",
    "学历": "博士",
    "国籍": "中国",
    "职位描述": "独立董事、提名委员会主任委员、审计委员会委员、薪酬与考核委员会委员",
    "职称": "教授",
    "任期上限": "2025-10-01",
    "兼职状况": "江苏德威新材料股份有限公司独立董事",
    "背景介绍": "丁运生先生，1966年3月出生，中国国籍，中共党员，中国科学技术大学高分子化学与物理专业博士，无境外永久居留权。1997年至今历任合肥工业大学讲师、副教授、教授；2025年5月至今任江苏德威新材料股份有限公司独立董事。"
  },
  {
    "领导人姓名": "杨玉龙",
    "性别": "男",
    "出生日期": "1986-04",
    "学历": "博士",
    "国籍": "中国",
    "职位描述": "独立董事、审计委员会主任委员、薪酬与考核委员会主任委员、提名委员会委员",
    "职称": "教授",
    "任期上限": "2025-10-01",
    "兼职状况": "浙江工商大学会计学院国际会计系主任、曾任浙江富杰德汽车系统股份有限公司独立董事",
    "背景介绍": "杨玉龙先生，1986年4月出生，中国国籍，中共党员，上海财经大学会计学博士，浙江省高校领军人才青年优秀人才，无境外永久居留权。2011年11月至2012年5月，任香港中文大学经济金融研究所助理研究员；2013年6月至今，历任浙江工商大学会计学院讲师、副教授、教授；2024年1月至今，任浙江工商大学会计学院国际会计系主任；2024年1月至2025年8月，任浙江富杰德汽车系统股份有限公司独立董事。"
  },
  {
    "领导人姓名": "王永梅",
    "性别": "女",
    "出生日期": "1979-03",
    "学历": "本科",
    "国籍": "中国",
    "职位描述": "财务负责人",
    "职称": "中级会计师",
    "任期上限": "2025-10-01",
    "兼职状况": "",
    "背景介绍": "王永梅女士，1979年3月出生，中国国籍，中共党员，本科学历，中级会计师，无境外永久居留权。2002年2月至2010年10月，于安徽华星电缆集团有限公司（现安徽臻利投资有限公司）历任会计、主办会计；2010年12月至2011年12月，于中特华星电缆股份有限公司任财务经理；2012年1月至2019年12月，于安徽国电电缆集团有限公司任财务经理；2016年10月至2025年10月，任本公司董事、财务负责人；2025年10月至今，任本公司财务负责人。"
  },
  {
    "领导人姓名": "陶静",
    "性别": "女",
    "出生日期": "1985-12",
    "学历": "本科",
    "国籍": "中国",
    "职位描述": "董事会秘书",
    "职称": "助理工程师",
    "任期上限": "2025-10-01",
    "兼职状况": "",
    "背景介绍": "陶静女士，1985年12月出生，中国国籍，中共党员，本科学历，助理工程师，无境外永久居留权。2007年1月至2008年12月，于安徽凯博尔特种电缆有限公司任商务专员；2009年1月至2016年10月，于安徽国电电缆集团有限公司历任商务部专员、商务部副经理；2016年10月至2022年10月，任本公司监事，并历任商务部副经理、项目管理部经理；2022年10月至2025年10月，任本公司董事、董事会秘书、项目管理部经理；2025年10月至今，任本公司董事会秘书、项目管理部经理。"
  },
  {
    "领导人姓名": "黄晓宝",
    "性别": "",
    "出生日期": "",
    "学历": "",
    "国籍": "",
    "职位描述": "核心技术人员",
    "职称": "",
    "任期上限": "",
    "兼职状况": "",
    "背景介绍": ""
  },
  {
    "领导人姓名": "孙磊",
    "性别": "",
    "出生日期": "",
    "学历": "",
    "国籍": "",
    "职位描述": "核心技术人员",
    "职称": "",
    "任期上限": "",
    "兼职状况": "",
    "背景介绍": ""
  },
  {
    "领导人姓名": "向天波",
    "性别": "",
    "出生日期": "",
    "学历": "",
    "国籍": "",
    "职位描述": "核心技术人员",
    "职称": "",
    "任期上限": "",
    "兼职状况": "",
    "背景介绍": ""
  },
  {
    "领导人姓名": "李炳全",
    "性别": "",
    "出生日期": "",
    "学历": "",
    "国籍": "",
    "职位描述": "核心技术人员",
    "职称": "",
    "任期上限": "",
    "兼职状况": "",
    "背景介绍": ""
  }
]

============================================================
=== X26089-2026-06-24-恒业股份招股说明书（申报稿）-188.PDF ===
============================================================
[
  {
    "领导人姓名": "陈秀银",
    "性别": "男",
    "出生日期": "",
    "学历": "",
    "国籍": "中国",
    "职位描述": "董事长、董事、战略委员会召集人、提名委员会委员",
    "职称": "",
    "任期上限": "2025-12-01",
    "兼职状况": "",
    "背景介绍": "陈秀银先生：详见本招股说明书“第二节概览”之“二、发行人及其控股股东、实际控制人的情况”之“（二）发行人控股股东、实际控制人情况”。"
  },
  {
    "领导人姓名": "邵安强",
    "性别": "男",
    "出生日期": "1980-09",
    "学历": "本科",
    "国籍": "中国",
    "职位描述": "董事、审计委员会委员",
    "职称": "",
    "任期上限": "2025-12-01",
    "兼职状况": "泰昌集团有限公司总裁助理、泰昌科技（杭州）有限公司董事长、浙江恒业电子股份有限公司董事",
    "背景介绍": "邵安强先生：1980年9月出生，中国国籍，无境外永久居留权，本科学历。2005年7月至2018年2月，任职于泰昌集团有限公司，历任商务部长、营销公司副总经理、泰昌电工副总经理等职位，2018年9月至今，就职于泰昌科技（杭州）有限公司，历任总经理、董事长等职位。现任泰昌集团有限公司总裁助理、泰昌科技（杭州）有限公司董事长、浙江恒业电子股份有限公司董事。"
  },
  {
    "领导人姓名": "陈文华",
    "性别": "男",
    "出生日期": "1963-10",
    "学历": "本科",
    "国籍": "中国",
    "职位描述": "董事、总经理、战略委员会委员",
    "职称": "高级工程师",
    "任期上限": "2025-12-01",
    "兼职状况": "",
    "背景介绍": "陈文华先生：1963年10月出生，中国国籍，无境外永久居留权，本科学历，高级工程师。1985年8月至1989年7月，任杭州轻工机械一厂公司设计师；1989年8月至1993年7月，任杭州飞雁接插件厂公司技术科长；1993年8月至1998年12月，任杭州侨兴电讯有限公司设计科长；1999年1月至1999年6月，任杭州之江电力自动化设备有限公司生产技术部长；1999年7月至2011年4月，任杭州百富电子技术有限公司副总裁；2011年5月至2013年2月，任浙江润芝电气有限公司总经理；2013年3月至2022年12月，任浙江恒业电子有限公司总经理；2022年12月至今任浙江恒业电子股份有限公司总经理、董事。"
  },
  {
    "领导人姓名": "邹旭峰",
    "性别": "男",
    "出生日期": "1973-01",
    "学历": "本科",
    "国籍": "中国",
    "职位描述": "董事、副总经理、董事会秘书、薪酬与考核委员会委员",
    "职称": "高级经济师",
    "任期上限": "2025-12-01",
    "兼职状况": "",
    "背景介绍": "邹旭峰先生：1973年1月出生，中国国籍，无境外永久居留权，本科学历，高级经济师。1992年8月至2004年9月，任国网浙江省电力有限公司嘉善县供电公司基层员工；2004年9月至2008年8月，任国网浙江省电力有限公司嘉善县供电公司中层干部；2008年8月至2012年1月，任国网浙江省电力有限公司嘉善县供电公司高层副职。2012年2月至2022年12月任浙江恒业电子有限公司常务副总，2022年12月至今任浙江恒业电子股份有限公司董事、董事会秘书、副总经理。"
  },
  {
    "领导人姓名": "马正良",
    "性别": "男",
    "出生日期": "1965-03",
    "学历": "本科",
    "国籍": "中国",
    "职位描述": "独立董事、审计委员会委员、提名委员会召集人",
    "职称": "一级律师",
    "任期上限": "2025-12-01",
    "兼职状况": "浙江国傲律师事务所主任、浙江恒业电子股份有限公司独立董事、浙江长盛滑动轴承股份有限公司独立董事",
    "背景介绍": "马正良先生：1965年3月出生，中国国籍，无境外永久居留权，本科学历，一级律师。1986年9月至1992年8月，任嘉兴市律师事务所律师；1992年9月至1994年4月，任嘉兴东港律师事务所负责人；1994年5月至1996年11月，任浙江靖远律师事务所律师；1996年12月至今，任浙江国傲律师事务所主任。现任浙江国傲律师事务所主任、浙江恒业电子股份有限公司独立董事、浙江长盛滑动轴承股份有限公司独立董事。"
  },
  {
    "领导人姓名": "张颖辉",
    "性别": "女",
    "出生日期": "1985-01",
    "学历": "本科",
    "国籍": "中国",
    "职位描述": "独立董事、审计委员会召集人、薪酬与考核委员会召集人",
    "职称": "高级会计师",
    "任期上限": "2025-12-01",
    "兼职状况": "浙江吉华集团股份有限公司财务总监、浙江恒业电子股份有限公司独立董事、迈得医疗工业设备股份有限公司独立董事、江苏康倍得药业股份有限公司董事",
    "背景介绍": "张颖辉女士：1985年1月出生，中国国籍，无境外永久居留权，本科学历，高级会计师。2007年6月至2017年4月，任天健会计师事务所公司高级项目经理；2017年5月至2017年8月，任浙江泰隆商业银行股份有限公司投资经理；2017年9月至今任浙江吉华集团股份有限公司财务总监。现任浙江恒业电子股份有限公司独立董事、浙江吉华集团股份有限公司财务总监、迈得医疗工业设备股份有限公司独立董事、江苏康倍得药业股份有限公司董事。"
  },
  {
    "领导人姓名": "王喜",
    "性别": "男",
    "出生日期": "1977-05",
    "学历": "博士",
    "国籍": "中国",
    "职位描述": "独立董事、战略委员会委员、提名委员会委员",
    "职称": "教授",
    "任期上限": "2025-12-01",
    "兼职状况": "嘉兴大学教授、浙江恒业电子股份有限公司独立董事",
    "背景介绍": "王喜先生：1977年5月出生，中国国籍，无境外永久居留权，博士学历。2007年8月至2009年11月任嘉兴学院讲师；2009年12月至2014年11月任嘉兴学院副教授；2014年12月至今任嘉兴大学教授。现任嘉兴大学教授、浙江恒业电子股份有限公司独立董事。"
  },
  {
    "领导人姓名": "洪晨力",
    "性别": "男",
    "出生日期": "1987-08",
    "学历": "本科",
    "国籍": "中国",
    "职位描述": "职工代表董事",
    "职称": "高级工程师",
    "任期上限": "2025-12-01",
    "兼职状况": "",
    "背景介绍": "洪晨力先生：1987年8月出生，中国国籍，无境外永久居留权，本科学历，高级工程师。2008年7月至2010年3月，任杭州电和科技有限公司测试工程师；2010年4月至2012年11月，任杭州大点科技有限公司测试工程师；2012年12月至2014年12月，任浙江恒业电子有限公司测试工程师；2014年12月至2022年12月，任浙江恒业电子有限公司软件工程师。2022年12月至2025年12月任浙江恒业电子股份有限公司研发部副经理、监事会主席。2025年12月至今任浙江恒业电子股份有限公司研发部副经理、职工代表董事。"
  },
  {
    "领导人姓名": "孙林忠",
    "性别": "男",
    "出生日期": "1981-11",
    "学历": "本科",
    "国籍": "中国",
    "职位描述": "副总经理、总工程师、研发部经理、核心技术人员",
    "职称": "高级工程师",
    "任期上限": "2025-12-01",
    "兼职状况": "",
    "背景介绍": "孙林忠先生：1981年11月出生，中国国籍，无境外永久居留权，本科学历，高级工程师。2007年8月至2008年7月，任杭州帝能电子有限公司硬件工程师；2008年8月至2010年3月，任杭州电和科技有限公司硬件工程师；2010年4月至2015年3月，任杭州大点科技有限公司部门经理；2015年4月至2022年12月任浙江恒业电子有限公司研发部经理、总工程师；2022年12月至今任浙江恒业电子股份有限公司副总经理、总工程师、研发部经理。"
  },
  {
    "领导人姓名": "胡萌",
    "性别": "",
    "出生日期": "",
    "学历": "",
    "国籍": "",
    "职位描述": "核心技术人员",
    "职称": "",
    "任期上限": "",
    "兼职状况": "",
    "背景介绍": ""
  },
  {
    "领导人姓名": "鲁燕飞",
    "性别": "男",
    "出生日期": "1981-12",
    "学历": "本科",
    "国籍": "中国",
    "职位描述": "副总经理",
    "职称": "",
    "任期上限": "2025-12-01",
    "兼职状况": "",
    "背景介绍": "鲁燕飞先生：1981年12月出生，中国国籍，无境外永久居留权，本科学历。1999年11月至2003年8月，任杭州松下马达有限公司制造课组长；2003年9月至2013年8月，任杭州百富电子技术有限公司质量部：QC主管、QA主管、副经理；2013年9月至2022年12月历任浙江恒业电子有限公司品质部经理、技术部经理、生产部经理；现任浙江恒业电子股份有限公司副总经理。"
  },
  {
    "领导人姓名": "黄亨",
    "性别": "男",
    "出生日期": "1978-10",
    "学历": "本科",
    "国籍": "中国",
    "职位描述": "副总经理",
    "职称": "高级工程师",
    "任期上限": "2025-12-01",
    "兼职状况": "",
    "背景介绍": "黄亨先生：1978年10月出生，中国国籍，无境外永久居留权，本科学历，高级工程师。2002年6月至2002年11月任温州泰昌铁塔制造有限公司车间主任；2002年11月至2012年2月历任浙江泰昌实业有限公司总师办主任、生产部部长、总工程师助理；2012年2月至2014年9月任浙江中电工程设计有限公司营销经理；2014年9月至2022年12月历任浙江恒业电子有限公司品质部经理、营销部经理；2022年12月至2025年12月任浙江恒业电子股份有限公司营销部经理。2025年12月至今任浙江恒业电子股份有限公司副总经理。"
  },
  {
    "领导人姓名": "周静娟",
    "性别": "女",
    "出生日期": "1970-05",
    "学历": "大专",
    "国籍": "中国",
    "职位描述": "财务总监",
    "职称": "中级会计师",
    "任期上限": "2025-12-01",
    "兼职状况": "",
    "背景介绍": "周静娟女士：1970年5月出生，中国国籍，无境外永久居留权，大专学历，中级会计师。1991年10月至1994年6月，任平湖市通用商行出纳；1994年7月至1997年12月，任平湖市巨龙电脑公司出纳；1998年1月至2004年6月，任平湖市农电管理总站会计；2004年7月至2008年12月，任平湖市通用电气安装有限公司会计；2009年1月至2022年12月，任浙江恒业电子有限公司财务经理。2022年12月至今任浙江恒业电子股份有限公司财务总监。"
  }
]

============================================================
=== X26088-2026-06-24-爱思益普招股说明书（申报稿）-188.PDF ===
============================================================
[
  {
    "领导人姓名": "闫励",
    "性别": "女",
    "出生日期": "1972-08",
    "学历": "博士",
    "国籍": "中国",
    "职位描述": "董事长、董事、总经理、战略与发展委员会召集人、薪酬与考核委员会委员、提名委员会委员、核心技术人员",
    "职称": "正高级工程师",
    "任期上限": "2024-05-14",
    "兼职状况": "",
    "背景介绍": "闫励，女，1972年8月出生，中国国籍，无境外永久居留权，博士学历，正高级工程师。2003年至2009年，于德国鲁尔波鸿大学(Ruhr University Bochum,Germany)任神经生理教研室助教、研究员；2010年至今，创立爱思益普并历任总经理、董事长；2015年，入选北京市“海聚工程”海外高层次人才，被聘为“北京市特聘专家”；同年入选北京经济技术开发区“亦麒麟新创工程”创新创业人才。2016年至2021年，任北京市大兴区第五届政协委员。"
  },
  {
    "领导人姓名": "李英骥",
    "性别": "男",
    "出生日期": "1972-06",
    "学历": "博士",
    "国籍": "中国",
    "职位描述": "董事、总经理、副总经理、战略与发展委员会委员、核心技术人员",
    "职称": "",
    "任期上限": "2024-05-14",
    "兼职状况": "现兼任贵州中钥执行董事、总经理。",
    "背景介绍": "李英骥，男，1972年6月出生，中国国籍，无境外永久居留权。吉林大学生理学博士，德国吉森大学医学博士，奥地利格拉茨医科大学博士后。2010年至今，创立爱思益普并历任董事、总经理；2015年，入选北京市“海聚工程”海外高层次人才，被聘为“北京市特聘专家”；同年入选北京经济技术开发区“亦麒麟新创工程”创新创业人才；2017年入选江苏省双创人才，徐州市双创人才。现兼任贵州中钥执行董事、总经理。"
  },
  {
    "领导人姓名": "闫斌",
    "性别": "男",
    "出生日期": "1969-11",
    "学历": "本科",
    "国籍": "中国",
    "职位描述": "董事、审计委员会委员",
    "职称": "中级会计师",
    "任期上限": "2024-05-14",
    "兼职状况": "",
    "背景介绍": "闫斌，男，1969年11月出生，中国国籍，无境外永久居留权，本科学历，中级会计师。1991年7月至1999年4月，任哈尔滨市电工仪表研究所会计；1999年4月至2004年4月，任哈尔滨天润集团有限公司主管会计；2004年4月至2010年10月，历任哈尔滨翔鹰集团股份有限公司财务部长、财务总监；2010年10月至2022年1月，历任哈尔滨市城乡发展集团有限公司财务部长、总经济师；2022年1月加入爱思益普，现任爱思益普董事、审计委员会委员、运营中心负责人。"
  },
  {
    "领导人姓名": "张旭",
    "性别": "男",
    "出生日期": "1980-02",
    "学历": "博士",
    "国籍": "中国",
    "职位描述": "董事、职工代表董事",
    "职称": "",
    "任期上限": "2024-05-14",
    "兼职状况": "",
    "背景介绍": "张旭，男，1980年2月出生，中国国籍，无境外永久居留权，博士学历。2009年7月至2013年4月，任康龙化成（北京）新药技术有限公司生物部及电生理部资深组长。2013年4月加入爱思益普，现任爱思益普职工代表董事。"
  },
  {
    "领导人姓名": "张善良",
    "性别": "男",
    "出生日期": "1965-11",
    "学历": "硕士",
    "国籍": "中国",
    "职位描述": "董事",
    "职称": "高级经济师",
    "任期上限": "2024-05-14",
    "兼职状况": "任荷塘创业投资管理（北京）有限公司董事总经理，合伙人。",
    "背景介绍": "张善良，男，1965年11月出生，中国国籍，无境外永久居留权，硕士学历，高级经济师。1988年7月至1998年7月，任职于国家计划委员会/国家发展改革委员会经贸流通司，1994年任副处长；1998年7月至2005年7月，历任海通证券公司投资银行（北京）总部总经理助理、副总经理；2005年8月至2008年8月，任西班牙伊维尔德罗拉公司中国首席代表；2008年9月至2010年9月，任中信证券金石投资有限公司战略发展总监；2010年10月至2014年6月，任金灿股权投资基金创始合伙人；2014年7月至今，任荷塘创业投资管理（北京）有限公司董事总经理，合伙人。2021年11月至今，任爱思益普董事。"
  },
  {
    "领导人姓名": "李洪森",
    "性别": "男",
    "出生日期": "1983-08",
    "学历": "硕士",
    "国籍": "中国",
    "职位描述": "董事",
    "职称": "",
    "任期上限": "2024-05-14",
    "兼职状况": "任金雨茂物投资管理股份有限公司副总裁、合伙人。",
    "背景介绍": "李洪森，男，1983年8月出生，中国国籍，无境外永久居留权，硕士学历。2008年9月至2011年11月，任毕马威会计师事务所审计经理；2011年11月至今，任金雨茂物投资管理股份有限公司副总裁、合伙人。2021年11月至今，任爱思益普董事。"
  },
  {
    "领导人姓名": "胡旭宇",
    "性别": "男",
    "出生日期": "1979-09",
    "学历": "硕士",
    "国籍": "中国",
    "职位描述": "董事",
    "职称": "",
    "任期上限": "2024-05-14",
    "兼职状况": "历任济峰资本投资董事、合伙人、管理合伙人。",
    "背景介绍": "胡旭宇，男，1979年9月出生，中国国籍，无境外永久居留权，硕士学历。2007年11月至2010年6月，任赛诺菲（中国）投资有限公司大区销售经理；2010年10月至2015年5月，任生工生物工程（上海）股份有限公司（BBI生命科学有限公司子公司）副总经理；2014年1月至2015年5月，任 BBI生命科学有限公司副总裁；2015年7月至今，历任济峰资本投资董事、合伙人、管理合伙人。2022年8月至今，任爱思益普董事。"
  },
  {
    "领导人姓名": "陈龙",
    "性别": "男",
    "出生日期": "1963-04",
    "学历": "博士",
    "国籍": "中国",
    "职位描述": "独立董事、薪酬与考核委员会召集人",
    "职称": "研究员",
    "任期上限": "2025-12-05",
    "兼职状况": "任泰州中国医药城中医药研究院副院长；国际遗传工程和生物技术中心（ICGEB）泰州区域研究中心兼职教授；苏州韬略生物科技股份有限公司独立董事。",
    "背景介绍": "陈龙，男，1963年4月出生，中国国籍，无境外永久居留权，医学博士。1992年至1994年，任南京中医药大学中医药研究所讲师；1994年至1998年，任美国纽约州立大学布鲁克林医疗中心（Brooklyn Medical Center）研究助理；1998年至2004年，任美国印第安纳州礼来公司（Eli Lilly and Company）生物学家；2004年至2014年，任南京中医药大学药学院副研究员；2014年至2023年，任南京中医药大学药学院研究员；2009年至今，任泰州中国医药城中医药研究院副院长；2023年至今，任国际遗传工程和生物技术中心（ICGEB）泰州区域研究中心兼职教授；2021年至今，任苏州韬略生物科技股份有限公司独立董事。2025年12月至今，任爱思益普独立董事。"
  },
  {
    "领导人姓名": "杜小妹",
    "性别": "女",
    "出生日期": "1972-01",
    "学历": "硕士",
    "国籍": "中国",
    "职位描述": "独立董事、审计委员会委员、提名委员会委员",
    "职称": "律师",
    "任期上限": "2025-12-05",
    "兼职状况": "任北京市京师律师事务所合伙人律师。",
    "背景介绍": "杜小妹，女，1972年1月出生，中国国籍，无境外永久居留权，管理学硕士，北京市京师律师事务所合伙人律师，中国注册会计师（非执业）、税务师。2003年至2007年，任北京中信国安盟固利电源技术有限公司财务经理；2007年至2014年，任中瑞岳华税务师事务所高级经理；2014年至今，任北京市京师律师事务所执业律师、合伙人律师。2025年12月至今，任爱思益普独立董事、审计委员会委员。"
  },
  {
    "领导人姓名": "孟丽荣",
    "性别": "女",
    "出生日期": "1975-05",
    "学历": "博士",
    "国籍": "中国",
    "职位描述": "独立董事、审计委员会召集人",
    "职称": "教授",
    "任期上限": "2025-12-05",
    "兼职状况": "任哈尔滨商业大学会计学院教研室书记；合众资产管理股份有限公司独立董事；航天宏图信息技术股份有限公司独立董事。",
    "背景介绍": "孟丽荣，女，1975年5月出生，中国国籍，无境外永久居留权，管理学博士，博士后，教授，研究生导师，中国商业会计学会理事。2012年3月至今，任哈尔滨商业大学会计学院教研室书记；2022年4月至今，任合众资产管理股份有限公司独立董事；2023年5月至今，任航天宏图信息技术股份有限公司独立董事。2025年12月至今，任爱思益普独立董事、审计委员会召集人。"
  },
  {
    "领导人姓名": "章宏",
    "性别": "男",
    "出生日期": "1974-07",
    "学历": "博士",
    "国籍": "中国",
    "职位描述": "独立董事、战略与发展委员会委员、薪酬与考核委员会委员",
    "职称": "副教授",
    "任期上限": "2026-03-27",
    "兼职状况": "任吉林大学生理学系副教授；吉林大学基础医学院科技开发中心主任。",
    "背景介绍": "章宏，男，1974年7月出生，中国国籍，无境外永久居留权，生理学博士；1997年至1999年，任白求恩医科大学生理教研室助教；2000年至2012年，任吉林大学生理学系讲师；2012年至今，任吉林大学生理学系副教授。目前同时担任吉林大学基础医学院科技开发中心主任。2026年3月至今，任爱思益普独立董事。"
  },
  {
    "领导人姓名": "胡志平",
    "性别": "男",
    "出生日期": "1981-04",
    "学历": "硕士",
    "国籍": "中国",
    "职位描述": "副总经理",
    "职称": "",
    "任期上限": "2024-05-14",
    "兼职状况": "",
    "背景介绍": "胡志平，男，1981年4月出生，中国国籍，无境外永久居留权，硕士学历。2005年12月至2006年12月，任康化（上海）新药研发有限公司分析测试组组长；2006年12月至2007年5月，任瓦里安上海代表处技术支持；2007年5月至2020年9月，任沃特世科技（上海）有限公司高级销售经理。2021年1月加入爱思益普，现任爱思益普副总经理。"
  },
  {
    "领导人姓名": "邴铁军",
    "性别": "男",
    "出生日期": "1987-03",
    "学历": "博士",
    "国籍": "中国",
    "职位描述": "副总经理",
    "职称": "",
    "任期上限": "2024-05-14",
    "兼职状况": "",
    "背景介绍": "邴铁军，男，1987年3月出生，中国国籍，无境外永久居留权，博士学历。2014年7月至2021年11月，任康龙化成（北京）新药技术股份有限公司高级项目经理。2021年11月加入爱思益普，现任爱思益普副总经理。"
  },
  {
    "领导人姓名": "余燕",
    "性别": "女",
    "出生日期": "1986-07",
    "学历": "本科",
    "国籍": "中国",
    "职位描述": "财务总监、董事会秘书",
    "职称": "中级会计师、美国注册管理会计师",
    "任期上限": "2024-05-14",
    "兼职状况": "",
    "背景介绍": "余燕，女，1986年7月出生，中国国籍，无境外永久居留权，本科学历，中级会计师、美国注册管理会计师。2010年7月至2012年9月，任北京华文书海图书批发有限公司项目管理员；2012年9月至2019年3月，任信永中和会计师事务所（特殊普通合伙）审计员、项目经理；2019年3月至2023年12月，历任北京诺康达医药科技股份有限公司内审部经理、证券事务部总监、副总经理、董事会秘书、工会主席。2024年2月加入爱思益普，现任爱思益普董事会秘书、财务总监。"
  }
]

============================================================
=== X26091-2026-06-24-延长中科（大连）能源科技股份有限公司_招股说明书(申报稿)-906.PDF ===
============================================================
[
  {
    "领导人姓名": "侯钦利",
    "性别": "男",
    "出生日期": "1973-01",
    "学历": "本科",
    "国籍": "中国",
    "职位描述": "董事长、董事、核心技术人员",
    "职称": "高级工程师",
    "任期上限": "2025-06-01",
    "兼职状况": "",
    "背景介绍": "侯钦利先生，1973年出生，中国国籍，无境外永久居留权，本科学历，高级工程师。1997年12月-2005年3月，在山东滕州鲁南化肥厂历任煤化工及水煤浆气化国家工程中心技术员、鲁南化肥厂调度室任调度员、值班调度长；2005年3月-2011年10月，在兖州煤业榆林能化有限公司历任工艺部副部长、调度室主任、生技部部长、合成车间主任，2010年10月任副总工程师；2011年10月-2012年9月，在鄂尔多斯市国泰化工有限公司任总工程师；2012年9月-2018年12月，在华电榆林天然气化工有限责任公司任副总经理，在陕西榆林凯越煤化有限责任公司任厂长；2018年12月-2025年6月，在陕西延长石油榆神煤化工有限公司任执行董事、总经理；2025年6月至今，在延长中科任董事长、党支部书记。"
  },
  {
    "领导人姓名": "赵小明",
    "性别": "男",
    "出生日期": "1963-01",
    "学历": "博士",
    "国籍": "中国",
    "职位描述": "董事、核心技术人员",
    "职称": "正高级工程师",
    "任期上限": "2023-11-01",
    "兼职状况": "",
    "背景介绍": "赵小明先生，1963年出生，中国国籍，无境外永久居留权，博士研究生学历，正高级工程师。1987年7月-1999年9月，在陕西省农科院植保所任副研究员；1999年9月-2005年6月，在西北农林科技大学任副研究员；2005年7月至今，在大连化物所任正高级工程师；2017年1月至今，在延长中科任董事。"
  },
  {
    "领导人姓名": "高俊文",
    "性别": "男",
    "出生日期": "1966-01",
    "学历": "本科",
    "国籍": "中国",
    "职位描述": "董事、核心技术人员",
    "职称": "正高级工程师",
    "任期上限": "2017-01-01",
    "兼职状况": "",
    "背景介绍": "高俊文先生，1966年出生，中国国籍，无境外永久居留权，本科学历，正高级工程师。1988年7月-2011年3月，在西北化工研究院任课题负责人、催化研究所主任工程师。2011年3月至今，在延长集团任科技部主管、副部长，副协理员；2017年1月至今，在延长中科任董事。"
  },
  {
    "领导人姓名": "杨学成",
    "性别": "男",
    "出生日期": "1966-01",
    "学历": "本科",
    "国籍": "中国",
    "职位描述": "董事、核心技术人员",
    "职称": "正高级工程师",
    "任期上限": "2023-11-01",
    "兼职状况": "",
    "背景介绍": "杨学成先生，1966年出生，中国国籍，无境外永久居留权，本科学历，正高级工程师。1987年7月-2001年2月，在大化集团股份有限公司先后在电力车间、机动处、机电安装公司工作，1998年10月任高级工程师；2001年4月-2019年6月，在大连化物所历任行政后勤/基建电气管理/基建办副主任、主任/处长；2019年7月-2022年12月，在中科化物（大连）科技服务有限公司任总经理；2023年1月-2024年10月，在中科化物任总经理；2024年11月-2026年5月，在中科化物任负责人；2023年11月至今，在延长中科任董事。"
  },
  {
    "领导人姓名": "朱文良",
    "性别": "男",
    "出生日期": "1974-01",
    "学历": "博士",
    "国籍": "中国",
    "职位描述": "董事、核心技术人员",
    "职称": "",
    "任期上限": "2023-11-01",
    "兼职状况": "",
    "背景介绍": "朱文良先生，1974年出生，中国国籍，无境外永久居留权，博士研究生学历。1996年7月-1998年8月在天津第二石油化工厂任职；1998年9月-2001年7月，在大连理工大学攻读石油化工专业硕士学位；2001年8月-2005年5月，在大连化物所攻读物理化学专业博士学位；2005年6月-2008年3月，在日本北九州市立大学攻读工业催化专业博士后；2008年4-2009年4月，在德州农工大学卡塔尔分校攻读工业催化博士后；2009年5月至今，在大连化物所担任组长；2023年11月至今，在延长中科任董事。"
  },
  {
    "领导人姓名": "王玉蓓",
    "性别": "女",
    "出生日期": "1976-01",
    "学历": "硕士",
    "国籍": "中国",
    "职位描述": "董事、董事会审计委员会成员、核心技术人员",
    "职称": "高级会计师",
    "任期上限": "2026-05-01",
    "兼职状况": "",
    "背景介绍": "王玉蓓女士，1976年出生，中国国籍，无境外永久居留权，硕士研究生学历，高级会计师。1997年3月-2003年12月，在永安财产保险股份有限公司陕西分公司及所属机构任出纳、会计；2003年12月-2007年4月，在永安财产保险股份有限公司山西分公司任计划财务部经理；2007年4月-2012年8月，在永安财产保险股份有限公司总公司任计划财务部高级经理；2012年9月-2020年8月，在陕西延长石油（集团）有限责任公司碳氢高效利用技术研究中心历任财务部会计、财务资产部副部长、部长；2020年8月-2021年9月，在陕西延长石油（集团）有限责任公司销售公司永坪分公司任总会计师；2021年9月-2024年9月，在陕西延长石油（集团）有限责任公司销售公司任公司财务资产部副部长；2024年9月-2025年12月，在陕西延长石油（集团）有限责任公司铁路运销公司任总会计师；2026年1月-至今，在延长资本任计划财务部副部长；2026年5月至今，在延长中科任董事。"
  },
  {
    "领导人姓名": "张继明",
    "性别": "男",
    "出生日期": "1963-01",
    "学历": "",
    "国籍": "中国",
    "职位描述": "独立董事、董事会审计委员会成员、核心技术人员",
    "职称": "高级工程师",
    "任期上限": "2025-12-01",
    "兼职状况": "",
    "背景介绍": "张继明先生，1963年出生，中国国籍，无境外永久居留权，高级工程师。1985年8月-2003年4月，在中石油辽阳石化炼油厂历任车间副主任、主任、副厂长、厂长；2003年4月-2012年9月，在神华集团鄂尔多斯煤制油公司煤制油分公司任总经理、党委书记，兼任中国神华煤制油化工公司副总裁；2012年10月-2016年6月，在中国神华煤制油化工公司任总裁、董事长、党委副书记；2016年7月-2019年9月，在中国神华能源股份有限公司任副总裁、总裁、党委副书记；2019年10月-2023年11月，在国家能源集团任总经理助理；2023年11月退休；2025年12月至今，在延长中科任独立董事。"
  },
  {
    "领导人姓名": "冯根福",
    "性别": "男",
    "出生日期": "1957-01",
    "学历": "博士",
    "国籍": "中国",
    "职位描述": "独立董事、核心技术人员",
    "职称": "教授",
    "任期上限": "2025-12-01",
    "兼职状况": "",
    "背景介绍": "冯根福先生，1957年出生，中国国籍，无境外永久居留权，经济学博士、教授。1982年8月-2000年7月，在陕西财经学院学报编辑部、工商学院任编辑、主任、院长、博导；2000年8月至2016年1月，在西安交通大学经济与金融学院任院长、主编、博导；2016年2月至今，在西安交通大学经济与金融学院任主编、博导；2025年12月至今，在延长中科任独立董事。"
  },
  {
    "领导人姓名": "肖作平",
    "性别": "男",
    "出生日期": "1975-01",
    "学历": "博士",
    "国籍": "中国",
    "职位描述": "独立董事、董事会审计委员会召集人、核心技术人员",
    "职称": "教授",
    "任期上限": "2025-12-01",
    "兼职状况": "",
    "背景介绍": "肖作平先生，1975年出生，中国国籍，无境外永久居留权，企业管理博士、教授。2004年7月-2005年3月，在杭州电子科技大学任讲师；2005年4月-2007年4月，在清华大学任博士后；2007年4月-2018年10月，在西南交通大学任教授；2018年10月至今，在杭州电子科技大学任教授；2025年12月至今，在延长中科任独立董事。"
  },
  {
    "领导人姓名": "王辉",
    "性别": "男",
    "出生日期": "1978-01",
    "学历": "博士",
    "国籍": "中国",
    "职位描述": "总经理、核心技术人员",
    "职称": "正高级工程师",
    "任期上限": "2020-11-01",
    "兼职状况": "",
    "背景介绍": "王辉先生，1978年出生，中国国籍，无境外永久居留权，博士研究生学历，正高级工程师。2008年11月-2013年11月，在中国石化集团资产经营管理有限公司上海石油化工研究院研究五部任主管工程师，2013年11月-2014年12月，在广西交通实业有限公司任副总经理；2015年1月-2017年12月，在中国石化集团资产经营管理有限公司上海石油化工研究院技术市场部任部门主管；2018年1月-2020年9月，在延长中科任副总经理；2020年10月至今，在延长中科任总经理。"
  },
  {
    "领导人姓名": "张静",
    "性别": "男",
    "出生日期": "1984-01",
    "学历": "硕士",
    "国籍": "中国",
    "职位描述": "副总经理、核心技术人员",
    "职称": "高级工程师",
    "任期上限": "2023-05-01",
    "兼职状况": "",
    "背景介绍": "张静先生，1984年出生，中国国籍，无境外永久居留权，硕士研究生学历，高级工程师。2009年7月-2010年10月，在陕西延长石油延安炼油厂任联合二车间操作工；2010年11月-2011年7月，在陕西兴化集团有限责任公司任生产部调度员；2011年8月-2016年9月，在陕西兴化集团有限责任公司任技术开发部技术员；2016年10月-2019年8月，在陕西兴化集团有限责任公司任乙醇车间副主任；2019年8月-2023年5月，在延长中科任市场营销部部长；2023年5月-2025年1月，在延长中科任副总经理兼市场营销部部长；2025年1月至今，在延长中科任副总经理。"
  },
  {
    "领导人姓名": "裴仁彦",
    "性别": "男",
    "出生日期": "1979-01",
    "学历": "博士",
    "国籍": "中国",
    "职位描述": "副总经理、研发总监、核心技术人员",
    "职称": "正高级工程师",
    "任期上限": "2025-12-01",
    "兼职状况": "",
    "背景介绍": "裴仁彦先生，1979年出生，中国国籍，无境外永久居留权，博士研究生学历，正高级工程师。2001年9月-2003年7月，在中石化镇海炼化股份有限公司任操作工；2003年9月-2006年7月，在辽宁石油化工大学攻读化学工程与工艺专业硕士学位；2006年9月-2010年12月，在中国科学院大连化学物理研究所攻读工业催化专业博士学位；2011年1月-2017年4月，在中海油天津化工研究设计院任项目组组长；2017年4月至今，在延长中科任技术研发部长；2025年1月-2025年2月，在延长中科任副总工程师兼技术研发部部长；2025年12月至今，在延长中科任副总经理、研发总监兼技术研发部部长。"
  },
  {
    "领导人姓名": "唐天济",
    "性别": "男",
    "出生日期": "1983-01",
    "学历": "硕士",
    "国籍": "中国",
    "职位描述": "副总经理、董事会秘书、核心技术人员",
    "职称": "中级经济师",
    "任期上限": "2025-12-01",
    "兼职状况": "",
    "背景介绍": "唐天济先生，1983年出生，中国国籍，无境外永久居留权，硕士研究生学历，中级经济师。2005年7月-2007年7月，在中海北方物流有限公司任项目物流部客服主办；2007年7月-2009年7月，在中海集装箱运输大连有限公司任人力资源部人事主管；2009年7月-2011年12月，在中海集装箱运输大连有限公司任外贸市场一部东南亚航线经理；2012年1月-2017年3月，在中海北方物流有限公司任工程物流事业部总经理助理；2017年4月2020年11月，在延长中科任办公室主任；2020年11月-2025年12月，在延长中科任办公室主任兼采购物流部部长；2025年12月至今，在延长中科任副总经理、董事会秘书兼办公室主任。"
  },
  {
    "领导人姓名": "刘洋",
    "性别": "女",
    "出生日期": "1984-01",
    "学历": "硕士",
    "国籍": "中国",
    "职位描述": "财务总监、核心技术人员",
    "职称": "注册会计师、高级经济师",
    "任期上限": "2026-02-01",
    "兼职状况": "",
    "背景介绍": "刘洋女士，1984年出生，中国国籍，无境外永久居留权，硕士研究生学历，中国注册会计师、高级经济师。2006年8月-2010年2月，在毕马威华振会计师事务所历任初级审计师、高级审计师；在2013年4月-2014年12月，在大连理工大学任会计；2015年1月-2016年8月，在麦楷博平（北京）财务咨询有限公司历任助理经理、经理；2016年8月-2017年10月，在北京未来科学城发展集团有限公司任内部审计专员；2017年11月-2021年8月，在中科化物任财务负责人兼股权部部长；2021年9月-2025年10月，在国创氢能科技有限公司任财务总监；2026年2月至今，在延长中科任财务总监。"
  },
  {
    "领导人姓名": "张玉玲",
    "性别": "女",
    "出生日期": "1989-01",
    "学历": "硕士",
    "国籍": "中国",
    "职位描述": "核心技术人员",
    "职称": "高级工程师",
    "任期上限": "",
    "兼职状况": "",
    "背景介绍": "张玉玲女士，1989年出生，中国国籍，无境外永久居留权，硕士研究生学历，高级工程师。2017年8月-2022年4月，在延长中科任工程技术专员；2022年5月-2026年1月，在延长中科任研发课题组长；2026年2月-至今，在延长中科任技术研发部副部长。"
  },
  {
    "领导人姓名": "夏春晖",
    "性别": "男",
    "出生日期": "1987-01",
    "学历": "硕士",
    "国籍": "中国",
    "职位描述": "核心技术人员",
    "职称": "高级工程师",
    "任期上限": "",
    "兼职状况": "",
    "背景介绍": "夏春晖先生，1987年出生，中国国籍，无境外永久居留权，硕士研究生学历，高级工程师。2014年6月-2018年3月，在山东齐鲁科力化工研究院有限公司任研发课题组长；2018年3月-至今，在延长中科任研发课题组长。"
  },
  {
    "领导人姓名": "吕新新",
    "性别": "女",
    "出生日期": "1985-01",
    "学历": "硕士",
    "国籍": "中国",
    "职位描述": "核心技术人员",
    "职称": "高级工程师",
    "任期上限": "",
    "兼职状况": "",
    "背景介绍": "吕新新女士，1985年出生，中国国籍，无境外永久居留权，硕士研究生学历，高级工程师。2011年7月-2018年1月，在大连化物所1203组任职；2018年2月至今，在延长中科任研发课题组长。"
  },
  {
    "领导人姓名": "王国建",
    "性别": "男",
    "出生日期": "1991-01",
    "学历": "硕士",
    "国籍": "中国",
    "职位描述": "核心技术人员",
    "职称": "高级工程师",
    "任期上限": "",
    "兼职状况": "",
    "背景介绍": "王国建先生，1991年出生，中国国籍，无境外永久居留权，硕士研究生学历，高级工程师。2016年7月-2018年4月，在中触媒新材料股份有限公司任研发实验员；2018年5月-2020年3月，在大连化物所任职；2020年3月-至今，在延长中科任研发课题组长。"
  },
  {
    "领导人姓名": "向骁",
    "性别": "男",
    "出生日期": "1990-01",
    "学历": "博士",
    "国籍": "中国",
    "职位描述": "核心技术人员",
    "职称": "高级工程师",
    "任期上限": "",
    "兼职状况": "",
    "背景介绍": "向骁先生，1990年出生，中国国籍，无境外永久居留权，博士研究生学历，高级工程师。2017年9月至今，在延长中科历任生产主管、生产部副部长、生产一部部长。"
  },
  {
    "领导人姓名": "宋智甲",
    "性别": "男",
    "出生日期": "1990-01",
    "学历": "博士",
    "国籍": "中国",
    "职位描述": "核心技术人员",
    "职称": "高级工程师",
    "任期上限": "",
    "兼职状况": "",
    "背景介绍": "宋智甲先生，1990年出生，中国国籍，无境外永久居留权，博士研究生学历，高级工程师。2018年4月至今，在延长中科历任生产部主管、副部长、生产二部部长。"
  }
]
