
=== 000506-2026-04-16-招金黄金2026年一季度报告.PDF ===
[
  {
    "JZRQ": "2026-03-31",
    "RQBZ": "累计",
    "JBMGSY": "0.20",
    "XSMGSY": "0.20",
    "JBMGSYKC": "",
    "XSMGSYKC": "",
    "JLRJZCSYLJQ": "23.60%",
    "KCHJLRJZCSYLJQ": "",
    "YYZSR": "",
    "YYSR": "178879540.33",
    "JLRHJ": "",
    "JLR": "187405996.36",
    "KCFJYXSYHDJLR": "58521262.60",
    "YYZSRTBZZ": "",
    "YYSRTBZZ": "82.79%",
    "JLRHJTBZZ": "",
    "JLRTBZZ": "6136.21%",
    "KCFJYXSYHDJLRTBZZ": "2261.77%",
    "JYXJLLJE": "12321169.09",
    "ZCZE": "1469863561.37",
    "GDQY": "889093912.43",
    "FJCXSY": "128884733.76",
    "MGJYXJLLJE": "",
    "MGJZCPL": ""
  },
  {
    "JZRQ": "2025-03-31",
    "RQBZ": "累计",
    "JBMGSY": "-0.0033",
    "XSMGSY": "-0.0033",
    "JBMGSYKC": "",
    "XSMGSYKC": "",
    "JLRJZCSYLJQ": "-0.59%",
    "KCHJLRJZCSYLJQ": "",
    "YYZSR": "",
    "YYSR": "97861723.21",
    "JLRHJ": "",
    "JLR": "-3104696.05",
    "KCFJYXSYHDJLR": "-2707100.65",
    "YYZSRTBZZ": "",
    "YYSRTBZZ": "",
    "JLRHJTBZZ": "",
    "JLRTBZZ": "",
    "KCFJYXSYHDJLRTBZZ": "",
    "JYXJLLJE": "24408638.06",
    "ZCZE": "1450075515.07",
    "GDQY": "698848704.55",
    "FJCXSY": "",
    "MGJYXJLLJE": "",
    "MGJZCPL": ""
  }
]

=== 002546-2026-04-16-新联电子2026年一季度报告.PDF ===
[
  {
    "JZRQ": "2026-03-31",
    "RQBZ": "累计",
    "JBMGSY": "0.11",
    "XSMGSY": "0.11",
    "JBMGSYKC": "",
    "XSMGSYKC": "",
    "JLRJZCSYLJQ": "2.37%",
    "KCHJLRJZCSYLJQ": "",
    "YYZSR": "",
    "YYSR": "196956464.90",
    "JLRHJ": "",
    "JLR": "91152716.65",
    "KCFJYXSYHDJLR": "40355903.17",
    "YYZSRTBZZ": "",
    "YYSRTBZZ": "11.10%",
    "JLRHJTBZZ": "",
    "JLRTBZZ": "-15.04%",
    "KCFJYXSYHDJLRTBZZ": "0.34%",
    "JYXJLLJE": "14805788.11",
    "ZCZE": "4281638929.02",
    "GDQY": "3885250276.61",
    "FJCXSY": "50796813.48",
    "MGJYXJLLJE": "",
    "MGJZCPL": ""
  },
  {
    "JZRQ": "2025-03-31",
    "RQBZ": "累计",
    "JBMGSY": "0.13",
    "XSMGSY": "0.13",
    "JBMGSYKC": "",
    "XSMGSYKC": "",
    "JLRJZCSYLJQ": "3.19%",
    "KCHJLRJZCSYLJQ": "",
    "YYZSR": "",
    "YYSR": "177285324.07",
    "JLRHJ": "",
    "JLR": "107294081.28",
    "KCFJYXSYHDJLR": "40220196.76",
    "YYZSRTBZZ": "",
    "YYSRTBZZ": "",
    "JLRHJTBZZ": "",
    "JLRTBZZ": "",
    "KCFJYXSYHDJLRTBZZ": "",
    "JYXJLLJE": "-35130313.26",
    "ZCZE": "4147177312.98",
    "GDQY": "3794097559.96",
    "FJCXSY": "",
    "MGJYXJLLJE": "",
    "MGJZCPL": ""
  }
]

=== 600318-2026-04-16-新力金融安徽新力金融股份有限公司2026年第一季度报告.PDF ===
[
  {
    "JZRQ": "2026-03-31",
    "RQBZ": "累计",
    "JBMGSY": "0.0396",
    "XSMGSY": "0.0396",
    "JBMGSYKC": "",
    "XSMGSYKC": "",
    "JLRJZCSYLJQ": "1.84",
    "KCHJLRJZCSYLJQ": "",
    "YYZSR": "",
    "YYSR": "90445998.18",
    "JLRHJ": "",
    "JLR": "20281733.19",
    "KCFJYXSYHDJLR": "20094987.71",
    "YYZSRTBZZ": "",
    "YYSRTBZZ": "0.63",
    "JLRHJTBZZ": "",
    "JLRTBZZ": "16.37",
    "KCFJYXSYHDJLRTBZZ": "15.72",
    "JYXJLLJE": "-113871136.22",
    "ZCZE": "4956538327.06",
    "GDQY": "1109974582.34",
    "FJCXSY": "186745.48",
    "MGJYXJLLJE": "",
    "MGJZCPL": ""
  },
  {
    "JZRQ": "2025-03-31",
    "RQBZ": "累计",
    "JBMGSY": "0.0340",
    "XSMGSY": "0.0340",
    "JBMGSYKC": "",
    "XSMGSYKC": "",
    "JLRJZCSYLJQ": "1.63",
    "KCHJLRJZCSYLJQ": "",
    "YYZSR": "",
    "YYSR": "89875686.96",
    "JLRHJ": "",
    "JLR": "17428378.02",
    "KCFJYXSYHDJLR": "17364707.52",
    "YYZSRTBZZ": "",
    "YYSRTBZZ": "",
    "JLRHJTBZZ": "",
    "JLRTBZZ": "",
    "KCFJYXSYHDJLRTBZZ": "",
    "JYXJLLJE": "-244767086.76",
    "ZCZE": "4507449201.76",
    "GDQY": "1089179437.43",
    "FJCXSY": "",
    "MGJYXJLLJE": "",
    "MGJZCPL": ""
  }
]

=== 300433-2026-04-16-蓝思科技2026年一季度报告.PDF ===
[
  {
    "JZRQ": "2026-03-31",
    "RQBZ": "累计",
    "JBMGSY": "-0.0284",
    "XSMGSY": "-0.0284",
    "JBMGSYKC": "",
    "XSMGSYKC": "",
    "JLRJZCSYLJQ": "-0.27",
    "KCHJLRJZCSYLJQ": "",
    "YYZSR": "",
    "YYSR": "14139553601.48",
    "JLRHJ": "",
    "JLR": "-149600746.51",
    "KCFJYXSYHDJLR": "-174370144.32",
    "YYZSRTBZZ": "",
    "YYSRTBZZ": "-17.13",
    "JLRHJTBZZ": "",
    "JLRTBZZ": "-134.88",
    "KCFJYXSYHDJLRTBZZ": "-146.08",
    "JYXJLLJE": "2013962152.11",
    "ZCZE": "82734378422.73",
    "GDQY": "54614593665.42",
    "FJCXSY": "24769397.81",
    "MGJYXJLLJE": "",
    "MGJZCPL": ""
  },
  {
    "JZRQ": "2025-03-31",
    "RQBZ": "累计",
    "JBMGSY": "0.0866",
    "XSMGSY": "0.0863",
    "JBMGSYKC": "",
    "XSMGSYKC": "",
    "JLRJZCSYLJQ": "0.88",
    "KCHJLRJZCSYLJQ": "",
    "YYZSR": "",
    "YYSR": "17063199840.42",
    "JLRHJ": "",
    "JLR": "428884756.44",
    "KCFJYXSYHDJLR": "378425242.52",
    "YYZSRTBZZ": "",
    "YYSRTBZZ": "",
    "JLRHJTBZZ": "",
    "JLRTBZZ": "",
    "KCFJYXSYHDJLRTBZZ": "",
    "JYXJLLJE": "2630443216.69",
    "ZCZE": "84338601429.52",
    "GDQY": "55023095090.56",
    "FJCXSY": "",
    "MGJYXJLLJE": "",
    "MGJZCPL": ""
  }
]

=== 300967-2026-04-16-晓鸣股份2026年一季度报告.PDF ===
[
  {
    "JZRQ": "2026-03-31",
    "RQBZ": "累计",
    "JBMGSY": "-0.1211",
    "XSMGSY": "-0.1211",
    "JBMGSYKC": "",
    "XSMGSYKC": "",
    "JLRJZCSYLJQ": "-2.85%",
    "KCHJLRJZCSYLJQ": "",
    "YYZSR": "",
    "YYSR": "257976478.58",
    "JLRHJ": "",
    "JLR": "-22718684.78",
    "KCFJYXSYHDJLR": "-23247654.49",
    "YYZSRTBZZ": "",
    "YYSRTBZZ": "-34.51%",
    "JLRHJTBZZ": "",
    "JLRTBZZ": "-122.94%",
    "KCFJYXSYHDJLRTBZZ": "-123.62%",
    "JYXJLLJE": "15292963.57",
    "ZCZE": "1600810066.29",
    "GDQY": "784896598.26",
    "FJCXSY": "528969.71",
    "MGJYXJLLJE": "",
    "MGJZCPL": ""
  },
  {
    "JZRQ": "2025-03-31",
    "RQBZ": "累计",
    "JBMGSY": "0.5280",
    "XSMGSY": "0.5280",
    "JBMGSYKC": "",
    "XSMGSYKC": "",
    "JLRJZCSYLJQ": "11.91%",
    "KCHJLRJZCSYLJQ": "",
    "YYZSR": "",
    "YYSR": "393902355.76",
    "JLRHJ": "",
    "JLR": "99025063.01",
    "KCFJYXSYHDJLR": "98421553.60",
    "YYZSRTBZZ": "",
    "YYSRTBZZ": "",
    "JLRHJTBZZ": "",
    "JLRTBZZ": "",
    "KCFJYXSYHDJLRTBZZ": "",
    "JYXJLLJE": "114859399.06",
    "ZCZE": "1580914908.49",
    "GDQY": "807915669.53",
    "FJCXSY": "",
    "MGJYXJLLJE": "",
    "MGJZCPL": ""
  }
]

=== 300750-2026-04-16-宁德时代2026年一季度报告.PDF ===
[
  {
    "JZRQ": "2026-03-31",
    "RQBZ": "累计",
    "JBMGSY": "4.58",
    "XSMGSY": "4.58",
    "JBMGSYKC": "",
    "XSMGSYKC": "",
    "JLRJZCSYLJQ": "5.98%",
    "KCHJLRJZCSYLJQ": "",
    "YYZSR": "",
    "YYSR": 129131041000,
    "JLRHJ": "",
    "JLR": 20737710000,
    "KCFJYXSYHDJLR": 18092637000,
    "YYZSRTBZZ": "",
    "YYSRTBZZ": "52.45%",
    "JLRHJTBZZ": "",
    "JLRTBZZ": "48.52%",
    "KCFJYXSYHDJLRTBZZ": "52.95%",
    "JYXJLLJE": 33680852000,
    "ZCZE": 1046329036000,
    "GDQY": 357262588000,
    "FJCXSY": 2645072000,
    "MGJYXJLLJE": "",
    "MGJZCPL": ""
  },
  {
    "JZRQ": "2025-03-31",
    "RQBZ": "累计",
    "JBMGSY": "3.18",
    "XSMGSY": "3.18",
    "JBMGSYKC": "",
    "XSMGSYKC": "",
    "JLRJZCSYLJQ": "5.49%",
    "KCHJLRJZCSYLJQ": "",
    "YYZSR": "",
    "YYSR": 84704589000,
    "JLRHJ": "",
    "JLR": 13962558000,
    "KCFJYXSYHDJLR": 11829172000,
    "YYZSRTBZZ": "",
    "YYSRTBZZ": "",
    "JLRHJTBZZ": "",
    "JLRTBZZ": "",
    "KCFJYXSYHDJLRTBZZ": "",
    "JYXJLLJE": 32868257000,
    "ZCZE": 974827544000,
    "GDQY": 337107747000,
    "FJCXSY": "",
    "MGJYXJLLJE": "",
    "MGJZCPL": ""
  }
]

=== 600702-2026-04-16-舍得酒业舍得酒业2026年第一季度报告.PDF ===
[
  {
    "JZRQ": "2026-03-31",
    "RQBZ": "累计",
    "JBMGSY": "0.7067",
    "XSMGSY": "0.7067",
    "JBMGSYKC": "",
    "XSMGSYKC": "",
    "JLRJZCSYLJQ": "3.26",
    "KCHJLRJZCSYLJQ": "",
    "YYZSR": "",
    "YYSR": "1481336671.63",
    "JLRHJ": "",
    "JLR": "231547529.34",
    "KCFJYXSYHDJLR": "223468143.60",
    "YYZSRTBZZ": "",
    "YYSRTBZZ": "-6.01",
    "JLRHJTBZZ": "",
    "JLRTBZZ": "-33.10",
    "KCFJYXSYHDJLRTBZZ": "-34.91",
    "JYXJLLJE": "-101989722.28",
    "ZCZE": "13207019303.45",
    "GDQY": "7151284200.06",
    "FJCXSY": "8079385.74",
    "MGJYXJLLJE": "",
    "MGJZCPL": ""
  },
  {
    "JZRQ": "2025-03-31",
    "RQBZ": "累计",
    "JBMGSY": "1.0582",
    "XSMGSY": "1.0582",
    "JBMGSYKC": "",
    "XSMGSYKC": "",
    "JLRJZCSYLJQ": "4.80",
    "KCHJLRJZCSYLJQ": "",
    "YYZSR": "",
    "YYSR": "1576125553.23",
    "JLRHJ": "",
    "JLR": "346120296.79",
    "KCFJYXSYHDJLR": "343319203.80",
    "YYZSRTBZZ": "",
    "YYSRTBZZ": "",
    "JLRHJTBZZ": "",
    "JLRTBZZ": "",
    "KCFJYXSYHDJLRTBZZ": "",
    "JYXJLLJE": "224160077.90",
    "ZCZE": "12615037599.69",
    "GDQY": "6887388531.76",
    "FJCXSY": "",
    "MGJYXJLLJE": "",
    "MGJZCPL": ""
  }
]

=== 300996-2026-04-16-普联软件2026年一季度报告.PDF ===
[
  {
    "JZRQ": "2026-03-31",
    "RQBZ": "累计",
    "JBMGSY": "0.0208",
    "XSMGSY": "0.0208",
    "JBMGSYKC": "",
    "XSMGSYKC": "",
    "JLRJZCSYLJQ": "0.45",
    "KCHJLRJZCSYLJQ": "",
    "YYZSR": "",
    "YYSR": "63587200.22",
    "JLRHJ": "",
    "JLR": "5884713.34",
    "KCFJYXSYHDJLR": "2650469.43",
    "YYZSRTBZZ": "",
    "YYSRTBZZ": "8.21",
    "JLRHJTBZZ": "",
    "JLRTBZZ": "142.18",
    "KCFJYXSYHDJLRTBZZ": "115.74",
    "JYXJLLJE": "-105563482.85",
    "ZCZE": "1804173342.32",
    "GDQY": "1323449303.51",
    "FJCXSY": "3234243.91",
    "MGJYXJLLJE": "",
    "MGJZCPL": ""
  },
  {
    "JZRQ": "2025-03-31",
    "RQBZ": "累计",
    "JBMGSY": "-0.0497",
    "XSMGSY": "-0.0497",
    "JBMGSYKC": "",
    "XSMGSYKC": "",
    "JLRJZCSYLJQ": "-1.10",
    "KCHJLRJZCSYLJQ": "",
    "YYZSR": "",
    "YYSR": "58763700.08",
    "JLRHJ": "",
    "JLR": "-13950341.31",
    "KCFJYXSYHDJLR": "-16835340.31",
    "YYZSRTBZZ": "",
    "YYSRTBZZ": "",
    "JLRHJTBZZ": "",
    "JLRTBZZ": "",
    "KCFJYXSYHDJLRTBZZ": "",
    "JYXJLLJE": "-108220947.42",
    "ZCZE": "1887684601.30",
    "GDQY": "1317678782.67",
    "FJCXSY": "",
    "MGJYXJLLJE": "",
    "MGJZCPL": ""
  }
]

=== 301377-2026-04-16-鼎泰高科2026年一季度报告.PDF ===
[
  {
    "JZRQ": "2026-03-31",
    "RQBZ": "累计",
    "JBMGSY": "0.64",
    "XSMGSY": "0.64",
    "JBMGSYKC": "",
    "XSMGSYKC": "",
    "JLRJZCSYLJQ": "9.38%",
    "KCHJLRJZCSYLJQ": "",
    "YYZSR": "",
    "YYSR": "814116509.93",
    "JLRHJ": "",
    "JLR": "260575088.03",
    "KCFJYXSYHDJLR": "255440666.75",
    "YYZSRTBZZ": "",
    "YYSRTBZZ": "92.33%",
    "JLRHJTBZZ": "",
    "JLRTBZZ": "259.00%",
    "KCFJYXSYHDJLRTBZZ": "284.74%",
    "JYXJLLJE": "-47761070.73",
    "ZCZE": "5328241832.58",
    "GDQY": "2901686985.71",
    "FJCXSY": "5134421.28",
    "MGJYXJLLJE": "",
    "MGJZCPL": ""
  },
  {
    "JZRQ": "2025-03-31",
    "RQBZ": "累计",
    "JBMGSY": "0.18",
    "XSMGSY": "0.18",
    "JBMGSYKC": "",
    "XSMGSYKC": "",
    "JLRJZCSYLJQ": "2.89%",
    "KCHJLRJZCSYLJQ": "",
    "YYZSR": "",
    "YYSR": "423285501.23",
    "JLRHJ": "",
    "JLR": "72584358.60",
    "KCFJYXSYHDJLR": "66393171.68",
    "YYZSRTBZZ": "",
    "YYSRTBZZ": "",
    "JLRHJTBZZ": "",
    "JLRTBZZ": "",
    "KCFJYXSYHDJLRTBZZ": "",
    "JYXJLLJE": "-8680558.41",
    "ZCZE": "4538074825.18",
    "GDQY": "2648272894.46",
    "FJCXSY": "",
    "MGJYXJLLJE": "",
    "MGJZCPL": ""
  }
]

=== 603061-2026-04-16-金海通2026年第一季度报告.PDF ===
[
  {
    "JZRQ": "2026-03-31",
    "RQBZ": "累计",
    "JBMGSY": "1.42",
    "XSMGSY": "1.41",
    "JBMGSYKC": "",
    "XSMGSYKC": "",
    "JLRJZCSYLJQ": "4.94",
    "KCHJLRJZCSYLJQ": "",
    "YYZSR": "",
    "YYSR": "283919855.45",
    "JLRHJ": "",
    "JLR": "82502378.84",
    "KCFJYXSYHDJLR": "80989798.00",
    "YYZSRTBZZ": "",
    "YYSRTBZZ": "120.77",
    "JLRHJTBZZ": "",
    "JLRTBZZ": "221.54",
    "KCFJYXSYHDJLRTBZZ": "233.17",
    "JYXJLLJE": "101832131.15",
    "ZCZE": "2356850577.44",
    "GDQY": "1707880600.06",
    "FJCXSY": "1512580.84",
    "MGJYXJLLJE": "",
    "MGJZCPL": ""
  },
  {
    "JZRQ": "2025-03-31",
    "RQBZ": "累计",
    "JBMGSY": "0.45",
    "XSMGSY": "0.45",
    "JBMGSYKC": "",
    "XSMGSYKC": "",
    "JLRJZCSYLJQ": "1.93",
    "KCHJLRJZCSYLJQ": "",
    "YYZSR": "",
    "YYSR": "128605637.35",
    "JLRHJ": "",
    "JLR": "25658510.03",
    "KCFJYXSYHDJLR": "24309116.01",
    "YYZSRTBZZ": "",
    "YYSRTBZZ": "",
    "JLRHJTBZZ": "",
    "JLRTBZZ": "",
    "KCFJYXSYHDJLRTBZZ": "",
    "JYXJLLJE": "5983247.41",
    "ZCZE": "2149652155.84",
    "GDQY": "1614293008.86",
    "FJCXSY": "",
    "MGJYXJLLJE": "",
    "MGJZCPL": ""
  }
]

=== 601877-2026-04-16-正泰电器正泰电器2026年第一季度报告.PDF ===
[
  {
    "JZRQ": "2026-03-31",
    "RQBZ": "累计",
    "JBMGSY": "0.59",
    "XSMGSY": "0.59",
    "JBMGSYKC": "",
    "XSMGSYKC": "",
    "JLRJZCSYLJQ": "2.82",
    "KCHJLRJZCSYLJQ": "",
    "YYZSR": "",
    "YYSR": "21303388034.98",
    "JLRHJ": "",
    "JLR": "1267039825.02",
    "KCFJYXSYHDJLR": "1209860721.94",
    "YYZSRTBZZ": "",
    "YYSRTBZZ": "46.33",
    "JLRHJTBZZ": "",
    "JLRTBZZ": "8.92",
    "KCFJYXSYHDJLRTBZZ": "11.27",
    "JYXJLLJE": "4119467562.48",
    "ZCZE": "152696411772.28",
    "GDQY": "45494107083.62",
    "FJCXSY": "57179103.08",
    "MGJYXJLLJE": "",
    "MGJZCPL": ""
  },
  {
    "JZRQ": "2025-03-31",
    "RQBZ": "累计",
    "JBMGSY": "0.55",
    "XSMGSY": "0.55",
    "JBMGSYKC": "",
    "XSMGSYKC": "",
    "JLRJZCSYLJQ": "2.73",
    "KCHJLRJZCSYLJQ": "",
    "YYZSR": "",
    "YYSR": "14558847305.84",
    "JLRHJ": "",
    "JLR": "1163293918.27",
    "KCFJYXSYHDJLR": "1087333083.57",
    "YYZSRTBZZ": "",
    "YYSRTBZZ": "",
    "JLRHJTBZZ": "",
    "JLRTBZZ": "",
    "KCFJYXSYHDJLRTBZZ": "",
    "JYXJLLJE": "2417521087.46",
    "ZCZE": "158643189137.54",
    "GDQY": "44503399751.49",
    "FJCXSY": "",
    "MGJYXJLLJE": "",
    "MGJZCPL": ""
  }
]

=== 603102-2026-04-16-百合股份威海百合生物技术股份有限公司2026年第一季度报告.PDF ===
[
  {
    "JZRQ": "2026-03-31",
    "RQBZ": "累计",
    "JBMGSY": "0.46",
    "XSMGSY": "0.46",
    "JBMGSYKC": "",
    "XSMGSYKC": "",
    "JLRJZCSYLJQ": "1.73",
    "KCHJLRJZCSYLJQ": "",
    "YYZSR": "",
    "YYSR": "251971921.48",
    "JLRHJ": "",
    "JLR": "28900261.89",
    "KCFJYXSYHDJLR": "28898882.86",
    "YYZSRTBZZ": "",
    "YYSRTBZZ": "21.71",
    "JLRHJTBZZ": "",
    "JLRTBZZ": "-17.91",
    "KCFJYXSYHDJLRTBZZ": "-17.45",
    "JYXJLLJE": "11780865.07",
    "ZCZE": "1961572205.66",
    "GDQY": "1682694455.43",
    "FJCXSY": "1379.03",
    "MGJZCPL": "",
    "MGJYXJLLJE": ""
  },
  {
    "JZRQ": "2025-03-31",
    "RQBZ": "累计",
    "JBMGSY": "0.55",
    "XSMGSY": "0.55",
    "JBMGSYKC": "",
    "XSMGSYKC": "",
    "JLRJZCSYLJQ": "2.17",
    "KCHJLRJZCSYLJQ": "",
    "YYZSR": "",
    "YYSR": "207021839.55",
    "JLRHJ": "",
    "JLR": "35205793.15",
    "KCFJYXSYHDJLR": "35008720.74",
    "YYZSRTBZZ": "",
    "YYSRTBZZ": "",
    "JLRHJTBZZ": "",
    "JLRTBZZ": "",
    "KCFJYXSYHDJLRTBZZ": "",
    "JYXJLLJE": "52023678.44",
    "ZCZE": "1955523389.13",
    "GDQY": "1655435277.13",
    "FJCXSY": "",
    "MGJZCPL": "",
    "MGJYXJLLJE": ""
  }
]

=== 603129-2026-04-16-春风动力春风动力2026年第一季度报告.PDF ===
[
  {
    "JZRQ": "2026-03-31",
    "RQBZ": "累计",
    "JBMGSY": "2.77",
    "XSMGSY": "2.75",
    "JBMGSYKC": "",
    "XSMGSYKC": "",
    "JLRJZCSYLJQ": "5.54",
    "KCHJLRJZCSYLJQ": "",
    "YYZSR": "",
    "YYSR": "5358756217.34",
    "JLRHJ": "",
    "JLR": "422686460.53",
    "KCFJYXSYHDJLR": "416879132.51",
    "YYZSRTBZZ": "",
    "YYSRTBZZ": "26.07",
    "JLRHJTBZZ": "",
    "JLRTBZZ": "1.81",
    "KCFJYXSYHDJLRTBZZ": "1.55",
    "JYXJLLJE": "-362910365.29",
    "ZCZE": "19180468158.20",
    "GDQY": "8004125983.81",
    "FJCXSY": "5807328.02",
    "MGJYXJLLJE": "",
    "MGJZCPL": ""
  },
  {
    "JZRQ": "2025-03-31",
    "RQBZ": "累计",
    "JBMGSY": "2.73",
    "XSMGSY": "2.71",
    "JBMGSYKC": "",
    "XSMGSYKC": "",
    "JLRJZCSYLJQ": "6.44",
    "KCHJLRJZCSYLJQ": "",
    "YYZSR": "",
    "YYSR": "4250489155.76",
    "JLRHJ": "",
    "JLR": "415181220.69",
    "KCFJYXSYHDJLR": "410535835.04",
    "YYZSRTBZZ": "",
    "YYSRTBZZ": "",
    "JLRHJTBZZ": "",
    "JLRTBZZ": "",
    "KCFJYXSYHDJLRTBZZ": "",
    "JYXJLLJE": "792162917.76",
    "ZCZE": "19270085851.43",
    "GDQY": "7502093531.63",
    "FJCXSY": "",
    "MGJYXJLLJE": "",
    "MGJZCPL": ""
  }
]

=== 688273-2026-04-16-麦澜德2026年第一季度报告.PDF ===
[
  {
    "JZRQ": "2026-03-31",
    "RQBZ": "累计",
    "JBMGSY": "0.2344",
    "XSMGSY": "0.2344",
    "JBMGSYKC": "",
    "XSMGSYKC": "",
    "JLRJZCSYLJQ": "1.69",
    "KCHJLRJZCSYLJQ": "",
    "YYZSR": "",
    "YYSR": "99200500.10",
    "JLRHJ": "",
    "JLR": "22925274.37",
    "KCFJYXSYHDJLR": "21859785.07",
    "YYZSRTBZZ": "",
    "YYSRTBZZ": "-16.13",
    "JLRHJTBZZ": "",
    "JLRTBZZ": "-42.49",
    "KCFJYXSYHDJLRTBZZ": "-41.83",
    "JYXJLLJE": "-13138895.97",
    "ZCZE": "1617145821.80",
    "GDQY": "1370272044.99",
    "FJCXSY": "1065489.30",
    "MGJYXJLLJE": "",
    "MGJZCPL": ""
  },
  {
    "JZRQ": "2025-03-31",
    "RQBZ": "累计",
    "JBMGSY": "0.4073",
    "XSMGSY": "0.4073",
    "JBMGSYKC": "",
    "XSMGSYKC": "",
    "JLRJZCSYLJQ": "2.99",
    "KCHJLRJZCSYLJQ": "",
    "YYZSR": "",
    "YYSR": "118279190.58",
    "JLRHJ": "",
    "JLR": "39859710.56",
    "KCFJYXSYHDJLR": "37582005.84",
    "YYZSRTBZZ": "",
    "YYSRTBZZ": "",
    "JLRHJTBZZ": "",
    "JLRTBZZ": "",
    "KCFJYXSYHDJLRTBZZ": "",
    "JYXJLLJE": "-662603.27",
    "ZCZE": "1629266541.91",
    "GDQY": "1345154247.05",
    "FJCXSY": "",
    "MGJYXJLLJE": "",
    "MGJZCPL": ""
  }
]

=== 605507-2026-04-16-国邦医药国邦医药2026年第一季度报告.PDF ===
[
  {
    "JZRQ": "2026-03-31",
    "RQBZ": "累计",
    "JBMGSY": "0.29",
    "XSMGSY": "0.29",
    "JBMGSYKC": "",
    "XSMGSYKC": "",
    "JLRJZCSYLJQ": "1.86",
    "KCHJLRJZCSYLJQ": "",
    "YYZSR": "",
    "YYSR": "1520880277.95",
    "JLRHJ": "",
    "JLR": "160629674.68",
    "KCFJYXSYHDJLR": "150601053.30",
    "YYZSRTBZZ": "",
    "YYSRTBZZ": "5.61",
    "JLRHJTBZZ": "",
    "JLRTBZZ": "-25.28",
    "KCFJYXSYHDJLRTBZZ": "-26.08",
    "JYXJLLJE": "193176522.08",
    "ZCZE": "11395794935.58",
    "GDQY": "8713753411.68",
    "FJCXSY": "10028621.38",
    "MGJYXJLLJE": "",
    "MGJZCPL": ""
  },
  {
    "JZRQ": "2025-03-31",
    "RQBZ": "累计",
    "JBMGSY": "0.38",
    "XSMGSY": "",
    "JBMGSYKC": "",
    "XSMGSYKC": "",
    "JLRJZCSYLJQ": "2.64",
    "KCHJLRJZCSYLJQ": "",
    "YYZSR": "",
    "YYSR": "1440055937.13",
    "JLRHJ": "",
    "JLR": "214977071.32",
    "KCFJYXSYHDJLR": "203742141.11",
    "YYZSRTBZZ": "",
    "YYSRTBZZ": "",
    "JLRHJTBZZ": "",
    "JLRTBZZ": "",
    "KCFJYXSYHDJLRTBZZ": "",
    "JYXJLLJE": "-351671764.52",
    "ZCZE": "10984635667.95",
    "GDQY": "8553123737.00",
    "FJCXSY": "",
    "MGJYXJLLJE": "",
    "MGJZCPL": ""
  }
]

=== 688668-2026-04-16-鼎通科技2026年第一季度报告.PDF ===
[
  {
    "JZRQ": "2026-03-31",
    "RQBZ": "累计",
    "JBMGSY": "0.58",
    "XSMGSY": "0.58",
    "JBMGSYKC": "",
    "XSMGSYKC": "",
    "JLRJZCSYLJQ": "3.88",
    "KCHJLRJZCSYLJQ": "",
    "YYZSR": "",
    "YYSR": "457401910.07",
    "JLRHJ": "",
    "JLR": "80327438.38",
    "KCFJYXSYHDJLR": "76636211.42",
    "YYZSRTBZZ": "",
    "YYSRTBZZ": "20.78",
    "JLRHJTBZZ": "",
    "JLRTBZZ": "51.86",
    "KCFJYXSYHDJLRTBZZ": "55.90",
    "JYXJLLJE": "89931069.00",
    "ZCZE": "2742289326.41",
    "GDQY": "2057255628.62",
    "FJCXSY": "3691226.96",
    "MGJYXJLLJE": "",
    "MGJZCPL": ""
  },
  {
    "JZRQ": "2025-03-31",
    "RQBZ": "累计",
    "JBMGSY": "0.38",
    "XSMGSY": "0.38",
    "JBMGSYKC": "",
    "XSMGSYKC": "",
    "JLRJZCSYLJQ": "2.84",
    "KCHJLRJZCSYLJQ": "",
    "YYZSR": "",
    "YYSR": "378692097.94",
    "JLRHJ": "",
    "JLR": "52896288.61",
    "KCFJYXSYHDJLR": "49158847.75",
    "YYZSRTBZZ": "",
    "YYSRTBZZ": "",
    "JLRHJTBZZ": "",
    "JLRTBZZ": "",
    "KCFJYXSYHDJLRTBZZ": "",
    "JYXJLLJE": "8601371.07",
    "ZCZE": "2604860267.78",
    "GDQY": "1978673515.48",
    "FJCXSY": "",
    "MGJYXJLLJE": "",
    "MGJZCPL": ""
  }
]

=== 688525-2026-04-16-佰维存储2026年第一季度报告.PDF ===
[
  {
    "JZRQ": "2026-03-31",
    "RQBZ": "累计",
    "JBMGSY": "6.21",
    "XSMGSY": "5.96",
    "JBMGSYKC": "",
    "XSMGSYKC": "",
    "JLRJZCSYLJQ": "41.98",
    "KCHJLRJZCSYLJQ": "",
    "YYZSR": "",
    "YYSR": "6814251900",
    "JLRHJ": "",
    "JLR": "2898974500",
    "KCFJYXSYHDJLR": "2816470500",
    "YYZSRTBZZ": "",
    "YYSRTBZZ": "341.53",
    "JLRHJTBZZ": "",
    "JLRTBZZ": "",
    "KCFJYXSYHDJLRTBZZ": "",
    "JYXJLLJE": "-2706392200",
    "ZCZE": "24479647500",
    "GDQY": "8512091500",
    "FJCXSY": "82504000",
    "MGJYXJLLJE": "",
    "MGJZCPL": ""
  },
  {
    "JZRQ": "2025-03-31",
    "RQBZ": "累计",
    "JBMGSY": "-0.46",
    "XSMGSY": "-0.46",
    "JBMGSYKC": "",
    "XSMGSYKC": "",
    "JLRJZCSYLJQ": "-8.39",
    "KCHJLRJZCSYLJQ": "",
    "YYZSR": "",
    "YYSR": "1543334000",
    "JLRHJ": "",
    "JLR": "-197497500",
    "KCFJYXSYHDJLR": "-215725700",
    "YYZSRTBZZ": "",
    "YYSRTBZZ": "",
    "JLRHJTBZZ": "",
    "JLRTBZZ": "",
    "KCFJYXSYHDJLRTBZZ": "",
    "JYXJLLJE": "-143422800",
    "ZCZE": "15520539200",
    "GDQY": "5440242900",
    "FJCXSY": "",
    "MGJYXJLLJE": "",
    "MGJZCPL": ""
  }
]

=== 920357-2026-04-15-雅葆轩2026年一季度报告.PDF ===
[
  {
    "JZRQ": "2026-03-31",
    "RQBZ": "累计",
    "JBMGSY": "0.26",
    "XSMGSY": "",
    "JBMGSYKC": "",
    "XSMGSYKC": "",
    "JLRJZCSYLJQ": "5.01%",
    "KCHJLRJZCSYLJQ": "4.93%",
    "YYZSR": "",
    "YYSR": "151822513.07",
    "JLRHJ": "",
    "JLR": "20744799.73",
    "KCFJYXSYHDJLR": "20381459.18",
    "YYZSRTBZZ": "",
    "YYSRTBZZ": "56.47%",
    "JLRHJTBZZ": "",
    "JLRTBZZ": "71.89%",
    "KCFJYXSYHDJLRTBZZ": "72.52%",
    "JYXJLLJE": "-1398969.58",
    "ZCZE": "719831543.31",
    "GDQY": "424038259.08",
    "FJCXSY": "363340.55",
    "MGJYXJLLJE": "",
    "MGJZCPL": ""
  },
  {
    "JZRQ": "2025-03-31",
    "RQBZ": "累计",
    "JBMGSY": "0.15",
    "XSMGSY": "",
    "JBMGSYKC": "",
    "XSMGSYKC": "",
    "JLRJZCSYLJQ": "3.19%",
    "KCHJLRJZCSYLJQ": "3.12%",
    "YYZSR": "",
    "YYSR": "97027787.27",
    "JLRHJ": "",
    "JLR": "12068392.62",
    "KCFJYXSYHDJLR": "11813726.61",
    "YYZSRTBZZ": "",
    "YYSRTBZZ": "",
    "JLRHJTBZZ": "",
    "JLRTBZZ": "",
    "KCFJYXSYHDJLRTBZZ": "",
    "JYXJLLJE": "-24084671.72",
    "ZCZE": "708709656.72",
    "GDQY": "403293459.35",
    "FJCXSY": "",
    "MGJYXJLLJE": "",
    "MGJZCPL": ""
  }
]
