
=== 000408-2026-04-18-藏格矿业2026年一季度报告.PDF ===
[
  {
    "JZRQ": "2026-03-31",
    "RQBZ": "累计",
    "JBMGSY": "1.00",
    "XSMGSY": "1.00",
    "JBMGSYKC": "",
    "XSMGSYKC": "",
    "JLRJZCSYLJQ": "9.24%",
    "KCHJLRJZCSYLJQ": "",
    "YYZSR": "",
    "YYSR": "715631351.50",
    "JLRHJ": "",
    "JLR": "1573735244.12",
    "KCFJYXSYHDJLR": "1576034744.32",
    "YYZSRTBZZ": "",
    "YYSRTBZZ": "29.61%",
    "JLRHJTBZZ": "",
    "JLRTBZZ": "110.60%",
    "KCFJYXSYHDJLRTBZZ": "110.14%",
    "JYXJLLJE": "-79538900.64",
    "ZCZE": "18947381328.33",
    "GDQY": "17643602533.90",
    "FJCXSY": "-2299500.20",
    "MGJYXJLLJE": "",
    "MGJZCPL": ""
  },
  {
    "JZRQ": "2025-03-31",
    "RQBZ": "累计",
    "JBMGSY": "0.48",
    "XSMGSY": "0.48",
    "JBMGSYKC": "",
    "XSMGSYKC": "",
    "JLRJZCSYLJQ": "5.27%",
    "KCHJLRJZCSYLJQ": "",
    "YYZSR": "",
    "YYSR": "552148606.89",
    "JLRHJ": "",
    "JLR": "747246899.71",
    "KCFJYXSYHDJLR": "750010517.54",
    "YYZSRTBZZ": "",
    "YYSRTBZZ": "",
    "JLRHJTBZZ": "",
    "JLRTBZZ": "",
    "KCFJYXSYHDJLRTBZZ": "",
    "JYXJLLJE": "104042381.01",
    "ZCZE": "17692154203.25",
    "GDQY": "16243552634.19",
    "FJCXSY": "",
    "MGJYXJLLJE": "",
    "MGJZCPL": ""
  }
]

=== 000404-2026-04-18-长虹华意2026年一季度报告.PDF ===
[
  {
    "JZRQ": "2026-03-31",
    "RQBZ": "累计",
    "JBMGSY": "0.1665",
    "XSMGSY": "0.1665",
    "JBMGSYKC": "",
    "XSMGSYKC": "",
    "JLRJZCSYLJQ": "2.63%",
    "KCHJLRJZCSYLJQ": "",
    "YYZSR": "",
    "YYSR": "3031092880.22",
    "JLRHJ": "",
    "JLR": "115374748.67",
    "KCFJYXSYHDJLR": "121595287.13",
    "YYZSRTBZZ": "",
    "YYSRTBZZ": "-13.05%",
    "JLRHJTBZZ": "",
    "JLRTBZZ": "14.96%",
    "KCFJYXSYHDJLRTBZZ": "46.74%",
    "JYXJLLJE": "131136501.96",
    "ZCZE": "15158177758.25",
    "GDQY": "4416269083.84",
    "FJCXSY": "-6220538.46",
    "MGJYXJLLJE": "",
    "MGJZCPL": ""
  },
  {
    "JZRQ": "2025-03-31",
    "RQBZ": "累计",
    "JBMGSY": "0.1442",
    "XSMGSY": "0.1442",
    "JBMGSYKC": "",
    "XSMGSYKC": "",
    "JLRJZCSYLJQ": "2.41%",
    "KCHJLRJZCSYLJQ": "",
    "YYZSR": "",
    "YYSR": "3485873518.14",
    "JLRHJ": "",
    "JLR": "100364727.33",
    "KCFJYXSYHDJLR": "82866559.54",
    "YYZSRTBZZ": "",
    "YYSRTBZZ": "",
    "JLRHJTBZZ": "",
    "JLRTBZZ": "",
    "KCFJYXSYHDJLRTBZZ": "",
    "JYXJLLJE": "-189227062.47",
    "ZCZE": "14861723365.73",
    "GDQY": "4331900204.46",
    "FJCXSY": "",
    "MGJYXJLLJE": "",
    "MGJZCPL": ""
  }
]

=== 000959-2026-04-18-首钢股份2026年一季度报告.PDF ===
[
  {
    "JZRQ": "2026-03-31",
    "RQBZ": "累计",
    "JBMGSY": "0.0226",
    "XSMGSY": "0.0226",
    "JBMGSYKC": "",
    "XSMGSYKC": "",
    "JLRJZCSYLJQ": "0.35",
    "KCHJLRJZCSYLJQ": "",
    "YYZSR": "",
    "YYSR": "25078025092.34",
    "JLRHJ": "",
    "JLR": "174069562.38",
    "KCFJYXSYHDJLR": "155618302.20",
    "YYZSRTBZZ": "",
    "YYSRTBZZ": "-5.65",
    "JLRHJTBZZ": "",
    "JLRTBZZ": "-47.17",
    "KCFJYXSYHDJLRTBZZ": "-55.37",
    "JYXJLLJE": "-2637182251.01",
    "ZCZE": "124686168349.01",
    "GDQY": "50272385001.44",
    "FJCXSY": "18451260.18",
    "MGJYXJLLJE": "",
    "MGJZCPL": ""
  },
  {
    "JZRQ": "2025-03-31",
    "RQBZ": "累计",
    "JBMGSY": "0.0425",
    "XSMGSY": "0.0425",
    "JBMGSYKC": "",
    "XSMGSYKC": "",
    "JLRJZCSYLJQ": "0.66",
    "KCHJLRJZCSYLJQ": "",
    "YYZSR": "",
    "YYSR": "26580334050.88",
    "JLRHJ": "",
    "JLR": "329460473.00",
    "KCFJYXSYHDJLR": "348677588.68",
    "YYZSRTBZZ": "",
    "YYSRTBZZ": "",
    "JLRHJTBZZ": "",
    "JLRTBZZ": "",
    "KCFJYXSYHDJLRTBZZ": "",
    "JYXJLLJE": "-1235656639.50",
    "ZCZE": "124933669457.96",
    "GDQY": "50330692591.43",
    "FJCXSY": "",
    "MGJYXJLLJE": "",
    "MGJZCPL": ""
  }
]

=== 002248-2026-04-18-华东数控2026年一季度报告.PDF ===
[
  {
    "JZRQ": "2026-03-31",
    "RQBZ": "累计",
    "JBMGSY": "0.03",
    "XSMGSY": "0.03",
    "JBMGSYKC": "",
    "XSMGSYKC": "",
    "JLRJZCSYLJQ": "7.35%",
    "KCHJLRJZCSYLJQ": "",
    "YYZSR": "",
    "YYSR": "76210042.71",
    "JLRHJ": "",
    "JLR": "8128121.84",
    "KCFJYXSYHDJLR": "7295860.89",
    "YYZSRTBZZ": "",
    "YYSRTBZZ": "-4.90%",
    "JLRHJTBZZ": "",
    "JLRTBZZ": "2.07%",
    "KCFJYXSYHDJLRTBZZ": "-1.94%",
    "JYXJLLJE": "-8169918.27",
    "ZCZE": "453075024.71",
    "GDQY": "114718830.47",
    "FJCXSY": "832260.95",
    "MGJYXJLLJE": "",
    "MGJZCPL": ""
  },
  {
    "JZRQ": "2025-03-31",
    "RQBZ": "累计",
    "JBMGSY": "0.03",
    "XSMGSY": "0.03",
    "JBMGSYKC": "",
    "XSMGSYKC": "",
    "JLRJZCSYLJQ": "10.62%",
    "KCHJLRJZCSYLJQ": "",
    "YYZSR": "",
    "YYSR": "80133668.78",
    "JLRHJ": "",
    "JLR": "7963229.96",
    "KCFJYXSYHDJLR": "7440022.16",
    "YYZSRTBZZ": "",
    "YYSRTBZZ": "",
    "JLRHJTBZZ": "",
    "JLRTBZZ": "",
    "KCFJYXSYHDJLRTBZZ": "",
    "JYXJLLJE": "6857415.94",
    "ZCZE": "462545707.72",
    "GDQY": "106243573.37",
    "FJCXSY": "",
    "MGJYXJLLJE": "",
    "MGJZCPL": ""
  }
]

=== 002016-2026-04-18-世荣兆业2026年一季度报告.PDF ===
[
  {
    "JZRQ": "2026-03-31",
    "RQBZ": "累计",
    "JBMGSY": "0.0255",
    "XSMGSY": "0.0255",
    "JBMGSYKC": "",
    "XSMGSYKC": "",
    "JLRJZCSYLJQ": "0.42",
    "KCHJLRJZCSYLJQ": "",
    "YYZSR": "",
    "YYSR": "163160738.51",
    "JLRHJ": "",
    "JLR": "20602298.63",
    "KCFJYXSYHDJLR": "20585575.98",
    "YYZSRTBZZ": "",
    "YYSRTBZZ": "-14.12",
    "JLRHJTBZZ": "",
    "JLRTBZZ": "238.52",
    "KCFJYXSYHDJLRTBZZ": "240.90",
    "JYXJLLJE": "2424135.08",
    "ZCZE": "7465598666.47",
    "GDQY": "4933753617.84",
    "FJCXSY": "16722.65",
    "MGJYXJLLJE": "",
    "MGJZCPL": ""
  },
  {
    "JZRQ": "2025-03-31",
    "RQBZ": "累计",
    "JBMGSY": "0.0075",
    "XSMGSY": "0.0075",
    "JBMGSYKC": "",
    "XSMGSYKC": "",
    "JLRJZCSYLJQ": "0.13",
    "KCHJLRJZCSYLJQ": "",
    "YYZSR": "",
    "YYSR": "189990940.30",
    "JLRHJ": "",
    "JLR": "6085959.32",
    "KCFJYXSYHDJLR": "6038681.46",
    "YYZSRTBZZ": "",
    "YYSRTBZZ": "",
    "JLRHJTBZZ": "",
    "JLRTBZZ": "",
    "KCFJYXSYHDJLRTBZZ": "",
    "JYXJLLJE": "10471908.00",
    "ZCZE": "7525488622.97",
    "GDQY": "4913151319.21",
    "FJCXSY": "",
    "MGJYXJLLJE": "",
    "MGJZCPL": ""
  }
]

=== 002119-2026-04-18-康强电子2026年一季度报告.PDF ===
[
  {
    "JZRQ": "2026-03-31",
    "RQBZ": "累计",
    "JBMGSY": "0.07",
    "XSMGSY": "0.07",
    "JBMGSYKC": "",
    "XSMGSYKC": "",
    "JLRJZCSYLJQ": "1.84",
    "KCHJLRJZCSYLJQ": "",
    "YYZSR": "",
    "YYSR": "656080602.65",
    "JLRHJ": "",
    "JLR": "25467724.63",
    "KCFJYXSYHDJLR": "22808436.55",
    "YYZSRTBZZ": "",
    "YYSRTBZZ": "49.31",
    "JLRHJTBZZ": "",
    "JLRTBZZ": "-1.74",
    "KCFJYXSYHDJLRTBZZ": "185.05",
    "JYXJLLJE": "-162250290.14",
    "ZCZE": "2817031612.77",
    "GDQY": "1406732564.33",
    "FJCXSY": "2659288.08",
    "MGJYXJLLJE": "",
    "MGJZCPL": ""
  },
  {
    "JZRQ": "2025-03-31",
    "RQBZ": "累计",
    "JBMGSY": "0.07",
    "XSMGSY": "0.07",
    "JBMGSYKC": "",
    "XSMGSYKC": "",
    "JLRJZCSYLJQ": "1.88",
    "KCHJLRJZCSYLJQ": "",
    "YYZSR": "",
    "YYSR": "439421785.63",
    "JLRHJ": "",
    "JLR": "25918989.61",
    "KCFJYXSYHDJLR": "8001455.93",
    "YYZSRTBZZ": "",
    "YYSRTBZZ": "",
    "JLRHJTBZZ": "",
    "JLRTBZZ": "",
    "KCFJYXSYHDJLRTBZZ": "",
    "JYXJLLJE": "56780070.44",
    "ZCZE": "2611992080.06",
    "GDQY": "1372430073.76",
    "FJCXSY": "",
    "MGJYXJLLJE": "",
    "MGJZCPL": ""
  }
]

=== 002200-2026-04-18-ST交投2026年一季度报告.PDF ===
[
  {
    "JZRQ": "2026-03-31",
    "RQBZ": "累计",
    "JBMGSY": "0.0318",
    "XSMGSY": "0.0318",
    "JBMGSYKC": "",
    "XSMGSYKC": "",
    "JLRJZCSYLJQ": "1.11",
    "KCHJLRJZCSYLJQ": "",
    "YYZSR": "",
    "YYSR": "137033352.58",
    "JLRHJ": "",
    "JLR": "14353821.43",
    "KCFJYXSYHDJLR": "14223655.85",
    "YYZSRTBZZ": "",
    "YYSRTBZZ": "79.76",
    "JLRHJTBZZ": "",
    "JLRTBZZ": "1402.55",
    "KCFJYXSYHDJLRTBZZ": "1673.67",
    "JYXJLLJE": "-29811366.03",
    "ZCZE": "2697161375.44",
    "GDQY": "1300544016.81",
    "FJCXSY": "130165.58",
    "MGJYXJLLJE": "",
    "MGJZCPL": ""
  },
  {
    "JZRQ": "2025-03-31",
    "RQBZ": "累计",
    "JBMGSY": "-0.0060",
    "XSMGSY": "-0.0060",
    "JBMGSYKC": "",
    "XSMGSYKC": "",
    "JLRJZCSYLJQ": "",
    "KCHJLRJZCSYLJQ": "",
    "YYZSR": "",
    "YYSR": "76230567.30",
    "JLRHJ": "",
    "JLR": "-1101976.55",
    "KCFJYXSYHDJLR": "-903850.54",
    "YYZSRTBZZ": "",
    "YYSRTBZZ": "",
    "JLRHJTBZZ": "",
    "JLRTBZZ": "",
    "KCFJYXSYHDJLRTBZZ": "",
    "JYXJLLJE": "-120716912.85",
    "ZCZE": "2837517561.31",
    "GDQY": "1285729048.00",
    "FJCXSY": "",
    "MGJYXJLLJE": "",
    "MGJZCPL": ""
  }
]

=== 002236-2026-04-18-大华股份2026年一季度报告.PDF ===
[
  {
    "JZRQ": "2026-03-31",
    "RQBZ": "累计",
    "JBMGSY": "0.21",
    "XSMGSY": "0.21",
    "JBMGSYKC": "",
    "XSMGSYKC": "",
    "JLRJZCSYLJQ": "1.83",
    "KCHJLRJZCSYLJQ": "",
    "YYZSR": "",
    "YYSR": "6902346653.63",
    "JLRHJ": "",
    "JLR": "697780082.97",
    "KCFJYXSYHDJLR": "588773138.13",
    "YYZSRTBZZ": "",
    "YYSRTBZZ": "10.33",
    "JLRHJTBZZ": "",
    "JLRTBZZ": "6.81",
    "KCFJYXSYHDJLRTBZZ": "16.93",
    "JYXJLLJE": "-805493681.31",
    "ZCZE": "52112122359.49",
    "GDQY": "38426047180.40",
    "FJCXSY": "109006944.84",
    "MGJYXJLLJE": "",
    "MGJZCPL": ""
  },
  {
    "JZRQ": "2025-03-31",
    "RQBZ": "累计",
    "JBMGSY": "0.20",
    "XSMGSY": "0.20",
    "JBMGSYKC": "",
    "XSMGSYKC": "",
    "JLRJZCSYLJQ": "1.80",
    "KCHJLRJZCSYLJQ": "",
    "YYZSR": "",
    "YYSR": "6256129778.73",
    "JLRHJ": "",
    "JLR": "653304288.99",
    "KCFJYXSYHDJLR": "503508968.09",
    "YYZSRTBZZ": "",
    "YYSRTBZZ": "",
    "JLRHJTBZZ": "",
    "JLRTBZZ": "",
    "KCFJYXSYHDJLRTBZZ": "",
    "JYXJLLJE": "-671695394.62",
    "ZCZE": "52558604784.24",
    "GDQY": "37757140211.25",
    "FJCXSY": "",
    "MGJYXJLLJE": "",
    "MGJZCPL": ""
  }
]

=== 002262-2026-04-18-恩华药业2026年一季度报告.PDF ===
[
  {
    "JZRQ": "2026-03-31",
    "RQBZ": "累计",
    "JBMGSY": "0.31",
    "XSMGSY": "0.31",
    "JBMGSYKC": "",
    "XSMGSYKC": "",
    "JLRJZCSYLJQ": "3.86%",
    "KCHJLRJZCSYLJQ": "",
    "YYZSR": "",
    "YYSR": "1,610,251,670.32",
    "JLRHJ": "",
    "JLR": "317,413,953.67",
    "KCFJYXSYHDJLR": "318,264,144.09",
    "YYZSRTBZZ": "",
    "YYSRTBZZ": "6.58%",
    "JLRHJTBZZ": "",
    "JLRTBZZ": "5.56%",
    "KCFJYXSYHDJLRTBZZ": "6.15%",
    "JYXJLLJE": "157,829,628.88",
    "ZCZE": "9,642,638,387.82",
    "GDQY": "8,374,548,528.42",
    "FJCXSY": "-850,190.42",
    "MGJYXJLLJE": "",
    "MGJZCPL": ""
  },
  {
    "JZRQ": "2025-03-31",
    "RQBZ": "累计",
    "JBMGSY": "0.30",
    "XSMGSY": "0.30",
    "JBMGSYKC": "",
    "XSMGSYKC": "",
    "JLRJZCSYLJQ": "4.03%",
    "KCHJLRJZCSYLJQ": "",
    "YYZSR": "",
    "YYSR": "1,510,888,789.07",
    "JLRHJ": "",
    "JLR": "300,705,740.93",
    "KCFJYXSYHDJLR": "299,831,895.84",
    "YYZSRTBZZ": "",
    "YYSRTBZZ": "",
    "JLRHJTBZZ": "",
    "JLRTBZZ": "",
    "KCFJYXSYHDJLRTBZZ": "",
    "JYXJLLJE": "319,272,299.47",
    "ZCZE": "9,223,231,920.16",
    "GDQY": "8,057,134,574.75",
    "FJCXSY": "",
    "MGJYXJLLJE": "",
    "MGJZCPL": ""
  }
]

=== 002268-2026-04-18-电科网安2026年一季度报告.PDF ===
[
  {
    "JZRQ": "2026-03-31",
    "RQBZ": "累计",
    "JBMGSY": "-0.1843",
    "XSMGSY": "-0.1843",
    "JBMGSYKC": "",
    "XSMGSYKC": "",
    "JLRJZCSYLJQ": "-2.79",
    "KCHJLRJZCSYLJQ": "",
    "YYZSR": "",
    "YYSR": "95513390.11",
    "JLRHJ": "",
    "JLR": "-155818758.18",
    "KCFJYXSYHDJLR": "-161370642.76",
    "YYZSRTBZZ": "",
    "YYSRTBZZ": "-35.67",
    "JLRHJTBZZ": "",
    "JLRTBZZ": "-15.69",
    "KCFJYXSYHDJLRTBZZ": "-13.69",
    "JYXJLLJE": "-407260431.89",
    "ZCZE": "7071107966.22",
    "GDQY": "5497366127.93",
    "FJCXSY": "5551884.58",
    "MGJYXJLLJE": "",
    "MGJZCPL": ""
  },
  {
    "JZRQ": "2025-03-31",
    "RQBZ": "累计",
    "JBMGSY": "-0.1593",
    "XSMGSY": "-0.1593",
    "JBMGSYKC": "",
    "XSMGSYKC": "",
    "JLRJZCSYLJQ": "-2.41",
    "KCHJLRJZCSYLJQ": "",
    "YYZSR": "",
    "YYSR": "148463072.45",
    "JLRHJ": "",
    "JLR": "-134684765.54",
    "KCFJYXSYHDJLR": "-141941489.39",
    "YYZSRTBZZ": "",
    "YYSRTBZZ": "",
    "JLRHJTBZZ": "",
    "JLRTBZZ": "",
    "KCFJYXSYHDJLRTBZZ": "",
    "JYXJLLJE": "-185768066.30",
    "ZCZE": "7380613414.78",
    "GDQY": "5653184886.11",
    "FJCXSY": "",
    "MGJYXJLLJE": "",
    "MGJZCPL": ""
  }
]

=== 002458-2026-04-20-益生股份2026年一季度报告.PDF ===
[
  {
    "JZRQ": "2026-03-31",
    "RQBZ": "累计",
    "JBMGSY": "0.1",
    "XSMGSY": "0.1",
    "JBMGSYKC": "",
    "XSMGSYKC": "",
    "JLRJZCSYLJQ": "2.36%",
    "KCHJLRJZCSYLJQ": "",
    "YYZSR": "",
    "YYSR": "783765379.67",
    "JLRHJ": "",
    "JLR": "103252415.91",
    "KCFJYXSYHDJLR": "102528565.08",
    "YYZSRTBZZ": "",
    "YYSRTBZZ": "25.83%",
    "JLRHJTBZZ": "",
    "JLRTBZZ": "884.11%",
    "KCFJYXSYHDJLRTBZZ": "812.53%",
    "JYXJLLJE": "154808906.30",
    "ZCZE": "6948694832.92",
    "GDQY": "4434055188.88",
    "FJCXSY": "723850.83",
    "MGJYXJLLJE": "",
    "MGJZCPL": ""
  },
  {
    "JZRQ": "2025-03-31",
    "RQBZ": "累计",
    "JBMGSY": "-0.01",
    "XSMGSY": "-0.01",
    "JBMGSYKC": "",
    "XSMGSYKC": "",
    "JLRJZCSYLJQ": "-0.30%",
    "KCHJLRJZCSYLJQ": "",
    "YYZSR": "",
    "YYSR": "622899262.79",
    "JLRHJ": "",
    "JLR": "-13168062.05",
    "KCFJYXSYHDJLR": "-14389352.84",
    "YYZSRTBZZ": "",
    "YYSRTBZZ": "",
    "JLRHJTBZZ": "",
    "JLRTBZZ": "",
    "KCFJYXSYHDJLRTBZZ": "",
    "JYXJLLJE": "33160270.63",
    "ZCZE": "6727530543.75",
    "GDQY": "4330802772.97",
    "FJCXSY": "",
    "MGJYXJLLJE": "",
    "MGJZCPL": ""
  }
]

=== 002413-2026-04-18-雷科防务2026年一季度报告.PDF ===
[
  {
    "JZRQ": "2026-03-31",
    "RQBZ": "累计",
    "JBMGSY": "-0.01",
    "XSMGSY": "-0.01",
    "JBMGSYKC": "",
    "XSMGSYKC": "",
    "JLRJZCSYLJQ": "-0.48",
    "KCHJLRJZCSYLJQ": "",
    "YYZSR": "",
    "YYSR": "270467036.83",
    "JLRHJ": "",
    "JLR": "-15940972.47",
    "KCFJYXSYHDJLR": "-19087887.30",
    "YYZSRTBZZ": "",
    "YYSRTBZZ": "26.52",
    "JLRHJTBZZ": "",
    "JLRTBZZ": "56.70",
    "KCFJYXSYHDJLRTBZZ": "51.75",
    "JYXJLLJE": "-142695221.02",
    "ZCZE": "4962339784.35",
    "GDQY": "3291000719.37",
    "FJCXSY": "3146914.83",
    "MGJYXJLLJE": "",
    "MGJZCPL": ""
  },
  {
    "JZRQ": "2025-03-31",
    "RQBZ": "累计",
    "JBMGSY": "-0.03",
    "XSMGSY": "-0.03",
    "JBMGSYKC": "",
    "XSMGSYKC": "",
    "JLRJZCSYLJQ": "-1.08",
    "KCHJLRJZCSYLJQ": "",
    "YYZSR": "",
    "YYSR": "213777781.97",
    "JLRHJ": "",
    "JLR": "-36816724.80",
    "KCFJYXSYHDJLR": "-39563019.41",
    "YYZSRTBZZ": "",
    "YYSRTBZZ": "",
    "JLRHJTBZZ": "",
    "JLRTBZZ": "",
    "KCFJYXSYHDJLRTBZZ": "",
    "JYXJLLJE": "-134367944.78",
    "ZCZE": "5160548241.45",
    "GDQY": "3291064811.91",
    "FJCXSY": "",
    "MGJYXJLLJE": "",
    "MGJZCPL": ""
  }
]

=== 002664-2026-04-18-信质集团2026年一季度报告.PDF ===
[
  {
    "JZRQ": "2026-03-31",
    "RQBZ": "累计",
    "JBMGSY": "0.068",
    "XSMGSY": "0.068",
    "JBMGSYKC": "",
    "XSMGSYKC": "",
    "JLRJZCSYLJQ": "0.78",
    "KCHJLRJZCSYLJQ": "",
    "YYZSR": "",
    "YYSR": "1390096047.08",
    "JLRHJ": "",
    "JLR": "27845672.30",
    "KCFJYXSYHDJLR": "29116520.89",
    "YYZSRTBZZ": "",
    "YYSRTBZZ": "10.65",
    "JLRHJTBZZ": "",
    "JLRTBZZ": "387.85",
    "KCFJYXSYHDJLRTBZZ": "373.32",
    "JYXJLLJE": "-157067430.59",
    "ZCZE": "11415446613.34",
    "GDQY": "3564804926.80",
    "FJCXSY": "-1270848.59",
    "MGJYXJLLJE": "",
    "MGJZCPL": ""
  },
  {
    "JZRQ": "2025-03-31",
    "RQBZ": "累计",
    "JBMGSY": "0.0140",
    "XSMGSY": "",
    "JBMGSYKC": "",
    "XSMGSYKC": "",
    "JLRJZCSYLJQ": "0.17",
    "KCHJLRJZCSYLJQ": "",
    "YYZSR": "",
    "YYSR": "1256311576.03",
    "JLRHJ": "",
    "JLR": "5707832.18",
    "KCFJYXSYHDJLR": "6151613.82",
    "YYZSRTBZZ": "",
    "YYSRTBZZ": "",
    "JLRHJTBZZ": "",
    "JLRTBZZ": "",
    "KCFJYXSYHDJLRTBZZ": "",
    "JYXJLLJE": "86620871.97",
    "ZCZE": "10955123355.10",
    "GDQY": "3536959254.50",
    "FJCXSY": "",
    "MGJYXJLLJE": "",
    "MGJZCPL": ""
  }
]

=== 002749-2026-04-18-国光股份2026年一季度报告.PDF ===
[
  {
    "JZRQ": "2026-03-31",
    "RQBZ": "累计",
    "JBMGSY": "0.13",
    "XSMGSY": "0.13",
    "JBMGSYKC": "",
    "XSMGSYKC": "",
    "JLRJZCSYLJQ": "3.27%",
    "KCHJLRJZCSYLJQ": "",
    "YYZSR": "",
    "YYSR": "380423745.48",
    "JLRHJ": "",
    "JLR": "60130735.13",
    "KCFJYXSYHDJLR": "59190212.94",
    "YYZSRTBZZ": "",
    "YYSRTBZZ": "-1.24%",
    "JLRHJTBZZ": "",
    "JLRTBZZ": "-23.50%",
    "KCFJYXSYHDJLRTBZZ": "-23.45%",
    "JYXJLLJE": "-1959258.37",
    "ZCZE": "2426360385.67",
    "GDQY": "1867084611.13",
    "FJCXSY": "940522.19",
    "MGJYXJLLJE": "",
    "MGJZCPL": ""
  },
  {
    "JZRQ": "2025-03-31",
    "RQBZ": "累计",
    "JBMGSY": "0.17",
    "XSMGSY": "0.17",
    "JBMGSYKC": "",
    "XSMGSYKC": "",
    "JLRJZCSYLJQ": "3.83%",
    "KCHJLRJZCSYLJQ": "",
    "YYZSR": "",
    "YYSR": "385217533.29",
    "JLRHJ": "",
    "JLR": "78598884.26",
    "KCFJYXSYHDJLR": "77324526.28",
    "YYZSRTBZZ": "",
    "YYSRTBZZ": "",
    "JLRHJTBZZ": "",
    "JLRTBZZ": "",
    "KCFJYXSYHDJLRTBZZ": "",
    "JYXJLLJE": "-65392895.69",
    "ZCZE": "2433532674.98",
    "GDQY": "1806533726.05",
    "FJCXSY": "",
    "MGJYXJLLJE": "",
    "MGJZCPL": ""
  }
]

=== 002415-2026-04-18-海康威视2026年一季度报告.PDF ===
[
  {
    "JZRQ": "2026-03-31",
    "RQBZ": "累计",
    "JBMGSY": "0.303",
    "XSMGSY": "0.303",
    "JBMGSYKC": "",
    "XSMGSYKC": "",
    "JLRJZCSYLJQ": "3.28%",
    "KCHJLRJZCSYLJQ": "",
    "YYZSR": "",
    "YYSR": "20715444490.55",
    "JLRHJ": "",
    "JLR": "2781171173.25",
    "KCFJYXSYHDJLR": "2647647238.10",
    "YYZSRTBZZ": "",
    "YYSRTBZZ": "11.78%",
    "JLRHJTBZZ": "",
    "JLRTBZZ": "36.42%",
    "KCFJYXSYHDJLRTBZZ": "37.44%",
    "JYXJLLJE": "-2220444411.11",
    "ZCZE": "135311587226.93",
    "GDQY": "86064997034.84",
    "FJCXSY": "133523935.15",
    "MGJYXJLLJE": "",
    "MGJZCPL": ""
  },
  {
    "JZRQ": "2025-03-31",
    "RQBZ": "累计",
    "JBMGSY": "0.221",
    "XSMGSY": "0.221",
    "JBMGSYKC": "",
    "XSMGSYKC": "",
    "JLRJZCSYLJQ": "2.51%",
    "KCHJLRJZCSYLJQ": "",
    "YYZSR": "",
    "YYSR": "18531863690.67",
    "JLRHJ": "",
    "JLR": "2038683389.01",
    "KCFJYXSYHDJLR": "1926435015.10",
    "YYZSRTBZZ": "",
    "YYSRTBZZ": "",
    "JLRHJTBZZ": "",
    "JLRTBZZ": "",
    "KCFJYXSYHDJLRTBZZ": "",
    "JYXJLLJE": "-1737373005.70",
    "ZCZE": "138049655334.62",
    "GDQY": "83348185885.62",
    "FJCXSY": "",
    "MGJYXJLLJE": "",
    "MGJZCPL": ""
  }
]

=== 002817-2026-04-18-黄山胶囊2026年一季度报告.PDF ===
[
  {
    "JZRQ": "2026-03-31",
    "RQBZ": "累计",
    "JBMGSY": "0.06",
    "XSMGSY": "0.06",
    "JBMGSYKC": "",
    "XSMGSYKC": "",
    "JLRJZCSYLJQ": "1.79",
    "KCHJLRJZCSYLJQ": "",
    "YYZSR": "",
    "YYSR": "95787626.93",
    "JLRHJ": "",
    "JLR": "17362236.43",
    "KCFJYXSYHDJLR": "16833426.94",
    "YYZSRTBZZ": "",
    "YYSRTBZZ": "-19.53",
    "JLRHJTBZZ": "",
    "JLRTBZZ": "-7.83",
    "KCFJYXSYHDJLRTBZZ": "-7.49",
    "JYXJLLJE": "-5769589.23",
    "ZCZE": "1115927970.19",
    "GDQY": "977382554.31",
    "FJCXSY": "528809.49",
    "MGJYXJLLJE": "",
    "MGJZCPL": ""
  },
  {
    "JZRQ": "2025-03-31",
    "RQBZ": "累计",
    "JBMGSY": "0.06",
    "XSMGSY": "0.06",
    "JBMGSYKC": "",
    "XSMGSYKC": "",
    "JLRJZCSYLJQ": "2.05",
    "KCHJLRJZCSYLJQ": "",
    "YYZSR": "",
    "YYSR": "119039034.77",
    "JLRHJ": "",
    "JLR": "18837042.65",
    "KCFJYXSYHDJLR": "18195829.03",
    "YYZSRTBZZ": "",
    "YYSRTBZZ": "",
    "JLRHJTBZZ": "",
    "JLRTBZZ": "",
    "KCFJYXSYHDJLRTBZZ": "",
    "JYXJLLJE": "7500281.96",
    "ZCZE": "1107891830.42",
    "GDQY": "960106606.54",
    "FJCXSY": "",
    "MGJYXJLLJE": "",
    "MGJZCPL": ""
  }
]

=== 002917-2026-04-18-金奥博2026年一季度报告.PDF ===
[
  {
    "JZRQ": "2026-03-31",
    "RQBZ": "累计",
    "JBMGSY": "0.1121",
    "XSMGSY": "0.1121",
    "JBMGSYKC": "",
    "XSMGSYKC": "",
    "JLRJZCSYLJQ": "2.22%",
    "KCHJLRJZCSYLJQ": "",
    "YYZSR": "",
    "YYSR": "362661878.50",
    "JLRHJ": "",
    "JLR": "38367291.44",
    "KCFJYXSYHDJLR": "37579653.64",
    "YYZSRTBZZ": "",
    "YYSRTBZZ": "0.14%",
    "JLRHJTBZZ": "",
    "JLRTBZZ": "7.41%",
    "KCFJYXSYHDJLRTBZZ": "9.81%",
    "JYXJLLJE": "-15779853.82",
    "ZCZE": "3131265293.13",
    "GDQY": "1748441302.18",
    "FJCXSY": "787637.80",
    "MGJYXJLLJE": "",
    "MGJZCPL": ""
  },
  {
    "JZRQ": "2025-03-31",
    "RQBZ": "累计",
    "JBMGSY": "0.1044",
    "XSMGSY": "0.1044",
    "JBMGSYKC": "",
    "XSMGSYKC": "",
    "JLRJZCSYLJQ": "2.25%",
    "KCHJLRJZCSYLJQ": "",
    "YYZSR": "",
    "YYSR": "362137101.37",
    "JLRHJ": "",
    "JLR": "35722019.67",
    "KCFJYXSYHDJLR": "34223779.02",
    "YYZSRTBZZ": "",
    "YYSRTBZZ": "",
    "JLRHJTBZZ": "",
    "JLRTBZZ": "",
    "KCFJYXSYHDJLRTBZZ": "",
    "JYXJLLJE": "41569409.27",
    "ZCZE": "3150500651.62",
    "GDQY": "1708777971.20",
    "FJCXSY": "",
    "MGJYXJLLJE": "",
    "MGJZCPL": ""
  }
]

=== 003006-2026-04-18-百亚股份2026年一季度报告.PDF ===
[
  {
    "JZRQ": "2026-03-31",
    "RQBZ": "累计",
    "JBMGSY": "0.33",
    "XSMGSY": "0.33",
    "JBMGSYKC": "",
    "XSMGSYKC": "",
    "JLRJZCSYLJQ": "9.56%",
    "KCHJLRJZCSYLJQ": "",
    "YYZSR": "",
    "YYSR": "1055274086.00",
    "JLRHJ": "",
    "JLR": "143699967.00",
    "KCFJYXSYHDJLR": "138298893.00",
    "YYZSRTBZZ": "",
    "YYSRTBZZ": "6.01",
    "JLRHJTBZZ": "",
    "JLRTBZZ": "10.03",
    "KCFJYXSYHDJLRTBZZ": "7.10",
    "JYXJLLJE": "161651943.00",
    "ZCZE": "2343374148.00",
    "GDQY": "1575714050.00",
    "FJCXSY": "5401074.00",
    "MGJYXJLLJE": "",
    "MGJZCPL": ""
  },
  {
    "JZRQ": "2025-03-31",
    "RQBZ": "累计",
    "JBMGSY": "0.30",
    "XSMGSY": "",
    "JBMGSYKC": "",
    "XSMGSYKC": "",
    "JLRJZCSYLJQ": "8.62%",
    "KCHJLRJZCSYLJQ": "",
    "YYZSR": "",
    "YYSR": "995436662.00",
    "JLRHJ": "",
    "JLR": "130605011.00",
    "KCFJYXSYHDJLR": "129134453.00",
    "YYZSRTBZZ": "",
    "YYSRTBZZ": "",
    "JLRHJTBZZ": "",
    "JLRTBZZ": "",
    "KCFJYXSYHDJLRTBZZ": "",
    "JYXJLLJE": "6910716.00",
    "ZCZE": "2083850239.00",
    "GDQY": "1432014083.00",
    "FJCXSY": "",
    "MGJYXJLLJE": "",
    "MGJZCPL": ""
  }
]

=== 002968-2026-04-18-新大正2026年一季度报告.PDF ===
[
  {
    "JZRQ": "2026-03-31",
    "RQBZ": "累计",
    "JBMGSY": "0.15",
    "XSMGSY": "0.15",
    "JBMGSYKC": "",
    "XSMGSYKC": "",
    "JLRJZCSYLJQ": "2.77",
    "KCHJLRJZCSYLJQ": "",
    "YYZSR": "",
    "YYSR": "783606353.23",
    "JLRHJ": "",
    "JLR": "34090663.72",
    "KCFJYXSYHDJLR": "33625888.09",
    "YYZSRTBZZ": "",
    "YYSRTBZZ": "5.54",
    "JLRHJTBZZ": "",
    "JLRTBZZ": "0.79",
    "KCFJYXSYHDJLRTBZZ": "9.56",
    "JYXJLLJE": "-187659221.84",
    "ZCZE": "2015888503.49",
    "GDQY": "1245955192.84",
    "FJCXSY": "464775.63",
    "MGJYXJLLJE": "",
    "MGJZCPL": ""
  },
  {
    "JZRQ": "2025-03-31",
    "RQBZ": "累计",
    "JBMGSY": "0.15",
    "XSMGSY": "0.15",
    "JBMGSYKC": "",
    "XSMGSYKC": "",
    "JLRJZCSYLJQ": "2.76",
    "KCHJLRJZCSYLJQ": "",
    "YYZSR": "",
    "YYSR": "742474875.95",
    "JLRHJ": "",
    "JLR": "33824413.81",
    "KCFJYXSYHDJLR": "30691240.27",
    "YYZSRTBZZ": "",
    "YYSRTBZZ": "",
    "JLRHJTBZZ": "",
    "JLRTBZZ": "",
    "KCFJYXSYHDJLRTBZZ": "",
    "JYXJLLJE": "-184367531.45",
    "ZCZE": "2031752485.88",
    "GDQY": "1211968529.12",
    "FJCXSY": "",
    "MGJYXJLLJE": "",
    "MGJZCPL": ""
  }
]

=== 300012-2026-04-20-华测检测2026年一季度报告.PDF ===
[
  {
    "JZRQ": "2026-03-31",
    "RQBZ": "累计",
    "JBMGSY": "0.1066",
    "XSMGSY": "0.1066",
    "JBMGSYKC": "",
    "XSMGSYKC": "",
    "JLRJZCSYLJQ": "2.30",
    "KCHJLRJZCSYLJQ": "",
    "YYZSR": "",
    "YYSR": "1494850955.35",
    "JLRHJ": "",
    "JLR": "178315246.92",
    "KCFJYXSYHDJLR": "164102170.89",
    "YYZSRTBZZ": "",
    "YYSRTBZZ": "16.17",
    "JLRHJTBZZ": "",
    "JLRTBZZ": "30.93",
    "KCFJYXSYHDJLRTBZZ": "31.28",
    "JYXJLLJE": "1655557.38",
    "ZCZE": "10354059544.98",
    "GDQY": "7890019795.10",
    "FJCXSY": "14213076.03",
    "MGJYXJLLJE": "",
    "MGJZCPL": ""
  },
  {
    "JZRQ": "2025-03-31",
    "RQBZ": "累计",
    "JBMGSY": "0.0814",
    "XSMGSY": "0.0814",
    "JBMGSYKC": "",
    "XSMGSYKC": "",
    "JLRJZCSYLJQ": "1.95",
    "KCHJLRJZCSYLJQ": "",
    "YYZSR": "",
    "YYSR": "1286784490.74",
    "JLRHJ": "",
    "JLR": "136192319.03",
    "KCFJYXSYHDJLR": "124999934.67",
    "YYZSRTBZZ": "",
    "YYSRTBZZ": "",
    "JLRHJTBZZ": "",
    "JLRTBZZ": "",
    "KCFJYXSYHDJLRTBZZ": "",
    "JYXJLLJE": "-89935338.73",
    "ZCZE": "10379101079.04",
    "GDQY": "7673017639.13",
    "FJCXSY": "",
    "MGJYXJLLJE": "",
    "MGJZCPL": ""
  }
]

=== 300136-2026-04-18-信维通信2026年一季度报告.PDF ===
[
  {
    "JZRQ": "2026-03-31",
    "RQBZ": "累计",
    "JBMGSY": "0.1101",
    "XSMGSY": "0.1088",
    "JBMGSYKC": "",
    "XSMGSYKC": "",
    "JLRJZCSYLJQ": "1.31",
    "KCHJLRJZCSYLJQ": "",
    "YYZSR": "",
    "YYSR": "1992215856.05",
    "JLRHJ": "",
    "JLR": "104889140.24",
    "KCFJYXSYHDJLR": "105451212.38",
    "YYZSRTBZZ": "",
    "YYSRTBZZ": "14.31",
    "JLRHJTBZZ": "",
    "JLRTBZZ": "35.35",
    "KCFJYXSYHDJLRTBZZ": "104.04",
    "JYXJLLJE": "80996182.71",
    "ZCZE": "14134975005.82",
    "GDQY": "8023134206.06",
    "FJCXSY": "-562072.14",
    "MGJYXJLLJE": "",
    "MGJZCPL": ""
  },
  {
    "JZRQ": "2025-03-31",
    "RQBZ": "累计",
    "JBMGSY": "0.0814",
    "XSMGSY": "0.0814",
    "JBMGSYKC": "",
    "XSMGSYKC": "",
    "JLRJZCSYLJQ": "1.05",
    "KCHJLRJZCSYLJQ": "",
    "YYZSR": "",
    "YYSR": "1742892253.47",
    "JLRHJ": "",
    "JLR": "77492172.45",
    "KCFJYXSYHDJLR": "51682284.92",
    "YYZSRTBZZ": "",
    "YYSRTBZZ": "",
    "JLRHJTBZZ": "",
    "JLRTBZZ": "",
    "KCFJYXSYHDJLRTBZZ": "",
    "JYXJLLJE": "629622037.33",
    "ZCZE": "13539515572.44",
    "GDQY": "7930289371.59",
    "FJCXSY": "",
    "MGJYXJLLJE": "",
    "MGJZCPL": ""
  }
]

=== 300188-2026-04-18-国投智能2026年一季度报告.PDF ===
[
  {
    "JZRQ": "2026-03-31",
    "RQBZ": "累计",
    "JBMGSY": "-0.18",
    "XSMGSY": "-0.18",
    "JBMGSYKC": "",
    "XSMGSYKC": "",
    "JLRJZCSYLJQ": "-5.91",
    "KCHJLRJZCSYLJQ": "",
    "YYZSR": "",
    "YYSR": "164514033.76",
    "JLRHJ": "",
    "JLR": "-151920010.06",
    "KCFJYXSYHDJLR": "-156027042.38",
    "YYZSRTBZZ": "",
    "YYSRTBZZ": "-23.58",
    "JLRHJTBZZ": "",
    "JLRTBZZ": "-20.19",
    "KCFJYXSYHDJLRTBZZ": "-21.59",
    "JYXJLLJE": "-390587538.59",
    "ZCZE": "4177661815.13",
    "GDQY": "2496342876.09",
    "FJCXSY": "4107032.32",
    "MGJYXJLLJE": "",
    "MGJZCPL": ""
  },
  {
    "JZRQ": "2025-03-31",
    "RQBZ": "累计",
    "JBMGSY": "-0.15",
    "XSMGSY": "-0.15",
    "JBMGSYKC": "",
    "XSMGSYKC": "",
    "JLRJZCSYLJQ": "-3.67",
    "KCHJLRJZCSYLJQ": "",
    "YYZSR": "",
    "YYSR": "215288988.21",
    "JLRHJ": "",
    "JLR": "-126395521.30",
    "KCFJYXSYHDJLR": "-128321984.53",
    "YYZSRTBZZ": "",
    "YYSRTBZZ": "",
    "JLRHJTBZZ": "",
    "JLRTBZZ": "",
    "KCFJYXSYHDJLRTBZZ": "",
    "JYXJLLJE": "-257348263.21",
    "ZCZE": "4531018876.10",
    "GDQY": "2657452660.42",
    "FJCXSY": "",
    "MGJYXJLLJE": "",
    "MGJZCPL": ""
  }
]

=== 300222-2026-04-18-科大智能2026年一季度报告.PDF ===
[
  {
    "JZRQ": "2026-03-31",
    "RQBZ": "累计",
    "JBMGSY": "0.04",
    "XSMGSY": "0.04",
    "JBMGSYKC": "",
    "XSMGSYKC": "",
    "JLRJZCSYLJQ": "1.56%",
    "KCHJLRJZCSYLJQ": "",
    "YYZSR": "",
    "YYSR": "585489724.58",
    "JLRHJ": "",
    "JLR": "27224666.19",
    "KCFJYXSYHDJLR": "16994590.43",
    "YYZSRTBZZ": "",
    "YYSRTBZZ": "-9.68%",
    "JLRHJTBZZ": "",
    "JLRTBZZ": "29.43%",
    "KCFJYXSYHDJLRTBZZ": "1.14%",
    "JYXJLLJE": "-201191253.45",
    "ZCZE": "4480469332.27",
    "GDQY": "1768912814.45",
    "FJCXSY": "10230075.76",
    "MGJYXJLLJE": "",
    "MGJZCPL": ""
  },
  {
    "JZRQ": "2025-03-31",
    "RQBZ": "累计",
    "JBMGSY": "0.03",
    "XSMGSY": "",
    "JBMGSYKC": "",
    "XSMGSYKC": "",
    "JLRJZCSYLJQ": "1.27%",
    "KCHJLRJZCSYLJQ": "",
    "YYZSR": "",
    "YYSR": "648246694.64",
    "JLRHJ": "",
    "JLR": "21034531.23",
    "KCFJYXSYHDJLR": "16802665.50",
    "YYZSRTBZZ": "",
    "YYSRTBZZ": "",
    "JLRHJTBZZ": "",
    "JLRTBZZ": "",
    "KCFJYXSYHDJLRTBZZ": "",
    "JYXJLLJE": "-102304831.08",
    "ZCZE": "4623101271.10",
    "GDQY": "1731561109.99",
    "FJCXSY": "",
    "MGJYXJLLJE": "",
    "MGJZCPL": ""
  }
]

=== 300184-2026-04-20-力源信息2026年一季度报告.PDF ===
[
  {
    "JZRQ": "2026-03-31",
    "RQBZ": "累计",
    "JBMGSY": "0.1193",
    "XSMGSY": "0.1193",
    "JBMGSYKC": "",
    "XSMGSYKC": "",
    "JLRJZCSYLJQ": "3.24",
    "KCHJLRJZCSYLJQ": "",
    "YYZSR": "",
    "YYSR": "2835270604.16",
    "JLRHJ": "",
    "JLR": "137321738.46",
    "KCFJYXSYHDJLR": "138570225.79",
    "YYZSRTBZZ": "",
    "YYSRTBZZ": "52.01",
    "JLRHJTBZZ": "",
    "JLRTBZZ": "240.58",
    "KCFJYXSYHDJLRTBZZ": "243.31",
    "JYXJLLJE": "-76170798.78",
    "ZCZE": "7451181802.11",
    "GDQY": "4214835352.06",
    "FJCXSY": "-1248487.33",
    "MGJYXJLLJE": "",
    "MGJZCPL": ""
  },
  {
    "JZRQ": "2025-03-31",
    "RQBZ": "累计",
    "JBMGSY": "0.0349",
    "XSMGSY": "0.0349",
    "JBMGSYKC": "",
    "XSMGSYKC": "",
    "JLRJZCSYLJQ": "1.08",
    "KCHJLRJZCSYLJQ": "",
    "YYZSR": "",
    "YYSR": "1865246281.51",
    "JLRHJ": "",
    "JLR": "40319898.01",
    "KCFJYXSYHDJLR": "40362736.48",
    "YYZSRTBZZ": "",
    "YYSRTBZZ": "",
    "JLRHJTBZZ": "",
    "JLRTBZZ": "",
    "KCFJYXSYHDJLRTBZZ": "",
    "JYXJLLJE": "174017599.77",
    "ZCZE": "6964079527.05",
    "GDQY": "4166160709.10",
    "FJCXSY": "",
    "MGJYXJLLJE": "",
    "MGJZCPL": ""
  }
]

=== 300303-2026-04-18-聚飞光电2026年一季度报告.PDF ===
[
  {
    "JZRQ": "2026-03-31",
    "RQBZ": "累计",
    "JBMGSY": "0.04",
    "XSMGSY": "0.04",
    "JBMGSYKC": "",
    "XSMGSYKC": "",
    "JLRJZCSYLJQ": "1.33",
    "KCHJLRJZCSYLJQ": "",
    "YYZSR": "",
    "YYSR": "744766770.69",
    "JLRHJ": "",
    "JLR": "51101924.27",
    "KCFJYXSYHDJLR": "26542122.76",
    "YYZSRTBZZ": "",
    "YYSRTBZZ": "-4.44",
    "JLRHJTBZZ": "",
    "JLRTBZZ": "-27.68",
    "KCFJYXSYHDJLRTBZZ": "-48.69",
    "JYXJLLJE": "-76470828.53",
    "ZCZE": "6285252971.17",
    "GDQY": "3843392687.20",
    "FJCXSY": "24559801.51",
    "MGJYXJLLJE": "",
    "MGJZCPL": ""
  },
  {
    "JZRQ": "2025-03-31",
    "RQBZ": "累计",
    "JBMGSY": "0.05",
    "XSMGSY": "0.05",
    "JBMGSYKC": "",
    "XSMGSYKC": "",
    "JLRJZCSYLJQ": "1.89",
    "KCHJLRJZCSYLJQ": "",
    "YYZSR": "",
    "YYSR": "779355779.13",
    "JLRHJ": "",
    "JLR": "70660975.78",
    "KCFJYXSYHDJLR": "51725852.92",
    "YYZSRTBZZ": "",
    "YYSRTBZZ": "",
    "JLRHJTBZZ": "",
    "JLRTBZZ": "",
    "KCFJYXSYHDJLRTBZZ": "",
    "JYXJLLJE": "155490412.45",
    "ZCZE": "6349288127.78",
    "GDQY": "3806499883.91",
    "FJCXSY": "",
    "MGJYXJLLJE": "",
    "MGJZCPL": ""
  }
]

=== 300401-2026-04-18-花园生物2026年一季度报告.PDF ===
[
  {
    "JZRQ": "2026-03-31",
    "RQBZ": "累计",
    "JBMGSY": "0.09",
    "XSMGSY": "0.09",
    "JBMGSYKC": "",
    "XSMGSYKC": "",
    "JLRJZCSYLJQ": "1.43",
    "KCHJLRJZCSYLJQ": "",
    "YYZSR": "",
    "YYSR": "276882853.78",
    "JLRHJ": "",
    "JLR": "50271348.24",
    "KCFJYXSYHDJLR": "47834757.03",
    "YYZSRTBZZ": "",
    "YYSRTBZZ": "-15.17",
    "JLRHJTBZZ": "",
    "JLRTBZZ": "-47.91",
    "KCFJYXSYHDJLRTBZZ": "-45.73",
    "JYXJLLJE": "199617961.38",
    "ZCZE": "6009103294.37",
    "GDQY": "3541907814.75",
    "FJCXSY": "2436591.21",
    "MGJYXJLLJE": "",
    "MGJZCPL": ""
  },
  {
    "JZRQ": "2025-03-31",
    "RQBZ": "累计",
    "JBMGSY": "0.18",
    "XSMGSY": "0.18",
    "JBMGSYKC": "",
    "XSMGSYKC": "",
    "JLRJZCSYLJQ": "2.95",
    "KCHJLRJZCSYLJQ": "",
    "YYZSR": "",
    "YYSR": "326391133.03",
    "JLRHJ": "",
    "JLR": "96511379.04",
    "KCFJYXSYHDJLR": "88138393.32",
    "YYZSRTBZZ": "",
    "YYSRTBZZ": "",
    "JLRHJTBZZ": "",
    "JLRTBZZ": "",
    "KCFJYXSYHDJLRTBZZ": "",
    "JYXJLLJE": "144056264.68",
    "ZCZE": "5781790377.44",
    "GDQY": "3489096425.46",
    "FJCXSY": "",
    "MGJYXJLLJE": "",
    "MGJZCPL": ""
  }
]

=== 300373-2026-04-18-扬杰科技2026年一季度报告.PDF ===
[
  {
    "JZRQ": "2026-03-31",
    "RQBZ": "累计",
    "JBMGSY": "0.71",
    "XSMGSY": "0.71",
    "JBMGSYKC": "",
    "XSMGSYKC": "",
    "JLRJZCSYLJQ": "3.96%",
    "KCHJLRJZCSYLJQ": "",
    "YYZSR": "",
    "YYSR": "2129692752.55",
    "JLRHJ": "",
    "JLR": "384909639.00",
    "KCFJYXSYHDJLR": "359164201.10",
    "YYZSRTBZZ": "",
    "YYSRTBZZ": "34.87%",
    "JLRHJTBZZ": "",
    "JLRTBZZ": "41.01%",
    "KCFJYXSYHDJLRTBZZ": "41.15%",
    "JYXJLLJE": "172630474.22",
    "ZCZE": "16925144481.51",
    "GDQY": "9909485884.62",
    "FJCXSY": "25745437.90",
    "MGJZCPL": "",
    "MGJYXJLLJE": ""
  },
  {
    "JZRQ": "2025-03-31",
    "RQBZ": "累计",
    "JBMGSY": "0.50",
    "XSMGSY": "0.50",
    "JBMGSYKC": "",
    "XSMGSYKC": "",
    "JLRJZCSYLJQ": "3.07%",
    "KCHJLRJZCSYLJQ": "",
    "YYZSR": "",
    "YYSR": "1579096176.82",
    "JLRHJ": "",
    "JLR": "272961734.65",
    "KCFJYXSYHDJLR": "254451969.21",
    "YYZSRTBZZ": "",
    "YYSRTBZZ": "",
    "JLRHJTBZZ": "",
    "JLRTBZZ": "",
    "KCFJYXSYHDJLRTBZZ": "",
    "JYXJLLJE": "259720585.10",
    "ZCZE": "16683504776.52",
    "GDQY": "9543861725.58",
    "FJCXSY": "",
    "MGJZCPL": "",
    "MGJYXJLLJE": ""
  }
]

=== 300653-2026-04-18-正海生物2026年一季度报告.PDF ===
[
  {
    "JZRQ": "2026-03-31",
    "RQBZ": "累计",
    "JBMGSY": "0.08",
    "XSMGSY": "0.08",
    "JBMGSYKC": "",
    "XSMGSYKC": "",
    "JLRJZCSYLJQ": "1.64%",
    "KCHJLRJZCSYLJQ": "",
    "YYZSR": "",
    "YYSR": "81028747.68",
    "JLRHJ": "",
    "JLR": "14749268.52",
    "KCFJYXSYHDJLR": "12008081.13",
    "YYZSRTBZZ": "",
    "YYSRTBZZ": "-16.82%",
    "JLRHJTBZZ": "",
    "JLRTBZZ": "-44.61%",
    "KCFJYXSYHDJLRTBZZ": "-49.62%",
    "JYXJLLJE": "12778229.41",
    "ZCZE": "1002890401.90",
    "GDQY": "904229154.96",
    "FJCXSY": "2741187.39",
    "MGJYXJLLJE": "",
    "MGJZCPL": ""
  },
  {
    "JZRQ": "2025-03-31",
    "RQBZ": "累计",
    "JBMGSY": "0.15",
    "XSMGSY": "",
    "JBMGSYKC": "",
    "XSMGSYKC": "",
    "JLRJZCSYLJQ": "2.95%",
    "KCHJLRJZCSYLJQ": "",
    "YYZSR": "",
    "YYSR": "97415845.21",
    "JLRHJ": "",
    "JLR": "26626723.19",
    "KCFJYXSYHDJLR": "23835843.45",
    "YYZSRTBZZ": "",
    "YYSRTBZZ": "",
    "JLRHJTBZZ": "",
    "JLRTBZZ": "",
    "KCFJYXSYHDJLRTBZZ": "",
    "JYXJLLJE": "38947811.13",
    "ZCZE": "984619455.84",
    "GDQY": "889479886.44",
    "FJCXSY": "",
    "MGJYXJLLJE": "",
    "MGJZCPL": ""
  }
]

=== 300855-2026-04-18-图南股份2026年一季度报告.PDF ===
[
  {
    "JZRQ": "2026-03-31",
    "RQBZ": "累计",
    "JBMGSY": "0.24",
    "XSMGSY": "0.24",
    "JBMGSYKC": "",
    "XSMGSYKC": "",
    "JLRJZCSYLJQ": "4.65%",
    "KCHJLRJZCSYLJQ": "",
    "YYZSR": "",
    "YYSR": "342526045.30",
    "JLRHJ": "",
    "JLR": "95560114.96",
    "KCFJYXSYHDJLR": "93675575.65",
    "YYZSRTBZZ": "",
    "YYSRTBZZ": "19.87%",
    "JLRHJTBZZ": "",
    "JLRTBZZ": "129.22%",
    "KCFJYXSYHDJLRTBZZ": "138.88%",
    "JYXJLLJE": "43581359.95",
    "ZCZE": "3443939254.81",
    "GDQY": "2103527890.99",
    "FJCXSY": "1884539.31",
    "MGJYXJLLJE": "",
    "MGJZCPL": ""
  },
  {
    "JZRQ": "2025-03-31",
    "RQBZ": "累计",
    "JBMGSY": "0.11",
    "XSMGSY": "0.11",
    "JBMGSYKC": "",
    "XSMGSYKC": "",
    "JLRJZCSYLJQ": "2.12%",
    "KCHJLRJZCSYLJQ": "",
    "YYZSR": "",
    "YYSR": "285752677.96",
    "JLRHJ": "",
    "JLR": "41688686.92",
    "KCFJYXSYHDJLR": "39214389.61",
    "YYZSRTBZZ": "",
    "YYSRTBZZ": "",
    "JLRHJTBZZ": "",
    "JLRTBZZ": "",
    "KCFJYXSYHDJLRTBZZ": "",
    "JYXJLLJE": "53691931.43",
    "ZCZE": "3010207923.10",
    "GDQY": "2006918425.42",
    "FJCXSY": "",
    "MGJYXJLLJE": "",
    "MGJZCPL": ""
  }
]

=== 600250-2026-04-18-南京商旅南京商旅2026年第一季度报告.PDF ===
[
  {
    "JZRQ": "2026-03-31",
    "RQBZ": "累计",
    "JBMGSY": "0.01",
    "XSMGSY": "",
    "JBMGSYKC": "",
    "XSMGSYKC": "",
    "JLRJZCSYLJQ": "0.75",
    "KCHJLRJZCSYLJQ": "",
    "YYZSR": "",
    "YYSR": "167672247.93",
    "JLRHJ": "",
    "JLR": "4614330.69",
    "KCFJYXSYHDJLR": "4310886.82",
    "YYZSRTBZZ": "",
    "YYSRTBZZ": "-12.03",
    "JLRHJTBZZ": "",
    "JLRTBZZ": "31.32",
    "KCFJYXSYHDJLRTBZZ": "32.32",
    "JYXJLLJE": "17222436.27",
    "ZCZE": "1773709068.44",
    "GDQY": "624580180.71",
    "FJCXSY": "303443.87",
    "MGJYXJLLJE": "",
    "MGJZCPL": ""
  },
  {
    "JZRQ": "2025-03-31",
    "RQBZ": "累计",
    "JBMGSY": "0.01",
    "XSMGSY": "",
    "JBMGSYKC": "",
    "XSMGSYKC": "",
    "JLRJZCSYLJQ": "0.58",
    "KCHJLRJZCSYLJQ": "",
    "YYZSR": "",
    "YYSR": "190607382.51",
    "JLRHJ": "",
    "JLR": "3513794.50",
    "KCFJYXSYHDJLR": "3257957.10",
    "YYZSRTBZZ": "",
    "YYSRTBZZ": "",
    "JLRHJTBZZ": "",
    "JLRTBZZ": "",
    "KCFJYXSYHDJLRTBZZ": "",
    "JYXJLLJE": "8864787.59",
    "ZCZE": "1786781043.28",
    "GDQY": "609307853.78",
    "FJCXSY": "",
    "MGJYXJLLJE": "",
    "MGJZCPL": ""
  }
]

=== 301223-2026-04-20-中荣股份2026年一季度报告.PDF ===
[
  {
    "JZRQ": "2026-03-31",
    "RQBZ": "累计",
    "JBMGSY": "0.22",
    "XSMGSY": "0.22",
    "JBMGSYKC": "",
    "XSMGSYKC": "",
    "JLRJZCSYLJQ": "1.42%",
    "KCHJLRJZCSYLJQ": "",
    "YYZSR": "",
    "YYSR": "805919908.45",
    "JLRHJ": "",
    "JLR": "42745619.34",
    "KCFJYXSYHDJLR": "40271936.47",
    "YYZSRTBZZ": "",
    "YYSRTBZZ": "15.37%",
    "JLRHJTBZZ": "",
    "JLRTBZZ": "8.61%",
    "KCFJYXSYHDJLRTBZZ": "9.19%",
    "JYXJLLJE": "103179883.91",
    "ZCZE": "4549995959.38",
    "GDQY": "3026070343.29",
    "FJCXSY": "2473682.87",
    "MGJYXJLLJE": "",
    "MGJZCPL": ""
  },
  {
    "JZRQ": "2025-03-31",
    "RQBZ": "累计",
    "JBMGSY": "0.20",
    "XSMGSY": "0.20",
    "JBMGSYKC": "",
    "XSMGSYKC": "",
    "JLRJZCSYLJQ": "1.34%",
    "KCHJLRJZCSYLJQ": "",
    "YYZSR": "",
    "YYSR": "698563067.72",
    "JLRHJ": "",
    "JLR": "39357585.15",
    "KCFJYXSYHDJLR": "36883107.34",
    "YYZSRTBZZ": "",
    "YYSRTBZZ": "",
    "JLRHJTBZZ": "",
    "JLRTBZZ": "",
    "KCFJYXSYHDJLRTBZZ": "",
    "JYXJLLJE": "99934947.73",
    "ZCZE": "4574765393.73",
    "GDQY": "2985142635.71",
    "FJCXSY": "",
    "MGJYXJLLJE": "",
    "MGJZCPL": ""
  }
]

=== 600674-2026-04-18-川投能源四川川投能源股份有限公司2026年第一季度报告.PDF ===
[
  {
    "JZRQ": "2026-03-31",
    "RQBZ": "累计",
    "JBMGSY": "0.2980",
    "XSMGSY": "0.2980",
    "JBMGSYKC": "",
    "XSMGSYKC": "",
    "JLRJZCSYLJQ": "3.18",
    "KCHJLRJZCSYLJQ": "",
    "YYZSR": "",
    "YYSR": "329176009.33",
    "JLRHJ": "",
    "JLR": "1452651218.68",
    "KCFJYXSYHDJLR": "1448418031.42",
    "YYZSRTBZZ": "",
    "YYSRTBZZ": "-9.56",
    "JLRHJTBZZ": "",
    "JLRTBZZ": "-1.76",
    "KCFJYXSYHDJLRTBZZ": "-1.92",
    "JYXJLLJE": "233747898.52",
    "ZCZE": "71600640475.23",
    "GDQY": "46380740858.54",
    "FJCXSY": "4233187.26",
    "MGJYXJLLJE": "",
    "MGJZCPL": ""
  },
  {
    "JZRQ": "2025-03-31",
    "RQBZ": "累计",
    "JBMGSY": "0.3033",
    "XSMGSY": "0.3033",
    "JBMGSYKC": "",
    "XSMGSYKC": "",
    "JLRJZCSYLJQ": "3.45",
    "KCHJLRJZCSYLJQ": "",
    "YYZSR": "",
    "YYSR": "363978685.86",
    "JLRHJ": "",
    "JLR": "1478691128.48",
    "KCFJYXSYHDJLR": "1476804078.66",
    "YYZSRTBZZ": "",
    "YYSRTBZZ": "",
    "JLRHJTBZZ": "",
    "JLRTBZZ": "",
    "KCFJYXSYHDJLRTBZZ": "",
    "JYXJLLJE": "177857281.53",
    "ZCZE": "70280844646.92",
    "GDQY": "44887889111.94",
    "FJCXSY": "",
    "MGJYXJLLJE": "",
    "MGJZCPL": ""
  }
]

=== 301479-2026-04-20-弘景光电2026年一季度报告.PDF ===
[
  {
    "JZRQ": "2026-03-31",
    "RQBZ": "累计",
    "JBMGSY": "0.2868",
    "XSMGSY": "0.2868",
    "JBMGSYKC": "",
    "XSMGSYKC": "",
    "JLRJZCSYLJQ": "1.97",
    "KCHJLRJZCSYLJQ": "",
    "YYZSR": "",
    "YYSR": "313151767.59",
    "JLRHJ": "",
    "JLR": "25511247.08",
    "KCFJYXSYHDJLR": "23700702.62",
    "YYZSRTBZZ": "",
    "YYSRTBZZ": "12.39",
    "JLRHJTBZZ": "",
    "JLRTBZZ": "-26.33",
    "KCFJYXSYHDJLRTBZZ": "-29.93",
    "JYXJLLJE": "-37168805.07",
    "ZCZE": "1927291480.04",
    "GDQY": "1307996133.55",
    "FJCXSY": "1810544.46",
    "MGJYXJLLJE": "",
    "MGJZCPL": ""
  },
  {
    "JZRQ": "2025-03-31",
    "RQBZ": "累计",
    "JBMGSY": "0.4832",
    "XSMGSY": "0.4832",
    "JBMGSYKC": "",
    "XSMGSYKC": "",
    "JLRJZCSYLJQ": "4.68",
    "KCHJLRJZCSYLJQ": "",
    "YYZSR": "",
    "YYSR": "278639871.86",
    "JLRHJ": "",
    "JLR": "34627873.84",
    "KCFJYXSYHDJLR": "33823223.52",
    "YYZSRTBZZ": "",
    "YYSRTBZZ": "",
    "JLRHJTBZZ": "",
    "JLRTBZZ": "",
    "KCFJYXSYHDJLRTBZZ": "",
    "JYXJLLJE": "-56827630.39",
    "ZCZE": "2034844293.07",
    "GDQY": "1282233099.05",
    "FJCXSY": "",
    "MGJYXJLLJE": "",
    "MGJZCPL": ""
  }
]

=== 600763-2026-04-18-通策医疗通策医疗股份有限公司2026年第一季度报告.PDF ===
[
  {
    "JZRQ": "2026-03-31",
    "RQBZ": "累计",
    "JBMGSY": "0.42",
    "XSMGSY": "0.41",
    "JBMGSYKC": "",
    "XSMGSYKC": "",
    "JLRJZCSYLJQ": "4.32",
    "KCHJLRJZCSYLJQ": "",
    "YYZSR": "",
    "YYSR": "755289213.29",
    "JLRHJ": "",
    "JLR": "186874603.48",
    "KCFJYXSYHDJLR": "184827971.65",
    "YYZSRTBZZ": "",
    "YYSRTBZZ": "1.43",
    "JLRHJTBZZ": "",
    "JLRTBZZ": "1.66",
    "KCFJYXSYHDJLRTBZZ": "1.37",
    "JYXJLLJE": "160963587.92",
    "ZCZE": "6239065268.83",
    "GDQY": "4420895942.57",
    "FJCXSY": "2046631.83",
    "MGJYXJLLJE": "",
    "MGJZCPL": ""
  },
  {
    "JZRQ": "2025-03-31",
    "RQBZ": "累计",
    "JBMGSY": "0.41",
    "XSMGSY": "0.41",
    "JBMGSYKC": "",
    "XSMGSYKC": "",
    "JLRJZCSYLJQ": "4.46",
    "KCHJLRJZCSYLJQ": "",
    "YYZSR": "",
    "YYSR": "744611704.47",
    "JLRHJ": "",
    "JLR": "183827424.31",
    "KCFJYXSYHDJLR": "182331101.79",
    "YYZSRTBZZ": "",
    "YYSRTBZZ": "",
    "JLRHJTBZZ": "",
    "JLRTBZZ": "",
    "KCFJYXSYHDJLRTBZZ": "",
    "JYXJLLJE": "147579272.37",
    "ZCZE": "6041902888.46",
    "GDQY": "4234021339.21",
    "FJCXSY": "",
    "MGJYXJLLJE": "",
    "MGJZCPL": ""
  }
]

=== 600746-2026-04-18-江苏索普江苏索普2026年第一季度报告.PDF ===
[
  {
    "JZRQ": "2026-03-31",
    "RQBZ": "累计",
    "JBMGSY": "0.0296",
    "XSMGSY": "0.0296",
    "JBMGSYKC": "",
    "XSMGSYKC": "",
    "JLRJZCSYLJQ": "0.63",
    "KCHJLRJZCSYLJQ": "",
    "YYZSR": "",
    "YYSR": "1514229014.81",
    "JLRHJ": "",
    "JLR": "34097756.03",
    "KCFJYXSYHDJLR": "33655717.47",
    "YYZSRTBZZ": "",
    "YYSRTBZZ": "-6.23",
    "JLRHJTBZZ": "",
    "JLRTBZZ": "-40.27",
    "KCFJYXSYHDJLRTBZZ": "-40.98",
    "JYXJLLJE": "-213868768.46",
    "ZCZE": "7306571010.11",
    "GDQY": "5449480111.25",
    "FJCXSY": "442038.56",
    "MGJZCPL": "",
    "MGJYXJLLJE": ""
  },
  {
    "JZRQ": "2025-03-31",
    "RQBZ": "累计",
    "JBMGSY": "0.0496",
    "XSMGSY": "0.0496",
    "JBMGSYKC": "",
    "XSMGSYKC": "",
    "JLRJZCSYLJQ": "1.05",
    "KCHJLRJZCSYLJQ": "",
    "YYZSR": "",
    "YYSR": "1614863563.09",
    "JLRHJ": "",
    "JLR": "57084273.16",
    "KCFJYXSYHDJLR": "57024618.89",
    "YYZSRTBZZ": "",
    "YYSRTBZZ": "",
    "JLRHJTBZZ": "",
    "JLRTBZZ": "",
    "KCFJYXSYHDJLRTBZZ": "",
    "JYXJLLJE": "-26893606.79",
    "ZCZE": "7442015170.72",
    "GDQY": "5415230505.05",
    "FJCXSY": "",
    "MGJZCPL": "",
    "MGJYXJLLJE": ""
  }
]

=== 600936-2026-04-18-北投科技北投科技2026年第一季度报告.PDF ===
[
  {
    "JZRQ": "2026-03-31",
    "RQBZ": "累计",
    "JBMGSY": "0.01",
    "XSMGSY": "0.01",
    "JBMGSYKC": "",
    "XSMGSYKC": "",
    "JLRJZCSYLJQ": "2.54",
    "KCHJLRJZCSYLJQ": "",
    "YYZSR": "",
    "YYSR": "948690794.27",
    "JLRHJ": "",
    "JLR": "24962396.82",
    "KCFJYXSYHDJLR": "24819175.83",
    "YYZSRTBZZ": "",
    "YYSRTBZZ": "2.43",
    "JLRHJTBZZ": "",
    "JLRTBZZ": "不适用",
    "KCFJYXSYHDJLRTBZZ": "不适用",
    "JYXJLLJE": "-234895012.52",
    "ZCZE": "5504038186.53",
    "GDQY": "994092051.04",
    "FJCXSY": "143220.99",
    "MGJYXJLLJE": "",
    "MGJZCPL": ""
  },
  {
    "JZRQ": "2025-03-31",
    "RQBZ": "累计",
    "JBMGSY": "-0.09",
    "XSMGSY": "-0.09",
    "JBMGSYKC": "",
    "XSMGSYKC": "",
    "JLRJZCSYLJQ": "-7.87",
    "KCHJLRJZCSYLJQ": "",
    "YYZSR": "",
    "YYSR": "926178906.04",
    "JLRHJ": "",
    "JLR": "-150294131.12",
    "KCFJYXSYHDJLR": "-210027735.29",
    "YYZSRTBZZ": "",
    "YYSRTBZZ": "",
    "JLRHJTBZZ": "",
    "JLRTBZZ": "",
    "KCFJYXSYHDJLRTBZZ": "",
    "JYXJLLJE": "4928064.14",
    "ZCZE": "6245837527.20",
    "GDQY": "969129654.22",
    "FJCXSY": "",
    "MGJYXJLLJE": "",
    "MGJZCPL": ""
  }
]

=== 600872-2026-04-18-中炬高新中炬高新2026年第一季度报告.PDF ===
[
  {
    "JZRQ": "2026-03-31",
    "RQBZ": "累计",
    "JBMGSY": "0.3396",
    "XSMGSY": "0.3396",
    "JBMGSYKC": "",
    "XSMGSYKC": "",
    "JLRJZCSYLJQ": "4.42",
    "KCHJLRJZCSYLJQ": "",
    "YYZSR": "",
    "YYSR": "1320471861.15",
    "JLRHJ": "",
    "JLR": "262763951.50",
    "KCFJYXSYHDJLR": "238667053.87",
    "YYZSRTBZZ": "",
    "YYSRTBZZ": "19.88",
    "JLRHJTBZZ": "",
    "JLRTBZZ": "45.11",
    "KCFJYXSYHDJLRTBZZ": "32.49",
    "JYXJLLJE": "344263544.12",
    "ZCZE": "8519580816.15",
    "GDQY": "5940678027.40",
    "FJCXSY": "24096897.63",
    "MGJYXJLLJE": "",
    "MGJZCPL": ""
  },
  {
    "JZRQ": "2025-03-31",
    "RQBZ": "累计",
    "JBMGSY": "0.2324",
    "XSMGSY": "0.2324",
    "JBMGSYKC": "",
    "XSMGSYKC": "",
    "JLRJZCSYLJQ": "3.17",
    "KCHJLRJZCSYLJQ": "",
    "YYZSR": "",
    "YYSR": "1101529739.31",
    "JLRHJ": "",
    "JLR": "181073505.84",
    "KCFJYXSYHDJLR": "180144049.42",
    "YYZSRTBZZ": "",
    "YYSRTBZZ": "",
    "JLRHJTBZZ": "",
    "JLRTBZZ": "",
    "KCFJYXSYHDJLRTBZZ": "",
    "JYXJLLJE": "117833639.29",
    "ZCZE": "8062236931.67",
    "GDQY": "5827656919.49",
    "FJCXSY": "",
    "MGJYXJLLJE": "",
    "MGJZCPL": ""
  }
]

=== 600976-2026-04-18-健民集团健民集团2026年第一季度报告.PDF ===
[
  {
    "JZRQ": "2026-03-31",
    "RQBZ": "累计",
    "JBMGSY": 0.58,
    "XSMGSY": 0.58,
    "JBMGSYKC": "",
    "XSMGSYKC": "",
    "JLRJZCSYLJQ": 3.25,
    "KCHJLRJZCSYLJQ": "",
    "YYZSR": "",
    "YYSR": 873071912.95,
    "JLRHJ": "",
    "JLR": 87732846.24,
    "KCFJYXSYHDJLR": 76328582.03,
    "YYZSRTBZZ": "",
    "YYSRTBZZ": -2.13,
    "JLRHJTBZZ": "",
    "JLRTBZZ": -20.37,
    "KCFJYXSYHDJLRTBZZ": -25.94,
    "JYXJLLJE": 45817132.33,
    "ZCZE": 4688294665.53,
    "GDQY": 2744125852.78,
    "FJCXSY": 11404264.21,
    "MGJYXJLLJE": "",
    "MGJZCPL": ""
  },
  {
    "JZRQ": "2025-03-31",
    "RQBZ": "累计",
    "JBMGSY": 0.73,
    "XSMGSY": 0.73,
    "JBMGSYKC": "",
    "XSMGSYKC": "",
    "JLRJZCSYLJQ": 4.42,
    "KCHJLRJZCSYLJQ": "",
    "YYZSR": "",
    "YYSR": 892084313.18,
    "JLRHJ": "",
    "JLR": 110177463.41,
    "KCFJYXSYHDJLR": 103066613.51,
    "YYZSRTBZZ": "",
    "YYSRTBZZ": "",
    "JLRHJTBZZ": "",
    "JLRTBZZ": "",
    "KCFJYXSYHDJLRTBZZ": "",
    "JYXJLLJE": -24924066.4,
    "ZCZE": 4526894996.61,
    "GDQY": 2656393006.53,
    "FJCXSY": "",
    "MGJYXJLLJE": "",
    "MGJZCPL": ""
  }
]

=== 603025-2026-04-20-大豪科技北京大豪科技股份有限公司2026年第一季度报告.PDF ===
[
  {
    "JZRQ": "2026-03-31",
    "RQBZ": "累计",
    "JBMGSY": "0.21",
    "XSMGSY": "0.21",
    "JBMGSYKC": "",
    "XSMGSYKC": "",
    "JLRJZCSYLJQ": "8.37",
    "KCHJLRJZCSYLJQ": "",
    "YYZSR": "",
    "YYSR": "838153113.68",
    "JLRHJ": "",
    "JLR": "237894289.96",
    "KCFJYXSYHDJLR": "233098476.77",
    "YYZSRTBZZ": "",
    "YYSRTBZZ": "15.58",
    "JLRHJTBZZ": "",
    "JLRTBZZ": "41.32",
    "KCFJYXSYHDJLRTBZZ": "35.40",
    "JYXJLLJE": "118396008.50",
    "ZCZE": "4912911080.16",
    "GDQY": "2964957679.80",
    "FJCXSY": "4795813.19",
    "MGJYXJLLJE": "",
    "MGJZCPL": ""
  },
  {
    "JZRQ": "2025-03-31",
    "RQBZ": "累计",
    "JBMGSY": "0.15",
    "XSMGSY": "0.15",
    "JBMGSYKC": "",
    "XSMGSYKC": "",
    "JLRJZCSYLJQ": "6.81",
    "KCHJLRJZCSYLJQ": "",
    "YYZSR": "",
    "YYSR": "725152599.37",
    "JLRHJ": "",
    "JLR": "168343071.68",
    "KCFJYXSYHDJLR": "172156880.07",
    "YYZSRTBZZ": "",
    "YYSRTBZZ": "",
    "JLRHJTBZZ": "",
    "JLRTBZZ": "",
    "KCFJYXSYHDJLRTBZZ": "",
    "JYXJLLJE": "6798119.62",
    "ZCZE": "4979769044.36",
    "GDQY": "2721729921.54",
    "FJCXSY": "",
    "MGJYXJLLJE": "",
    "MGJZCPL": ""
  }
]

=== 603136-2026-04-20-天目湖江苏天目湖旅游股份有限公司2026年第一季度报告.PDF ===
[
  {
    "JZRQ": "2026-03-31",
    "RQBZ": "累计",
    "JBMGSY": "0.04",
    "XSMGSY": "0.04",
    "JBMGSYKC": "",
    "XSMGSYKC": "",
    "JLRJZCSYLJQ": "0.76",
    "KCHJLRJZCSYLJQ": "",
    "YYZSR": "",
    "YYSR": "100206078.33",
    "JLRHJ": "",
    "JLR": "10457058.36",
    "KCFJYXSYHDJLR": "9959354.12",
    "YYZSRTBZZ": "",
    "YYSRTBZZ": "-4.50",
    "JLRHJTBZZ": "",
    "JLRTBZZ": "-24.46",
    "KCFJYXSYHDJLRTBZZ": "-20.76",
    "JYXJLLJE": "5574204.55",
    "ZCZE": "1688455507.27",
    "GDQY": "1381552328.64",
    "FJCXSY": "497704.24",
    "MGJYXJLLJE": "",
    "MGJZCPL": ""
  },
  {
    "JZRQ": "2025-03-31",
    "RQBZ": "累计",
    "JBMGSY": "0.05",
    "XSMGSY": "0.05",
    "JBMGSYKC": "",
    "XSMGSYKC": "",
    "JLRJZCSYLJQ": "1.03",
    "KCHJLRJZCSYLJQ": "",
    "YYZSR": "",
    "YYSR": "104922974.23",
    "JLRHJ": "",
    "JLR": "13842231.52",
    "KCFJYXSYHDJLR": "12568103.38",
    "YYZSRTBZZ": "",
    "YYSRTBZZ": "",
    "JLRHJTBZZ": "",
    "JLRTBZZ": "",
    "KCFJYXSYHDJLRTBZZ": "",
    "JYXJLLJE": "15435563.29",
    "ZCZE": "1707749451.41",
    "GDQY": "1371095270.28",
    "FJCXSY": "",
    "MGJYXJLLJE": "",
    "MGJZCPL": ""
  }
]

=== 603115-2026-04-18-海星股份2026年第一季度报告.PDF ===
[
  {
    "JZRQ": "2026-03-31",
    "RQBZ": "累计",
    "JBMGSY": "0.16",
    "XSMGSY": "0.16",
    "JBMGSYKC": "",
    "XSMGSYKC": "",
    "JLRJZCSYLJQ": "1.85",
    "KCHJLRJZCSYLJQ": "",
    "YYZSR": "",
    "YYSR": "632803843.53",
    "JLRHJ": "",
    "JLR": "39654320.07",
    "KCFJYXSYHDJLR": "41965152.53",
    "YYZSRTBZZ": "",
    "YYSRTBZZ": "24.98",
    "JLRHJTBZZ": "",
    "JLRTBZZ": "74.74",
    "KCFJYXSYHDJLRTBZZ": "85.27",
    "JYXJLLJE": "-4410377.93",
    "ZCZE": "3304995163.83",
    "GDQY": "2164971368.79",
    "FJCXSY": "-2310832.46",
    "MGJYXJLLJE": "",
    "MGJZCPL": ""
  },
  {
    "JZRQ": "2025-03-31",
    "RQBZ": "累计",
    "JBMGSY": "0.09",
    "XSMGSY": "",
    "JBMGSYKC": "",
    "XSMGSYKC": "",
    "JLRJZCSYLJQ": "1.11",
    "KCHJLRJZCSYLJQ": "",
    "YYZSR": "",
    "YYSR": "506311710.59",
    "JLRHJ": "",
    "JLR": "22693674.11",
    "KCFJYXSYHDJLR": "22650453.42",
    "YYZSRTBZZ": "",
    "YYSRTBZZ": "",
    "JLRHJTBZZ": "",
    "JLRTBZZ": "",
    "KCFJYXSYHDJLRTBZZ": "",
    "JYXJLLJE": "-9828615.80",
    "ZCZE": "3197617861.83",
    "GDQY": "2123369425.67",
    "FJCXSY": "",
    "MGJYXJLLJE": "",
    "MGJZCPL": ""
  }
]

=== 603183-2026-04-18-建研院2026年一季度报告.PDF ===
[
  {
    "JZRQ": "2026-03-31",
    "RQBZ": "累计",
    "JBMGSY": "-0.01",
    "XSMGSY": "-0.01",
    "JBMGSYKC": "",
    "XSMGSYKC": "",
    "JLRJZCSYLJQ": "-0.27",
    "KCHJLRJZCSYLJQ": "",
    "YYZSR": "",
    "YYSR": "146107372.67",
    "JLRHJ": "",
    "JLR": "-4311942.89",
    "KCFJYXSYHDJLR": "-4484664.03",
    "YYZSRTBZZ": "",
    "YYSRTBZZ": "-3.10",
    "JLRHJTBZZ": "",
    "JLRTBZZ": "",
    "KCFJYXSYHDJLRTBZZ": "",
    "JYXJLLJE": "-5333232.81",
    "ZCZE": "2223081603.86",
    "GDQY": "1597511050.81",
    "FJCXSY": "172721.14",
    "MGJYXJLLJE": "",
    "MGJZCPL": ""
  },
  {
    "JZRQ": "2025-03-31",
    "RQBZ": "累计",
    "JBMGSY": "-0.02",
    "XSMGSY": "-0.02",
    "JBMGSYKC": "",
    "XSMGSYKC": "",
    "JLRJZCSYLJQ": "-0.53",
    "KCHJLRJZCSYLJQ": "",
    "YYZSR": "",
    "YYSR": "150776212.84",
    "JLRHJ": "",
    "JLR": "-8437405.50",
    "KCFJYXSYHDJLR": "-8789378.09",
    "YYZSRTBZZ": "",
    "YYSRTBZZ": "",
    "JLRHJTBZZ": "",
    "JLRTBZZ": "",
    "KCFJYXSYHDJLRTBZZ": "",
    "JYXJLLJE": "-19683735.33",
    "ZCZE": "2309606092.79",
    "GDQY": "1601810029.09",
    "FJCXSY": "",
    "MGJYXJLLJE": "",
    "MGJZCPL": ""
  }
]

=== 603223-2026-04-18-恒通股份恒通物流股份有限公司2026年第一季度报告.PDF ===
[
  {
    "JZRQ": "2026-03-31",
    "RQBZ": "累计",
    "JBMGSY": "0.13",
    "XSMGSY": "0.13",
    "JBMGSYKC": "",
    "XSMGSYKC": "",
    "JLRJZCSYLJQ": "2.31",
    "KCHJLRJZCSYLJQ": "",
    "YYZSR": "",
    "YYSR": "337819197.54",
    "JLRHJ": "",
    "JLR": "93163109.33",
    "KCFJYXSYHDJLR": "92578152.90",
    "YYZSRTBZZ": "",
    "YYSRTBZZ": "7.77",
    "JLRHJTBZZ": "",
    "JLRTBZZ": "118.95",
    "KCFJYXSYHDJLRTBZZ": "139.96",
    "JYXJLLJE": "-130042706.08",
    "ZCZE": "5334090114.55",
    "GDQY": "4087785523.18",
    "FJCXSY": "584956.43",
    "MGJYXJLLJE": "",
    "MGJZCPL": ""
  },
  {
    "JZRQ": "2025-03-31",
    "RQBZ": "累计",
    "JBMGSY": "0.06",
    "XSMGSY": "",
    "JBMGSYKC": "",
    "XSMGSYKC": "",
    "JLRJZCSYLJQ": "1.12",
    "KCHJLRJZCSYLJQ": "",
    "YYZSR": "",
    "YYSR": "313454360.49",
    "JLRHJ": "",
    "JLR": "42549915.43",
    "KCFJYXSYHDJLR": "38580049.01",
    "YYZSRTBZZ": "",
    "YYSRTBZZ": "",
    "JLRHJTBZZ": "",
    "JLRTBZZ": "",
    "KCFJYXSYHDJLRTBZZ": "",
    "JYXJLLJE": "-94542335.09",
    "ZCZE": "5241998501.27",
    "GDQY": "3992649465.06",
    "FJCXSY": "",
    "MGJYXJLLJE": "",
    "MGJZCPL": ""
  }
]

=== 603400-2026-04-20-华之杰华之杰2026年第一季度报告.PDF ===
[
  {
    "JZRQ": "2026-03-31",
    "RQBZ": "累计",
    "JBMGSY": "0.31",
    "XSMGSY": "0.30",
    "JBMGSYKC": "",
    "XSMGSYKC": "",
    "JLRJZCSYLJQ": "2.52",
    "KCHJLRJZCSYLJQ": "",
    "YYZSR": "",
    "YYSR": "395561917.19",
    "JLRHJ": "",
    "JLR": "31142826.87",
    "KCFJYXSYHDJLR": "30123976.95",
    "YYZSRTBZZ": "",
    "YYSRTBZZ": "17.54",
    "JLRHJTBZZ": "",
    "JLRTBZZ": "-29.72",
    "KCFJYXSYHDJLRTBZZ": "-31.81",
    "JYXJLLJE": "49018607.46",
    "ZCZE": "1916667421.95",
    "GDQY": "1226320109.88",
    "FJCXSY": "1018849.92",
    "MGJYXJLLJE": "",
    "MGJZCPL": ""
  },
  {
    "JZRQ": "2025-03-31",
    "RQBZ": "累计",
    "JBMGSY": "0.59",
    "XSMGSY": "",
    "JBMGSYKC": "",
    "XSMGSYKC": "",
    "JLRJZCSYLJQ": "5.85",
    "KCHJLRJZCSYLJQ": "",
    "YYZSR": "",
    "YYSR": "336520353.89",
    "JLRHJ": "",
    "JLR": "44311054.45",
    "KCFJYXSYHDJLR": "44177429.28",
    "YYZSRTBZZ": "",
    "YYSRTBZZ": "",
    "JLRHJTBZZ": "",
    "JLRTBZZ": "",
    "KCFJYXSYHDJLRTBZZ": "",
    "JYXJLLJE": "67180430.59",
    "ZCZE": "1915698991.51",
    "GDQY": "1211222902.37",
    "FJCXSY": "",
    "MGJYXJLLJE": "",
    "MGJZCPL": ""
  }
]

=== 603595-2026-04-18-ST东尼浙江东尼电子股份有限公司2026年第一季度报告.PDF ===
[
  {
    "JZRQ": "2026-03-31",
    "RQBZ": "累计",
    "JBMGSY": "0.10",
    "XSMGSY": "0.10",
    "JBMGSYKC": "",
    "XSMGSYKC": "",
    "JLRJZCSYLJQ": "1.58",
    "KCHJLRJZCSYLJQ": "",
    "YYZSR": "",
    "YYSR": "608132128.03",
    "JLRHJ": "",
    "JLR": "23796771.77",
    "KCFJYXSYHDJLR": "21987292.45",
    "YYZSRTBZZ": "",
    "YYSRTBZZ": "41.97",
    "JLRHJTBZZ": "",
    "JLRTBZZ": "118.59",
    "KCFJYXSYHDJLRTBZZ": "300.30",
    "JYXJLLJE": "-45593112.49",
    "ZCZE": "4952820922.06",
    "GDQY": "1520464762.01",
    "FJCXSY": "1809479.32",
    "MGJYXJLLJE": "",
    "MGJZCPL": ""
  },
  {
    "JZRQ": "2025-03-31",
    "RQBZ": "累计",
    "JBMGSY": "0.05",
    "XSMGSY": "",
    "JBMGSYKC": "",
    "XSMGSYKC": "",
    "JLRJZCSYLJQ": "0.69",
    "KCHJLRJZCSYLJQ": "",
    "YYZSR": "",
    "YYSR": "428359691.91",
    "JLRHJ": "",
    "JLR": "10886655.57",
    "KCFJYXSYHDJLR": "5492637.21",
    "YYZSRTBZZ": "",
    "YYSRTBZZ": "",
    "JLRHJTBZZ": "",
    "JLRTBZZ": "",
    "KCFJYXSYHDJLRTBZZ": "",
    "JYXJLLJE": "34900714.85",
    "ZCZE": "4923823708.65",
    "GDQY": "1496667990.24",
    "FJCXSY": "",
    "MGJYXJLLJE": "",
    "MGJZCPL": ""
  }
]

=== 603650-2026-04-18-彤程新材彤程新材料集团股份有限公司2026年第一季度报告.PDF ===
[
  {
    "JZRQ": "2026-03-31",
    "RQBZ": "累计",
    "JBMGSY": "0.30",
    "XSMGSY": "0.30",
    "JBMGSYKC": "",
    "XSMGSYKC": "",
    "JLRJZCSYLJQ": "4.26",
    "KCHJLRJZCSYLJQ": "",
    "YYZSR": "",
    "YYSR": "1048768710.01",
    "JLRHJ": "",
    "JLR": "182301581.09",
    "KCFJYXSYHDJLR": "176957352.01",
    "YYZSRTBZZ": "",
    "YYSRTBZZ": "22.51",
    "JLRHJTBZZ": "",
    "JLRTBZZ": "13.83",
    "KCFJYXSYHDJLRTBZZ": "10.67",
    "JYXJLLJE": "22677485.30",
    "ZCZE": "9618838759.77",
    "GDQY": "4320660925.24",
    "FJCXSY": "5344229.08",
    "MGJYXJLLJE": "",
    "MGJZCPL": ""
  },
  {
    "JZRQ": "2025-03-31",
    "RQBZ": "累计",
    "JBMGSY": "0.27",
    "XSMGSY": "",
    "JBMGSYKC": "",
    "XSMGSYKC": "",
    "JLRJZCSYLJQ": "4.66",
    "KCHJLRJZCSYLJQ": "",
    "YYZSR": "",
    "YYSR": "856045616.23",
    "JLRHJ": "",
    "JLR": "160148946.80",
    "KCFJYXSYHDJLR": "159893942.25",
    "YYZSRTBZZ": "",
    "YYSRTBZZ": "",
    "JLRHJTBZZ": "",
    "JLRTBZZ": "",
    "KCFJYXSYHDJLRTBZZ": "",
    "JYXJLLJE": "18007550.12",
    "ZCZE": "9218735541.99",
    "GDQY": "4186318066.53",
    "FJCXSY": "",
    "MGJYXJLLJE": "",
    "MGJZCPL": ""
  }
]

=== 603708-2026-04-18-家家悦家家悦集团股份有限公司2026年第一季度报告.PDF ===
[
  {
    "JZRQ": "2026-03-31",
    "RQBZ": "累计",
    "JBMGSY": "0.24",
    "XSMGSY": "0.23",
    "JBMGSYKC": "",
    "XSMGSYKC": "",
    "JLRJZCSYLJQ": "6.27",
    "KCHJLRJZCSYLJQ": "",
    "YYZSR": "",
    "YYSR": "5049085197.54",
    "JLRHJ": "",
    "JLR": "151768477.39",
    "KCFJYXSYHDJLR": "151893255.40",
    "YYZSRTBZZ": "",
    "YYSRTBZZ": "2.18",
    "JLRHJTBZZ": "",
    "JLRTBZZ": "6.96",
    "KCFJYXSYHDJLRTBZZ": "7.67",
    "JYXJLLJE": "959052163.62",
    "ZCZE": "12874948307.08",
    "GDQY": "2497911898.31",
    "FJCXSY": "-124778.00",
    "MGJYXJLLJE": "",
    "MGJZCPL": ""
  },
  {
    "JZRQ": "2025-03-31",
    "RQBZ": "累计",
    "JBMGSY": "0.22",
    "XSMGSY": "0.22",
    "JBMGSYKC": "",
    "XSMGSYKC": "",
    "JLRJZCSYLJQ": "5.77",
    "KCHJLRJZCSYLJQ": "",
    "YYZSR": "",
    "YYSR": "4941488226.11",
    "JLRHJ": "",
    "JLR": "141889668.40",
    "KCFJYXSYHDJLR": "141070622.94",
    "YYZSRTBZZ": "",
    "YYSRTBZZ": "",
    "JLRHJTBZZ": "",
    "JLRTBZZ": "",
    "KCFJYXSYHDJLRTBZZ": "",
    "JYXJLLJE": "772516714.36",
    "ZCZE": "13151737174.84",
    "GDQY": "2346205849.35",
    "FJCXSY": "",
    "MGJYXJLLJE": "",
    "MGJZCPL": ""
  }
]

=== 603758-2026-04-18-秦安股份秦安股份2026年第一季度报告.PDF ===
[
  {
    "JZRQ": "2026-03-31",
    "RQBZ": "累计",
    "JBMGSY": "0.06",
    "XSMGSY": "0.05",
    "JBMGSYKC": "",
    "XSMGSYKC": "",
    "JLRJZCSYLJQ": "0.91",
    "KCHJLRJZCSYLJQ": "",
    "YYZSR": "",
    "YYSR": "366324770.69",
    "JLRHJ": "",
    "JLR": "23441460.13",
    "KCFJYXSYHDJLR": "23013792.70",
    "YYZSRTBZZ": "",
    "YYSRTBZZ": "23.19",
    "JLRHJTBZZ": "",
    "JLRTBZZ": "-28.52",
    "KCFJYXSYHDJLRTBZZ": "-27.73",
    "JYXJLLJE": "90692991.32",
    "ZCZE": "3861425192.37",
    "GDQY": "2594424836.41",
    "FJCXSY": "427667.53",
    "MGJYXJLLJE": "",
    "MGJZCPL": ""
  },
  {
    "JZRQ": "2025-03-31",
    "RQBZ": "累计",
    "JBMGSY": "0.08",
    "XSMGSY": "",
    "JBMGSYKC": "",
    "XSMGSYKC": "",
    "JLRJZCSYLJQ": "1.36",
    "KCHJLRJZCSYLJQ": "",
    "YYZSR": "",
    "YYSR": "297367393.83",
    "JLRHJ": "",
    "JLR": "32794692.78",
    "KCFJYXSYHDJLR": "31845371.81",
    "YYZSRTBZZ": "",
    "YYSRTBZZ": "",
    "JLRHJTBZZ": "",
    "JLRTBZZ": "",
    "KCFJYXSYHDJLRTBZZ": "",
    "JYXJLLJE": "36233432.29",
    "ZCZE": "3898243236.30",
    "GDQY": "2570904968.80",
    "FJCXSY": "",
    "MGJYXJLLJE": "",
    "MGJZCPL": ""
  }
]

=== 603727-2026-04-18-博迈科博迈科海洋工程股份有限公司2026年第一季度报告.PDF ===
[
  {
    "JZRQ": "2026-03-31",
    "RQBZ": "累计",
    "JBMGSY": "-0.21",
    "XSMGSY": "-0.21",
    "JBMGSYKC": "",
    "XSMGSYKC": "",
    "JLRJZCSYLJQ": "-1.85",
    "KCHJLRJZCSYLJQ": "",
    "YYZSR": "",
    "YYSR": "257610122.31",
    "JLRHJ": "",
    "JLR": "-58896204.20",
    "KCFJYXSYHDJLR": "-61221666.71",
    "YYZSRTBZZ": "",
    "YYSRTBZZ": "-52.56",
    "JLRHJTBZZ": "",
    "JLRTBZZ": "-608.11",
    "KCFJYXSYHDJLRTBZZ": "-758.23",
    "JYXJLLJE": "54104030.40",
    "ZCZE": "4440109792.61",
    "GDQY": "3142184647.12",
    "FJCXSY": "2325462.51",
    "MGJYXJLLJE": "",
    "MGJZCPL": ""
  },
  {
    "JZRQ": "2025-03-31",
    "RQBZ": "累计",
    "JBMGSY": "0.04",
    "XSMGSY": "",
    "JBMGSYKC": "",
    "XSMGSYKC": "",
    "JLRJZCSYLJQ": "0.36",
    "KCHJLRJZCSYLJQ": "",
    "YYZSR": "",
    "YYSR": "542970153.87",
    "JLRHJ": "",
    "JLR": "11591306.48",
    "KCFJYXSYHDJLR": "9300997.87",
    "YYZSRTBZZ": "",
    "YYSRTBZZ": "",
    "JLRHJTBZZ": "",
    "JLRTBZZ": "",
    "KCFJYXSYHDJLRTBZZ": "",
    "JYXJLLJE": "-207224907.99",
    "ZCZE": "4529008753.35",
    "GDQY": "3214626585.45",
    "FJCXSY": "",
    "MGJYXJLLJE": "",
    "MGJZCPL": ""
  }
]

=== 605007-2026-04-18-五洲特纸五洲特种纸业集团股份有限公司2026年第一季度报告.PDF ===
[
  {
    "JZRQ": "2026-03-31",
    "RQBZ": "累计",
    "JBMGSY": "0.21",
    "XSMGSY": "0.21",
    "JBMGSYKC": "",
    "XSMGSYKC": "",
    "JLRJZCSYLJQ": "2.69",
    "KCHJLRJZCSYLJQ": "",
    "YYZSR": "",
    "YYSR": "2279479060.08",
    "JLRHJ": "",
    "JLR": "99458749.62",
    "KCFJYXSYHDJLR": "98666451.22",
    "YYZSRTBZZ": "",
    "YYSRTBZZ": "14.62",
    "JLRHJTBZZ": "",
    "JLRTBZZ": "53.78",
    "KCFJYXSYHDJLRTBZZ": "60.94",
    "JYXJLLJE": "132212941.94",
    "ZCZE": "13429633773.83",
    "GDQY": "3749869491.16",
    "FJCXSY": "792298.40",
    "MGJYXJLLJE": "",
    "MGJZCPL": ""
  },
  {
    "JZRQ": "2025-03-31",
    "RQBZ": "累计",
    "JBMGSY": "0.14",
    "XSMGSY": "0.14",
    "JBMGSYKC": "",
    "XSMGSYKC": "",
    "JLRJZCSYLJQ": "1.81",
    "KCHJLRJZCSYLJQ": "",
    "YYZSR": "",
    "YYSR": "1988768063.79",
    "JLRHJ": "",
    "JLR": "64675904.51",
    "KCFJYXSYHDJLR": "61306287.73",
    "YYZSRTBZZ": "",
    "YYSRTBZZ": "",
    "JLRHJTBZZ": "",
    "JLRTBZZ": "",
    "KCFJYXSYHDJLRTBZZ": "",
    "JYXJLLJE": "-57318141.44",
    "ZCZE": "12624017146.27",
    "GDQY": "3650048111.44",
    "FJCXSY": "",
    "MGJYXJLLJE": "",
    "MGJZCPL": ""
  }
]

=== 688048-2026-04-18-长光华芯2026年第一季度报告.PDF ===
[
  {
    "JZRQ": "2026-03-31",
    "RQBZ": "累计",
    "JBMGSY": "0.0254",
    "XSMGSY": "0.0254",
    "JBMGSYKC": "",
    "XSMGSYKC": "",
    "JLRJZCSYLJQ": "0.15",
    "KCHJLRJZCSYLJQ": "",
    "YYZSR": "",
    "YYSR": "129928713.96",
    "JLRHJ": "",
    "JLR": "4479634.09",
    "KCFJYXSYHDJLR": "-11567867.58",
    "YYZSRTBZZ": "",
    "YYSRTBZZ": "37.81",
    "JLRHJTBZZ": "",
    "JLRTBZZ": "",
    "KCFJYXSYHDJLRTBZZ": "",
    "JYXJLLJE": "-131017635.31",
    "ZCZE": "3337305147.23",
    "GDQY": "3013689706.40",
    "FJCXSY": "16047501.67",
    "MGJYXJLLJE": "",
    "MGJZCPL": ""
  },
  {
    "JZRQ": "2025-03-31",
    "RQBZ": "累计",
    "JBMGSY": "-0.0425",
    "XSMGSY": "-0.0425",
    "JBMGSYKC": "",
    "XSMGSYKC": "",
    "JLRJZCSYLJQ": "-0.25",
    "KCHJLRJZCSYLJQ": "",
    "YYZSR": "",
    "YYSR": "94281135.17",
    "JLRHJ": "",
    "JLR": "-7499282.76",
    "KCFJYXSYHDJLR": "-19441529.30",
    "YYZSRTBZZ": "",
    "YYSRTBZZ": "",
    "JLRHJTBZZ": "",
    "JLRTBZZ": "",
    "KCFJYXSYHDJLRTBZZ": "",
    "JYXJLLJE": "-27757095.06",
    "ZCZE": "3360214545.98",
    "GDQY": "3008933152.27",
    "FJCXSY": "",
    "MGJYXJLLJE": "",
    "MGJZCPL": ""
  }
]

=== 605066-2026-04-18-天正电气2026年第一季度报告.PDF ===
[
  {
    "JZRQ": "2026-03-31",
    "RQBZ": "累计",
    "JBMGSY": "0.04",
    "XSMGSY": "0.04",
    "JBMGSYKC": "",
    "XSMGSYKC": "",
    "JLRJZCSYLJQ": "1.08",
    "KCHJLRJZCSYLJQ": "",
    "YYZSR": "",
    "YYSR": "660800511.56",
    "JLRHJ": "",
    "JLR": "19324342.25",
    "KCFJYXSYHDJLR": "18617814.05",
    "YYZSRTBZZ": "",
    "YYSRTBZZ": "-2.08",
    "JLRHJTBZZ": "",
    "JLRTBZZ": "-43.44",
    "KCFJYXSYHDJLRTBZZ": "-41.32",
    "JYXJLLJE": "85894879.86",
    "ZCZE": "3105829720.53",
    "GDQY": "1790999125.59",
    "FJCXSY": "706528.20",
    "MGJYXJLLJE": "",
    "MGJZCPL": ""
  },
  {
    "JZRQ": "2025-03-31",
    "RQBZ": "累计",
    "JBMGSY": "0.07",
    "XSMGSY": "0.07",
    "JBMGSYKC": "",
    "XSMGSYKC": "",
    "JLRJZCSYLJQ": "1.87",
    "KCHJLRJZCSYLJQ": "",
    "YYZSR": "",
    "YYSR": "674850942.47",
    "JLRHJ": "",
    "JLR": "34165097.30",
    "KCFJYXSYHDJLR": "31729335.96",
    "YYZSRTBZZ": "",
    "YYSRTBZZ": "",
    "JLRHJTBZZ": "",
    "JLRTBZZ": "",
    "KCFJYXSYHDJLRTBZZ": "",
    "JYXJLLJE": "28551848.47",
    "ZCZE": "3122238350.83",
    "GDQY": "1772109851.11",
    "FJCXSY": "",
    "MGJYXJLLJE": "",
    "MGJZCPL": ""
  }
]

=== 688181-2026-04-18-八亿时空八亿时空2026年第一季度报告.PDF ===
[
  {
    "JZRQ": "2026-03-31",
    "RQBZ": "累计",
    "JBMGSY": "0.19",
    "XSMGSY": "0.19",
    "JBMGSYKC": "",
    "XSMGSYKC": "",
    "JLRJZCSYLJQ": "1.17",
    "KCHJLRJZCSYLJQ": "",
    "YYZSR": "",
    "YYSR": "244792044.17",
    "JLRHJ": "",
    "JLR": "24748289.00",
    "KCFJYXSYHDJLR": "23393902.62",
    "YYZSRTBZZ": "",
    "YYSRTBZZ": "14.27",
    "JLRHJTBZZ": "",
    "JLRTBZZ": "2.93",
    "KCFJYXSYHDJLRTBZZ": "0.47",
    "JYXJLLJE": "-23301275.75",
    "ZCZE": "3287098373.89",
    "GDQY": "2088906219.38",
    "FJCXSY": "1354386.38",
    "MGJZCPL": "",
    "MGJYXJLLJE": ""
  },
  {
    "JZRQ": "2025-03-31",
    "RQBZ": "累计",
    "JBMGSY": "0.18",
    "XSMGSY": "0.18",
    "JBMGSYKC": "",
    "XSMGSYKC": "",
    "JLRJZCSYLJQ": "1.16",
    "KCHJLRJZCSYLJQ": "",
    "YYZSR": "",
    "YYSR": "214214805.36",
    "JLRHJ": "",
    "JLR": "24043213.11",
    "KCFJYXSYHDJLR": "23283321.59",
    "YYZSRTBZZ": "",
    "YYSRTBZZ": "",
    "JLRHJTBZZ": "",
    "JLRTBZZ": "",
    "KCFJYXSYHDJLRTBZZ": "",
    "JYXJLLJE": "-32023429.40",
    "ZCZE": "3312466083.18",
    "GDQY": "2101037116.70",
    "FJCXSY": "",
    "MGJZCPL": "",
    "MGJYXJLLJE": ""
  }
]

=== 688093-2026-04-18-世华科技2026年第一季度报告.PDF ===
[
  {
    "JZRQ": "2026-03-31",
    "RQBZ": "累计",
    "JBMGSY": "0.30",
    "XSMGSY": "0.30",
    "JBMGSYKC": "",
    "XSMGSYKC": "",
    "JLRJZCSYLJQ": "3.02",
    "KCHJLRJZCSYLJQ": "",
    "YYZSR": "",
    "YYSR": "239174261.47",
    "JLRHJ": "",
    "JLR": "85363260.21",
    "KCFJYXSYHDJLR": "79749459.95",
    "YYZSRTBZZ": "",
    "YYSRTBZZ": "-6.45",
    "JLRHJTBZZ": "",
    "JLRTBZZ": "-2.07",
    "KCFJYXSYHDJLRTBZZ": "-4.59",
    "JYXJLLJE": "112145511.65",
    "ZCZE": "2989699772.89",
    "GDQY": "2870211976.11",
    "FJCXSY": "5613800.26",
    "MGJZCPL": "",
    "MGJYXJLLJE": ""
  },
  {
    "JZRQ": "2025-03-31",
    "RQBZ": "累计",
    "JBMGSY": "0.33",
    "XSMGSY": "0.33",
    "JBMGSYKC": "",
    "XSMGSYKC": "",
    "JLRJZCSYLJQ": "4.35",
    "KCHJLRJZCSYLJQ": "",
    "YYZSR": "",
    "YYSR": "255663067.51",
    "JLRHJ": "",
    "JLR": "87163538.55",
    "KCFJYXSYHDJLR": "83586883.32",
    "YYZSRTBZZ": "",
    "YYSRTBZZ": "",
    "JLRHJTBZZ": "",
    "JLRTBZZ": "",
    "KCFJYXSYHDJLRTBZZ": "",
    "JYXJLLJE": "73162007.16",
    "ZCZE": "2957472697.72",
    "GDQY": "2790692234.33",
    "FJCXSY": "",
    "MGJZCPL": "",
    "MGJYXJLLJE": ""
  }
]

=== 688197-2026-04-18-首药控股首药控股（北京）股份有限公司2026年第一季度报告.PDF ===
[
  {
    "JZRQ": "2026-03-31",
    "RQBZ": "累计",
    "JBMGSY": "-0.10",
    "XSMGSY": "-0.10",
    "JBMGSYKC": "",
    "XSMGSYKC": "",
    "JLRJZCSYLJQ": "-2.24",
    "KCHJLRJZCSYLJQ": "",
    "YYZSR": "",
    "YYSR": "28000000.00",
    "JLRHJ": "",
    "JLR": "-15090754.46",
    "KCFJYXSYHDJLR": "-17877937.58",
    "YYZSRTBZZ": "",
    "YYSRTBZZ": "1300.00",
    "JLRHJTBZZ": "",
    "JLRTBZZ": "",
    "KCFJYXSYHDJLRTBZZ": "",
    "JYXJLLJE": "-20379957.56",
    "ZCZE": "772566201.13",
    "GDQY": "665088115.07",
    "FJCXSY": "2787183.12",
    "MGJYXJLLJE": "",
    "MGJZCPL": ""
  },
  {
    "JZRQ": "2025-03-31",
    "RQBZ": "累计",
    "JBMGSY": "-0.34",
    "XSMGSY": "-0.34",
    "JBMGSYKC": "",
    "XSMGSYKC": "",
    "JLRJZCSYLJQ": "-6.48",
    "KCHJLRJZCSYLJQ": "",
    "YYZSR": "",
    "YYSR": "2000000.00",
    "JLRHJ": "",
    "JLR": "-50751013.40",
    "KCFJYXSYHDJLR": "-55999623.57",
    "YYZSRTBZZ": "",
    "YYSRTBZZ": "",
    "JLRHJTBZZ": "",
    "JLRTBZZ": "",
    "KCFJYXSYHDJLRTBZZ": "",
    "JYXJLLJE": "-62848399.58",
    "ZCZE": "791233717.90",
    "GDQY": "680178869.53",
    "FJCXSY": "",
    "MGJYXJLLJE": "",
    "MGJZCPL": ""
  }
]

=== 688290-2026-04-20-景业智能景业智能2026年第一季度报告.PDF ===
[
  {
    "JZRQ": "2026-03-31",
    "RQBZ": "累计",
    "JBMGSY": "-0.08",
    "XSMGSY": "-0.08",
    "JBMGSYKC": "",
    "XSMGSYKC": "",
    "JLRJZCSYLJQ": "-0.58",
    "KCHJLRJZCSYLJQ": "",
    "YYZSR": "",
    "YYSR": 57982435.04,
    "JLRHJ": "",
    "JLR": -7746821.04,
    "KCFJYXSYHDJLR": -14920411.23,
    "YYZSRTBZZ": "",
    "YYSRTBZZ": 169.24,
    "JLRHJTBZZ": "",
    "JLRTBZZ": 28.75,
    "KCFJYXSYHDJLRTBZZ": -3.36,
    "JYXJLLJE": -55084192.6,
    "ZCZE": 1920702540.51,
    "GDQY": 1340179039.67,
    "FJCXSY": 7173590.19,
    "MGJYXJLLJE": "",
    "MGJZCPL": ""
  },
  {
    "JZRQ": "2025-03-31",
    "RQBZ": "累计",
    "JBMGSY": "-0.11",
    "XSMGSY": "-0.11",
    "JBMGSYKC": "",
    "XSMGSYKC": "",
    "JLRJZCSYLJQ": "-0.79",
    "KCHJLRJZCSYLJQ": "",
    "YYZSR": "",
    "YYSR": 21535809.46,
    "JLRHJ": "",
    "JLR": -10872971.76,
    "KCFJYXSYHDJLR": -14435860.81,
    "YYZSRTBZZ": "",
    "YYSRTBZZ": "",
    "JLRHJTBZZ": "",
    "JLRTBZZ": "",
    "KCFJYXSYHDJLRTBZZ": "",
    "JYXJLLJE": -41730235.16,
    "ZCZE": 1962477302.44,
    "GDQY": 1346195238.22,
    "FJCXSY": "",
    "MGJYXJLLJE": "",
    "MGJZCPL": ""
  }
]

=== 688297-2026-04-18-中无人机中无人机2026年第一季度报告.PDF ===
[
  {
    "JZRQ": "2026-03-31",
    "RQBZ": "累计",
    "JBMGSY": "0.0250",
    "XSMGSY": "0.0218",
    "JBMGSYKC": "",
    "XSMGSYKC": "",
    "JLRJZCSYLJQ": "0.29",
    "KCHJLRJZCSYLJQ": "",
    "YYZSR": "",
    "YYSR": "574284022.39",
    "JLRHJ": "",
    "JLR": "16864497.49",
    "KCFJYXSYHDJLR": "14672745.81",
    "YYZSRTBZZ": "",
    "YYSRTBZZ": "143.59",
    "JLRHJTBZZ": "",
    "JLRTBZZ": "0.11",
    "KCFJYXSYHDJLRTBZZ": "-4.96",
    "JYXJLLJE": "1086298261.48",
    "ZCZE": "9284848429.88",
    "GDQY": "5724223798.65",
    "FJCXSY": "2191751.68",
    "MGJYXJLLJE": "",
    "MGJZCPL": ""
  },
  {
    "JZRQ": "2025-03-31",
    "RQBZ": "累计",
    "JBMGSY": "0.0249",
    "XSMGSY": "",
    "JBMGSYKC": "",
    "XSMGSYKC": "",
    "JLRJZCSYLJQ": "0.30",
    "KCHJLRJZCSYLJQ": "",
    "YYZSR": "",
    "YYSR": "235753964.01",
    "JLRHJ": "",
    "JLR": "16845138.59",
    "KCFJYXSYHDJLR": "15439199.24",
    "YYZSRTBZZ": "",
    "YYSRTBZZ": "",
    "JLRHJTBZZ": "",
    "JLRTBZZ": "",
    "KCFJYXSYHDJLRTBZZ": "",
    "JYXJLLJE": "-560008064.83",
    "ZCZE": "9503979155.20",
    "GDQY": "5725901726.07",
    "FJCXSY": "",
    "MGJYXJLLJE": "",
    "MGJZCPL": ""
  }
]

=== 688368-2026-04-18-晶丰明源上海晶丰明源半导体股份有限公司2026年第一季度报告.PDF ===
[
  {
    "JZRQ": "2026-03-31",
    "RQBZ": "累计",
    "JBMGSY": "0.41",
    "XSMGSY": "0.41",
    "JBMGSYKC": "",
    "XSMGSYKC": "",
    "JLRJZCSYLJQ": "3.01",
    "KCHJLRJZCSYLJQ": "",
    "YYZSR": "",
    "YYSR": "608573266.70",
    "JLRHJ": "",
    "JLR": "36759335.18",
    "KCFJYXSYHDJLR": "31914297.51",
    "YYZSRTBZZ": "",
    "YYSRTBZZ": "86.35",
    "JLRHJTBZZ": "",
    "JLRTBZZ": "不适用",
    "KCFJYXSYHDJLRTBZZ": "不适用",
    "JYXJLLJE": "-35688373.03",
    "ZCZE": "5806339348.33",
    "GDQY": "3243124471.35",
    "FJCXSY": "4845037.67",
    "MGJZCPL": "",
    "MGJYXJLLJE": ""
  },
  {
    "JZRQ": "2025-03-31",
    "RQBZ": "累计",
    "JBMGSY": "-0.08",
    "XSMGSY": "-0.08",
    "JBMGSYKC": "",
    "XSMGSYKC": "",
    "JLRJZCSYLJQ": "-0.53",
    "KCHJLRJZCSYLJQ": "",
    "YYZSR": "",
    "YYSR": "326574039.81",
    "JLRHJ": "",
    "JLR": "-6678964.11",
    "KCFJYXSYHDJLR": "-9628807.08",
    "YYZSRTBZZ": "",
    "YYSRTBZZ": "",
    "JLRHJTBZZ": "",
    "JLRTBZZ": "",
    "KCFJYXSYHDJLRTBZZ": "",
    "JYXJLLJE": "-3895414.78",
    "ZCZE": "1997816011.63",
    "GDQY": "1195897923.07",
    "FJCXSY": "",
    "MGJZCPL": "",
    "MGJYXJLLJE": ""
  }
]

=== 688313-2026-04-18-仕佳光子2026年一季度报告.PDF ===
[
  {
    "JZRQ": "2026-03-31",
    "RQBZ": "累计",
    "JBMGSY": "0.2570",
    "XSMGSY": "0.2570",
    "JBMGSYKC": "",
    "XSMGSYKC": "",
    "JLRJZCSYLJQ": "7.24",
    "KCHJLRJZCSYLJQ": "",
    "YYZSR": "",
    "YYSR": "576592985.36",
    "JLRHJ": "",
    "JLR": "116175902.84",
    "KCFJYXSYHDJLR": "107223009.55",
    "YYZSRTBZZ": "",
    "YYSRTBZZ": "32.18",
    "JLRHJTBZZ": "",
    "JLRTBZZ": "24.66",
    "KCFJYXSYHDJLRTBZZ": "16.31",
    "JYXJLLJE": "-96670002.16",
    "ZCZE": "2695150751.96",
    "GDQY": "1658474460.84",
    "FJCXSY": "8952893.29",
    "MGJYXJLLJE": "",
    "MGJZCPL": ""
  },
  {
    "JZRQ": "2025-03-31",
    "RQBZ": "累计",
    "JBMGSY": "0.2062",
    "XSMGSY": "0.2062",
    "JBMGSYKC": "",
    "XSMGSYKC": "",
    "JLRJZCSYLJQ": "7.48",
    "KCHJLRJZCSYLJQ": "",
    "YYZSR": "",
    "YYSR": "436207259.56",
    "JLRHJ": "",
    "JLR": "93194396.64",
    "KCFJYXSYHDJLR": "92185038.28",
    "YYZSRTBZZ": "",
    "YYSRTBZZ": "",
    "JLRHJTBZZ": "",
    "JLRTBZZ": "",
    "KCFJYXSYHDJLRTBZZ": "",
    "JYXJLLJE": "-56360635.99",
    "ZCZE": "2428825138.12",
    "GDQY": "1548901468.95",
    "FJCXSY": "",
    "MGJYXJLLJE": "",
    "MGJZCPL": ""
  }
]

=== 688352-2026-04-20-颀中科技合肥颀中科技股份有限公司2026年第一季度报告.PDF ===
[
  {
    "JZRQ": "2026-03-31",
    "RQBZ": "累计",
    "JBMGSY": "-0.25",
    "XSMGSY": "-0.25",
    "JBMGSYKC": "",
    "XSMGSYKC": "",
    "JLRJZCSYLJQ": "-4.91",
    "KCHJLRJZCSYLJQ": "",
    "YYZSR": "",
    "YYSR": "420374407.83",
    "JLRHJ": "",
    "JLR": "-293090698.69",
    "KCFJYXSYHDJLR": "-21912000.15",
    "YYZSRTBZZ": "",
    "YYSRTBZZ": "-11.37",
    "JLRHJTBZZ": "",
    "JLRTBZZ": "-1095.27",
    "KCFJYXSYHDJLRTBZZ": "-175.60",
    "JYXJLLJE": "84719285.46",
    "ZCZE": "7975676871.50",
    "GDQY": "5833793531.54",
    "FJCXSY": "-271178698.54",
    "MGJYXJLLJE": "",
    "MGJZCPL": ""
  },
  {
    "JZRQ": "2025-03-31",
    "RQBZ": "累计",
    "JBMGSY": "0.02",
    "XSMGSY": "",
    "JBMGSYKC": "",
    "XSMGSYKC": "",
    "JLRJZCSYLJQ": "0.49",
    "KCHJLRJZCSYLJQ": "",
    "YYZSR": "",
    "YYSR": "474310296.66",
    "JLRHJ": "",
    "JLR": "29448437.25",
    "KCFJYXSYHDJLR": "28982665.90",
    "YYZSRTBZZ": "",
    "YYSRTBZZ": "",
    "JLRHJTBZZ": "",
    "JLRTBZZ": "",
    "KCFJYXSYHDJLRTBZZ": "",
    "JYXJLLJE": "74234875.87",
    "ZCZE": "8001256841.71",
    "GDQY": "6115968766.39",
    "FJCXSY": "",
    "MGJYXJLLJE": "",
    "MGJZCPL": ""
  }
]

=== 688508-2026-04-18-芯朋微2026年第一季度报告.PDF ===
[
  {
    "JZRQ": "2026-03-31",
    "RQBZ": "累计",
    "JBMGSY": "0.10",
    "XSMGSY": "0.10",
    "JBMGSYKC": "",
    "XSMGSYKC": "",
    "JLRJZCSYLJQ": "0.50",
    "KCHJLRJZCSYLJQ": "",
    "YYZSR": "",
    "YYSR": "293664507.88",
    "JLRHJ": "",
    "JLR": "13724244.38",
    "KCFJYXSYHDJLR": "19029107.04",
    "YYZSRTBZZ": "",
    "YYSRTBZZ": "-2.57",
    "JLRHJTBZZ": "",
    "JLRTBZZ": "-66.59",
    "KCFJYXSYHDJLRTBZZ": "-45.01",
    "JYXJLLJE": "-17015988.01",
    "ZCZE": "3331724575.38",
    "GDQY": "2745136531.30",
    "FJCXSY": "-5304862.66",
    "MGJYXJLLJE": "",
    "MGJZCPL": ""
  },
  {
    "JZRQ": "2025-03-31",
    "RQBZ": "累计",
    "JBMGSY": "0.32",
    "XSMGSY": "0.32",
    "JBMGSYKC": "",
    "XSMGSYKC": "",
    "JLRJZCSYLJQ": "1.63",
    "KCHJLRJZCSYLJQ": "",
    "YYZSR": "",
    "YYSR": "301412185.19",
    "JLRHJ": "",
    "JLR": "41072939.04",
    "KCFJYXSYHDJLR": "34603255.29",
    "YYZSRTBZZ": "",
    "YYSRTBZZ": "",
    "JLRHJTBZZ": "",
    "JLRTBZZ": "",
    "KCFJYXSYHDJLRTBZZ": "",
    "JYXJLLJE": "18620752.48",
    "ZCZE": "3308444929.69",
    "GDQY": "2725701755.29",
    "FJCXSY": "",
    "MGJYXJLLJE": "",
    "MGJZCPL": ""
  }
]

=== 688522-2026-04-18-纳睿雷达广东纳睿雷达科技股份有限公司2026年第一季度报告.PDF ===
[
  {
    "JZRQ": "2026-03-31",
    "RQBZ": "累计",
    "JBMGSY": "0.09",
    "XSMGSY": "0.09",
    "JBMGSYKC": "",
    "XSMGSYKC": "",
    "JLRJZCSYLJQ": "1.14",
    "KCHJLRJZCSYLJQ": "",
    "YYZSR": "",
    "YYSR": "98916574.19",
    "JLRHJ": "",
    "JLR": "26415456.47",
    "KCFJYXSYHDJLR": "24364040.67",
    "YYZSRTBZZ": "",
    "YYSRTBZZ": "69.99",
    "JLRHJTBZZ": "",
    "JLRTBZZ": "21.92",
    "KCFJYXSYHDJLRTBZZ": "25.13",
    "JYXJLLJE": "-86191888.61",
    "ZCZE": "2680349692.15",
    "GDQY": "2338747794.06",
    "FJCXSY": "2051415.80",
    "MGJYXJLLJE": "",
    "MGJZCPL": ""
  },
  {
    "JZRQ": "2025-03-31",
    "RQBZ": "累计",
    "JBMGSY": "0.07",
    "XSMGSY": "0.07",
    "JBMGSYKC": "",
    "XSMGSYKC": "",
    "JLRJZCSYLJQ": "0.96",
    "KCHJLRJZCSYLJQ": "",
    "YYZSR": "",
    "YYSR": "58190391.01",
    "JLRHJ": "",
    "JLR": "21665586.48",
    "KCFJYXSYHDJLR": "19471558.33",
    "YYZSRTBZZ": "",
    "YYSRTBZZ": "",
    "JLRHJTBZZ": "",
    "JLRTBZZ": "",
    "KCFJYXSYHDJLRTBZZ": "",
    "JYXJLLJE": "-29446637.64",
    "ZCZE": "2791932134.26",
    "GDQY": "2311295628.20",
    "FJCXSY": "",
    "MGJYXJLLJE": "",
    "MGJZCPL": ""
  }
]

=== 688596-2026-04-18-正帆科技2026年第一季度报告.PDF ===
[
  {
    "JZRQ": "2026-03-31",
    "RQBZ": "累计",
    "JBMGSY": "-0.09",
    "XSMGSY": "-0.09",
    "JBMGSYKC": "",
    "XSMGSYKC": "",
    "JLRJZCSYLJQ": "-0.68",
    "KCHJLRJZCSYLJQ": "",
    "YYZSR": "",
    "YYSR": 970099362.4,
    "JLRHJ": "",
    "JLR": -25596554.25,
    "KCFJYXSYHDJLR": -39843293.67,
    "YYZSRTBZZ": "",
    "YYSRTBZZ": 43.35,
    "JLRHJTBZZ": "",
    "JLRTBZZ": -174.36,
    "KCFJYXSYHDJLRTBZZ": -261.74,
    "JYXJLLJE": -130160065.97,
    "ZCZE": 12799788757.65,
    "GDQY": 3744782164.9,
    "FJCXSY": 14246739.42,
    "MGJZCPL": "",
    "MGJYXJLLJE": ""
  },
  {
    "JZRQ": "2025-03-31",
    "RQBZ": "累计",
    "JBMGSY": "0.12",
    "XSMGSY": "",
    "JBMGSYKC": "",
    "XSMGSYKC": "",
    "JLRJZCSYLJQ": "0.98",
    "KCHJLRJZCSYLJQ": "",
    "YYZSR": "",
    "YYSR": 676712726.17,
    "JLRHJ": "",
    "JLR": 34423046.89,
    "KCFJYXSYHDJLR": 24634472.71,
    "YYZSRTBZZ": "",
    "YYSRTBZZ": "",
    "JLRHJTBZZ": "",
    "JLRTBZZ": "",
    "KCFJYXSYHDJLRTBZZ": "",
    "JYXJLLJE": -98743776.37,
    "ZCZE": 12947141552.95,
    "GDQY": 3764133203.02,
    "FJCXSY": "",
    "MGJZCPL": "",
    "MGJYXJLLJE": ""
  }
]

=== 688606-2026-04-20-奥泰生物2026年第一季度报告.PDF ===
[
  {
    "JZRQ": "2026-03-31",
    "RQBZ": "累计",
    "JBMGSY": "0.24",
    "XSMGSY": "0.24",
    "JBMGSYKC": "",
    "XSMGSYKC": "",
    "JLRJZCSYLJQ": "0.49",
    "KCHJLRJZCSYLJQ": "",
    "YYZSR": "",
    "YYSR": "195372450.28",
    "JLRHJ": "",
    "JLR": "19394345.33",
    "KCFJYXSYHDJLR": "11772864.62",
    "YYZSRTBZZ": "",
    "YYSRTBZZ": "-6.29",
    "JLRHJTBZZ": "",
    "JLRTBZZ": "-68.32",
    "KCFJYXSYHDJLRTBZZ": "-79.82",
    "JYXJLLJE": "-32181827.05",
    "ZCZE": "4109056358.24",
    "GDQY": "3882888640.38",
    "FJCXSY": "7621480.71",
    "MGJYXJLLJE": "",
    "MGJZCPL": ""
  },
  {
    "JZRQ": "2025-03-31",
    "RQBZ": "累计",
    "JBMGSY": "0.77",
    "XSMGSY": "0.77",
    "JBMGSYKC": "",
    "XSMGSYKC": "",
    "JLRJZCSYLJQ": "1.59",
    "KCHJLRJZCSYLJQ": "",
    "YYZSR": "",
    "YYSR": "208475751.58",
    "JLRHJ": "",
    "JLR": "61216292.50",
    "KCFJYXSYHDJLR": "58348017.52",
    "YYZSRTBZZ": "",
    "YYSRTBZZ": "",
    "JLRHJTBZZ": "",
    "JLRTBZZ": "",
    "KCFJYXSYHDJLRTBZZ": "",
    "JYXJLLJE": "10745190.17",
    "ZCZE": "4242424960.67",
    "GDQY": "3946690966.34",
    "FJCXSY": "",
    "MGJYXJLLJE": "",
    "MGJZCPL": ""
  }
]

=== 688646-2026-04-18-ST逸飞逸飞激光2026年第一季度报告.PDF ===
[
  {
    "JZRQ": "2026-03-31",
    "RQBZ": "累计",
    "JBMGSY": "-0.25",
    "XSMGSY": "-0.25",
    "JBMGSYKC": "",
    "XSMGSYKC": "",
    "JLRJZCSYLJQ": "-1.69",
    "KCHJLRJZCSYLJQ": "",
    "YYZSR": "",
    "YYSR": "142804367.89",
    "JLRHJ": "",
    "JLR": "-23982274.63",
    "KCFJYXSYHDJLR": "-26138770.21",
    "YYZSRTBZZ": "",
    "YYSRTBZZ": "-39.50",
    "JLRHJTBZZ": "",
    "JLRTBZZ": "-364.20",
    "KCFJYXSYHDJLRTBZZ": "-516.56",
    "JYXJLLJE": "250044747.70",
    "ZCZE": "3453564493.56",
    "GDQY": "1414293122.26",
    "FJCXSY": "2156495.58",
    "MGJYXJLLJE": "",
    "MGJZCPL": ""
  },
  {
    "JZRQ": "2025-03-31",
    "RQBZ": "累计",
    "JBMGSY": "0.10",
    "XSMGSY": "0.10",
    "JBMGSYKC": "",
    "XSMGSYKC": "",
    "JLRJZCSYLJQ": "0.58",
    "KCHJLRJZCSYLJQ": "",
    "YYZSR": "",
    "YYSR": "236035977.10",
    "JLRHJ": "",
    "JLR": "9077334.42",
    "KCFJYXSYHDJLR": "6274951.11",
    "YYZSRTBZZ": "",
    "YYSRTBZZ": "",
    "JLRHJTBZZ": "",
    "JLRTBZZ": "",
    "KCFJYXSYHDJLRTBZZ": "",
    "JYXJLLJE": "-55572005.66",
    "ZCZE": "3135218486.14",
    "GDQY": "1438424094.72",
    "FJCXSY": "",
    "MGJYXJLLJE": "",
    "MGJZCPL": ""
  }
]

=== 920208-2026-04-17-青矩技术2026年一季度报告.PDF ===
[
  {
    "JZRQ": "2026-03-31",
    "RQBZ": "累计",
    "JBMGSY": "0.13",
    "XSMGSY": "",
    "JBMGSYKC": "",
    "XSMGSYKC": "",
    "JLRJZCSYLJQ": "1.62%",
    "KCHJLRJZCSYLJQ": "1.52%",
    "YYZSR": "",
    "YYSR": "139316094.27",
    "JLRHJ": "13201267.84",
    "JLR": "17645345.31",
    "KCFJYXSYHDJLR": "16489850.54",
    "YYZSRTBZZ": "",
    "YYSRTBZZ": "1.31%",
    "JLRHJTBZZ": "6.04%",
    "JLRTBZZ": "20.98%",
    "KCFJYXSYHDJLRTBZZ": "21.23%",
    "JYXJLLJE": "-73375564.34",
    "ZCZE": "1500968674.71",
    "GDQY": "1096004287.82",
    "FJCXSY": "1155494.77",
    "MGJZCPL": "",
    "MGJYXJLLJE": ""
  },
  {
    "JZRQ": "2025-03-31",
    "RQBZ": "累计",
    "JBMGSY": "",
    "XSMGSY": "",
    "JBMGSYKC": "",
    "XSMGSYKC": "",
    "JLRJZCSYLJQ": "",
    "KCHJLRJZCSYLJQ": "",
    "YYZSR": "",
    "YYSR": "137508600.60",
    "JLRHJ": "12449468.83",
    "JLR": "14584863.87",
    "KCFJYXSYHDJLR": "13601760.39",
    "YYZSRTBZZ": "",
    "YYSRTBZZ": "",
    "JLRHJTBZZ": "",
    "JLRTBZZ": "",
    "KCFJYXSYHDJLRTBZZ": "",
    "JYXJLLJE": "-79763267.26",
    "ZCZE": "1623632500.08",
    "GDQY": "1077783011.44",
    "FJCXSY": "",
    "MGJZCPL": "",
    "MGJYXJLLJE": ""
  }
]

=== 920016-2026-04-17-中草香料2026年一季度报告.PDF ===
[
  {
    "JZRQ": "2026-03-31",
    "RQBZ": "累计",
    "JBMGSY": "0.08",
    "XSMGSY": "",
    "JBMGSYKC": "",
    "XSMGSYKC": "",
    "JLRJZCSYLJQ": "1.70",
    "KCHJLRJZCSYLJQ": "1.51",
    "YYZSR": "",
    "YYSR": "70167515.19",
    "JLRHJ": "",
    "JLR": "6286414.59",
    "KCFJYXSYHDJLR": "5586658.51",
    "YYZSRTBZZ": "",
    "YYSRTBZZ": "48.49",
    "JLRHJTBZZ": "",
    "JLRTBZZ": "64.40",
    "KCFJYXSYHDJLRTBZZ": "51.92",
    "JYXJLLJE": "-8593052.03",
    "ZCZE": "645420812.44",
    "GDQY": "390327678.09",
    "FJCXSY": "699756.08",
    "MGJZCPL": "",
    "MGJYXJLLJE": ""
  },
  {
    "JZRQ": "2025-03-31",
    "RQBZ": "累计",
    "JBMGSY": "0.05",
    "XSMGSY": "",
    "JBMGSYKC": "",
    "XSMGSYKC": "",
    "JLRJZCSYLJQ": "1.04",
    "KCHJLRJZCSYLJQ": "1.00",
    "YYZSR": "",
    "YYSR": "47253258.03",
    "JLRHJ": "",
    "JLR": "3823967.56",
    "KCFJYXSYHDJLR": "3677357.30",
    "YYZSRTBZZ": "",
    "YYSRTBZZ": "",
    "JLRHJTBZZ": "",
    "JLRTBZZ": "",
    "KCFJYXSYHDJLRTBZZ": "",
    "JYXJLLJE": "-3911730.98",
    "ZCZE": "628606168.68",
    "GDQY": "382947600.74",
    "FJCXSY": "",
    "MGJZCPL": "",
    "MGJYXJLLJE": ""
  }
]

=== 920061-2026-04-17-西磁科技2026年一季度报告.PDF ===
[
  {
    "JZRQ": "2026-03-31",
    "RQBZ": "累计",
    "JBMGSY": "0.02",
    "XSMGSY": "",
    "JBMGSYKC": "",
    "XSMGSYKC": "",
    "JLRJZCSYLJQ": "0.45%",
    "KCHJLRJZCSYLJQ": "0.12%",
    "YYZSR": "",
    "YYSR": "25158712.34",
    "JLRHJ": "",
    "JLR": "1266192.46",
    "KCFJYXSYHDJLR": "347346.29",
    "YYZSRTBZZ": "",
    "YYSRTBZZ": "0.45%",
    "JLRHJTBZZ": "",
    "JLRTBZZ": "18.55%",
    "KCFJYXSYHDJLRTBZZ": "-40.93%",
    "JYXJLLJE": "3125802.95",
    "ZCZE": "313182082.98",
    "GDQY": "280419587.64",
    "FJCXSY": "918846.17",
    "MGJYXJLLJE": "",
    "MGJZCPL": ""
  },
  {
    "JZRQ": "2025-03-31",
    "RQBZ": "累计",
    "JBMGSY": "0.02",
    "XSMGSY": "",
    "JBMGSYKC": "",
    "XSMGSYKC": "",
    "JLRJZCSYLJQ": "0.38%",
    "KCHJLRJZCSYLJQ": "0.21%",
    "YYZSR": "",
    "YYSR": "25047239.94",
    "JLRHJ": "",
    "JLR": "1068024.18",
    "KCFJYXSYHDJLR": "588048.00",
    "YYZSRTBZZ": "",
    "YYSRTBZZ": "",
    "JLRHJTBZZ": "",
    "JLRTBZZ": "",
    "KCFJYXSYHDJLRTBZZ": "",
    "JYXJLLJE": "4047366.60",
    "ZCZE": "304921801.45",
    "GDQY": "279031192.88",
    "FJCXSY": "",
    "MGJYXJLLJE": "",
    "MGJZCPL": ""
  }
]

=== 920299-2026-04-17-灿能电力2026年一季度报告.PDF ===
[
  {
    "JZRQ": "2026-03-31",
    "RQBZ": "累计",
    "JBMGSY": "0.03",
    "XSMGSY": "",
    "JBMGSYKC": "",
    "XSMGSYKC": "",
    "JLRJZCSYLJQ": "1.06",
    "KCHJLRJZCSYLJQ": "0.95",
    "YYZSR": "",
    "YYSR": "24844032.30",
    "JLRHJ": "",
    "JLR": "3084853.61",
    "KCFJYXSYHDJLR": "2768955.91",
    "YYZSRTBZZ": "",
    "YYSRTBZZ": "10.32",
    "JLRHJTBZZ": "",
    "JLRTBZZ": "-31.40",
    "KCFJYXSYHDJLRTBZZ": "-37.60",
    "JYXJLLJE": "-3936832.46",
    "ZCZE": "331625981.77",
    "GDQY": "292575183.64",
    "FJCXSY": "315897.70",
    "MGJYXJLLJE": "",
    "MGJZCPL": ""
  },
  {
    "JZRQ": "2025-03-31",
    "RQBZ": "累计",
    "JBMGSY": "0.05",
    "XSMGSY": "",
    "JBMGSYKC": "",
    "XSMGSYKC": "",
    "JLRJZCSYLJQ": "1.62",
    "KCHJLRJZCSYLJQ": "1.60",
    "YYZSR": "",
    "YYSR": "22519321.32",
    "JLRHJ": "",
    "JLR": "4497030.86",
    "KCFJYXSYHDJLR": "4437756.40",
    "YYZSRTBZZ": "",
    "YYSRTBZZ": "",
    "JLRHJTBZZ": "",
    "JLRTBZZ": "",
    "KCFJYXSYHDJLRTBZZ": "",
    "JYXJLLJE": "-2673484.71",
    "ZCZE": "343230361.76",
    "GDQY": "289490330.03",
    "FJCXSY": "",
    "MGJYXJLLJE": "",
    "MGJZCPL": ""
  }
]

=== 920339-2026-04-17-恒太照明2026年一季度报告.PDF ===
[
  {
    "JZRQ": "2026-03-31",
    "RQBZ": "累计",
    "JBMGSY": "-0.01",
    "XSMGSY": "",
    "JBMGSYKC": "",
    "XSMGSYKC": "",
    "JLRJZCSYLJQ": "-0.35%",
    "KCHJLRJZCSYLJQ": "-0.48%",
    "YYZSR": "",
    "YYSR": "115114946.59",
    "JLRHJ": "",
    "JLR": "-2082436.04",
    "KCFJYXSYHDJLR": "-2872415.72",
    "YYZSRTBZZ": "",
    "YYSRTBZZ": "-23.81%",
    "JLRHJTBZZ": "",
    "JLRTBZZ": "-112.48%",
    "KCFJYXSYHDJLRTBZZ": "-117.21%",
    "JYXJLLJE": "6132244.06",
    "ZCZE": "799471595.22",
    "GDQY": "600819341.24",
    "FJCXSY": "789979.68",
    "MGJZCPL": "",
    "MGJYXJLLJE": ""
  },
  {
    "JZRQ": "2025-03-31",
    "RQBZ": "累计",
    "JBMGSY": "0.08",
    "XSMGSY": "",
    "JBMGSYKC": "",
    "XSMGSYKC": "",
    "JLRJZCSYLJQ": "2.79%",
    "KCHJLRJZCSYLJQ": "2.79%",
    "YYZSR": "",
    "YYSR": "151090016.62",
    "JLRHJ": "",
    "JLR": "16690894.85",
    "KCFJYXSYHDJLR": "16692529.74",
    "YYZSRTBZZ": "",
    "YYSRTBZZ": "",
    "JLRHJTBZZ": "",
    "JLRTBZZ": "",
    "KCFJYXSYHDJLRTBZZ": "",
    "JYXJLLJE": "119619120.63",
    "ZCZE": "824500492.04",
    "GDQY": "605394358.72",
    "FJCXSY": "",
    "MGJZCPL": "",
    "MGJYXJLLJE": ""
  }
]

=== 920726-2026-04-17-朱老六2026年一季度报告.PDF ===
[
  {
    "JZRQ": "2026-03-31",
    "RQBZ": "累计",
    "JBMGSY": "0.19",
    "XSMGSY": "",
    "JBMGSYKC": "",
    "XSMGSYKC": "",
    "JLRJZCSYLJQ": "4.23",
    "KCHJLRJZCSYLJQ": "3.82",
    "YYZSR": "",
    "YYSR": "76098423.77",
    "JLRHJ": "",
    "JLR": "19045952.99",
    "KCFJYXSYHDJLR": "17198805.54",
    "YYZSRTBZZ": "",
    "YYSRTBZZ": "26.24",
    "JLRHJTBZZ": "",
    "JLRTBZZ": "136.70",
    "KCFJYXSYHDJLRTBZZ": "119.53",
    "JYXJLLJE": "20268779.14",
    "ZCZE": "493356537.42",
    "GDQY": "459685519.70",
    "FJCXSY": "1847147.45",
    "MGJYXJLLJE": "",
    "MGJZCPL": ""
  },
  {
    "JZRQ": "2025-03-31",
    "RQBZ": "累计",
    "JBMGSY": "0.08",
    "XSMGSY": "",
    "JBMGSYKC": "",
    "XSMGSYKC": "",
    "JLRJZCSYLJQ": "1.82",
    "KCHJLRJZCSYLJQ": "1.77",
    "YYZSR": "",
    "YYSR": "60279339.72",
    "JLRHJ": "",
    "JLR": "8046575.36",
    "KCFJYXSYHDJLR": "7834432.27",
    "YYZSRTBZZ": "",
    "YYSRTBZZ": "",
    "JLRHJTBZZ": "",
    "JLRTBZZ": "",
    "KCFJYXSYHDJLRTBZZ": "",
    "JYXJLLJE": "28737815.05",
    "ZCZE": "486537329.70",
    "GDQY": "440639566.71",
    "FJCXSY": "",
    "MGJYXJLLJE": "",
    "MGJZCPL": ""
  }
]
