
=== 002271-2026-04-17-东方雨虹2026年一季度报告.PDF ===
[
  {
    "JZRQ": "2026-03-31",
    "RQBZ": "累计",
    "JBMGSY": "0.17",
    "XSMGSY": "0.17",
    "JBMGSYKC": "",
    "XSMGSYKC": "",
    "JLRJZCSYLJQ": "1.98",
    "KCHJLRJZCSYLJQ": "",
    "YYZSR": "",
    "YYSR": "7190087726.73",
    "JLRHJ": "",
    "JLR": "401835069.94",
    "KCFJYXSYHDJLR": "361739333.78",
    "YYZSRTBZZ": "",
    "YYSRTBZZ": "20.74",
    "JLRHJTBZZ": "",
    "JLRTBZZ": "108.89",
    "KCFJYXSYHDJLRTBZZ": "110.73",
    "JYXJLLJE": "-944648017.26",
    "ZCZE": "42842271606.31",
    "GDQY": "20514330137.40",
    "FJCXSY": "40095736.16",
    "MGJYXJLLJE": "",
    "MGJZCPL": ""
  },
  {
    "JZRQ": "2025-03-31",
    "RQBZ": "累计",
    "JBMGSY": "0.08",
    "XSMGSY": "",
    "JBMGSYKC": "",
    "XSMGSYKC": "",
    "JLRJZCSYLJQ": "0.81",
    "KCHJLRJZCSYLJQ": "",
    "YYZSR": "",
    "YYSR": "5954973095.50",
    "JLRHJ": "",
    "JLR": "192365878.40",
    "KCFJYXSYHDJLR": "171659056.81",
    "YYZSRTBZZ": "",
    "YYSRTBZZ": "",
    "JLRHJTBZZ": "",
    "JLRTBZZ": "",
    "KCFJYXSYHDJLRTBZZ": "",
    "JYXJLLJE": "-812784159.95",
    "ZCZE": "41743678666.63",
    "GDQY": "20134510617.56",
    "FJCXSY": "",
    "MGJYXJLLJE": "",
    "MGJZCPL": ""
  }
]

=== 001205-2026-04-17-盛航股份2026年一季度报告.PDF ===
[
  {
    "JZRQ": "2026-03-31",
    "RQBZ": "累计",
    "JBMGSY": "0.2092",
    "XSMGSY": "0.2092",
    "JBMGSYKC": "",
    "XSMGSYKC": "",
    "JLRJZCSYLJQ": "1.80",
    "KCHJLRJZCSYLJQ": "",
    "YYZSR": "",
    "YYSR": "404434986.02",
    "JLRHJ": "",
    "JLR": "39329657.05",
    "KCFJYXSYHDJLR": "39866646.76",
    "YYZSRTBZZ": "",
    "YYSRTBZZ": "8.59",
    "JLRHJTBZZ": "",
    "JLRTBZZ": "3.70",
    "KCFJYXSYHDJLRTBZZ": "4.86",
    "JYXJLLJE": "113860153.10",
    "ZCZE": "4634898258.70",
    "GDQY": "2204122033.78",
    "FJCXSY": "-536989.71",
    "MGJYXJLLJE": "",
    "MGJZCPL": ""
  },
  {
    "JZRQ": "2025-03-31",
    "RQBZ": "累计",
    "JBMGSY": "0.2017",
    "XSMGSY": "0.1943",
    "JBMGSYKC": "",
    "XSMGSYKC": "",
    "JLRJZCSYLJQ": "1.82",
    "KCHJLRJZCSYLJQ": "",
    "YYZSR": "",
    "YYSR": "372433355.34",
    "JLRHJ": "",
    "JLR": "37924706.99",
    "KCFJYXSYHDJLR": "38017803.88",
    "YYZSRTBZZ": "",
    "YYSRTBZZ": "",
    "JLRHJTBZZ": "",
    "JLRTBZZ": "",
    "KCFJYXSYHDJLRTBZZ": "",
    "JYXJLLJE": "75319865.24",
    "ZCZE": "4678385687.71",
    "GDQY": "2164341295.28",
    "FJCXSY": "",
    "MGJYXJLLJE": "",
    "MGJZCPL": ""
  }
]

=== 002655-2026-04-17-共达电声2026年一季度报告.PDF ===
[
  {
    "JZRQ": "2026-03-31",
    "RQBZ": "累计",
    "JBMGSY": "0.0144",
    "XSMGSY": "0.0143",
    "JBMGSYKC": "",
    "XSMGSYKC": "",
    "JLRJZCSYLJQ": "0.64",
    "KCHJLRJZCSYLJQ": "",
    "YYZSR": "",
    "YYSR": "286916440.87",
    "JLRHJ": "",
    "JLR": "5229172.15",
    "KCFJYXSYHDJLR": "5424081.57",
    "YYZSRTBZZ": "",
    "YYSRTBZZ": "-1.34",
    "JLRHJTBZZ": "",
    "JLRTBZZ": "-74.72",
    "KCFJYXSYHDJLRTBZZ": "-74.95",
    "JYXJLLJE": "34337466.95",
    "ZCZE": "2051830072.18",
    "GDQY": "833314854.01",
    "FJCXSY": "-194909.42",
    "MGJYXJLLJE": "",
    "MGJZCPL": ""
  },
  {
    "JZRQ": "2025-03-31",
    "RQBZ": "累计",
    "JBMGSY": "0.0575",
    "XSMGSY": "0.0573",
    "JBMGSYKC": "",
    "XSMGSYKC": "",
    "JLRJZCSYLJQ": "3.02",
    "KCHJLRJZCSYLJQ": "",
    "YYZSR": "",
    "YYSR": "290802779.00",
    "JLRHJ": "",
    "JLR": "20688742.76",
    "KCFJYXSYHDJLR": "21654414.98",
    "YYZSRTBZZ": "",
    "YYSRTBZZ": "",
    "JLRHJTBZZ": "",
    "JLRTBZZ": "",
    "KCFJYXSYHDJLRTBZZ": "",
    "JYXJLLJE": "16462239.59",
    "ZCZE": "1980861868.46",
    "GDQY": "804257919.37",
    "FJCXSY": "",
    "MGJYXJLLJE": "",
    "MGJZCPL": ""
  }
]

=== 002334-2026-04-17-英威腾2026年一季度报告.PDF ===
[
  {
    "JZRQ": "2026-03-31",
    "RQBZ": "累计",
    "JBMGSY": "-0.0378",
    "XSMGSY": "-0.0378",
    "JBMGSYKC": "",
    "XSMGSYKC": "",
    "JLRJZCSYLJQ": "-0.99",
    "KCHJLRJZCSYLJQ": "",
    "YYZSR": "",
    "YYSR": "892608507.68",
    "JLRHJ": "",
    "JLR": "-30390577.54",
    "KCFJYXSYHDJLR": "-33650330.01",
    "YYZSRTBZZ": "",
    "YYSRTBZZ": "6.23",
    "JLRHJTBZZ": "",
    "JLRTBZZ": "-187.49",
    "KCFJYXSYHDJLRTBZZ": "-126.87",
    "JYXJLLJE": "-173297840.59",
    "ZCZE": "6162317624.48",
    "GDQY": "3057325459.92",
    "FJCXSY": "3259752.47",
    "MGJYXJLLJE": "",
    "MGJZCPL": ""
  },
  {
    "JZRQ": "2025-03-31",
    "RQBZ": "累计",
    "JBMGSY": "0.0432",
    "XSMGSY": "0.0431",
    "JBMGSYKC": "",
    "XSMGSYKC": "",
    "JLRJZCSYLJQ": "1.19",
    "KCHJLRJZCSYLJQ": "",
    "YYZSR": "",
    "YYSR": "840245579.29",
    "JLRHJ": "",
    "JLR": "34737469.37",
    "KCFJYXSYHDJLR": "26523388.80",
    "YYZSRTBZZ": "",
    "YYSRTBZZ": "",
    "JLRHJTBZZ": "",
    "JLRTBZZ": "",
    "KCFJYXSYHDJLRTBZZ": "",
    "JYXJLLJE": "28436555.01",
    "ZCZE": "6298151778.03",
    "GDQY": "3073926466.19",
    "FJCXSY": "",
    "MGJYXJLLJE": "",
    "MGJZCPL": ""
  }
]

=== 002353-2026-04-17-杰瑞股份2026年一季度报告.PDF ===
[
  {
    "JZRQ": "2026-03-31",
    "RQBZ": "累计",
    "JBMGSY": "0.58",
    "XSMGSY": "0.58",
    "JBMGSYKC": "",
    "XSMGSYKC": "",
    "JLRJZCSYLJQ": "2.52",
    "KCHJLRJZCSYLJQ": "",
    "YYZSR": "",
    "YYSR": "3290570298.17",
    "JLRHJ": "",
    "JLR": "588253737.78",
    "KCFJYXSYHDJLR": "580239869.31",
    "YYZSRTBZZ": "",
    "YYSRTBZZ": "22.48",
    "JLRHJTBZZ": "",
    "JLRTBZZ": "26.32",
    "KCFJYXSYHDJLRTBZZ": "25.58",
    "JYXJLLJE": "-1263681623.39",
    "ZCZE": "39152467199.77",
    "GDQY": "23492038624.59",
    "FJCXSY": "8013868.47",
    "MGJYXJLLJE": "",
    "MGJZCPL": ""
  },
  {
    "JZRQ": "2025-03-31",
    "RQBZ": "累计",
    "JBMGSY": "0.46",
    "XSMGSY": "0.46",
    "JBMGSYKC": "",
    "XSMGSYKC": "",
    "JLRJZCSYLJQ": "2.18",
    "KCHJLRJZCSYLJQ": "",
    "YYZSR": "",
    "YYSR": "2686602488.71",
    "JLRHJ": "",
    "JLR": "465678469.29",
    "KCFJYXSYHDJLR": "462053583.08",
    "YYZSRTBZZ": "",
    "YYSRTBZZ": "",
    "JLRHJTBZZ": "",
    "JLRTBZZ": "",
    "KCFJYXSYHDJLRTBZZ": "",
    "JYXJLLJE": "1066678006.68",
    "ZCZE": "39130441106.20",
    "GDQY": "23025566743.61",
    "FJCXSY": "",
    "MGJYXJLLJE": "",
    "MGJZCPL": ""
  }
]

=== 300308-2026-04-17-中际旭创2026年一季度报告.PDF ===
[
  {
    "JZRQ": "2026-03-31",
    "RQBZ": "累计",
    "JBMGSY": "5.18",
    "XSMGSY": "5.14",
    "JBMGSYKC": "",
    "XSMGSYKC": "",
    "JLRJZCSYLJQ": "17.54%",
    "KCHJLRJZCSYLJQ": "",
    "YYZSR": "",
    "YYSR": "19496398083.95",
    "JLRHJ": "",
    "JLR": "5734501526.83",
    "KCFJYXSYHDJLR": "5717748340.78",
    "YYZSRTBZZ": "",
    "YYSRTBZZ": "192.12%",
    "JLRHJTBZZ": "",
    "JLRTBZZ": "262.28%",
    "KCFJYXSYHDJLRTBZZ": "264.56%",
    "JYXJLLJE": "3367573676.62",
    "ZCZE": "56580677310.74",
    "GDQY": "35587093635.48",
    "FJCXSY": "16753186.05",
    "MGJYXJLLJE": "",
    "MGJZCPL": ""
  },
  {
    "JZRQ": "2025-03-31",
    "RQBZ": "累计",
    "JBMGSY": "1.44",
    "XSMGSY": "1.43",
    "JBMGSYKC": "",
    "XSMGSYKC": "",
    "JLRJZCSYLJQ": "7.94%",
    "KCHJLRJZCSYLJQ": "",
    "YYZSR": "",
    "YYSR": "6674176487.23",
    "JLRHJ": "",
    "JLR": "1582876128.67",
    "KCFJYXSYHDJLR": "1568385287.19",
    "YYZSRTBZZ": "",
    "YYSRTBZZ": "",
    "JLRHJTBZZ": "",
    "JLRTBZZ": "",
    "KCFJYXSYHDJLRTBZZ": "",
    "JYXJLLJE": "2164459570.16",
    "ZCZE": "45288970887.78",
    "GDQY": "29765156275.68",
    "FJCXSY": "",
    "MGJYXJLLJE": "",
    "MGJZCPL": ""
  }
]

=== 300505-2026-04-17-川金诺2026年一季度报告.PDF ===
[
  {
    "JZRQ": "2026-03-31",
    "RQBZ": "累计",
    "JBMGSY": 0.1497,
    "XSMGSY": 0.1497,
    "JBMGSYKC": "",
    "XSMGSYKC": "",
    "JLRJZCSYLJQ": 1.4,
    "KCHJLRJZCSYLJQ": "",
    "YYZSR": "",
    "YYSR": 990277781.01,
    "JLRHJ": "",
    "JLR": 41156972.28,
    "KCFJYXSYHDJLR": 38324294.97,
    "YYZSRTBZZ": "",
    "YYSRTBZZ": 37.37,
    "JLRHJTBZZ": "",
    "JLRTBZZ": -42.85,
    "KCFJYXSYHDJLRTBZZ": -41.82,
    "JYXJLLJE": -320074676.7,
    "ZCZE": 4525822352.23,
    "GDQY": 2953468483.7,
    "FJCXSY": 2832677.31,
    "MGJZCPL": "",
    "MGJYXJLLJE": ""
  },
  {
    "JZRQ": "2025-03-31",
    "RQBZ": "累计",
    "JBMGSY": 0.262,
    "XSMGSY": 0.262,
    "JBMGSYKC": "",
    "XSMGSYKC": "",
    "JLRJZCSYLJQ": 2.79,
    "KCHJLRJZCSYLJQ": "",
    "YYZSR": "",
    "YYSR": 720860144.39,
    "JLRHJ": "",
    "JLR": 72021782.19,
    "KCFJYXSYHDJLR": 65867843.01,
    "YYZSRTBZZ": "",
    "YYSRTBZZ": "",
    "JLRHJTBZZ": "",
    "JLRTBZZ": "",
    "KCFJYXSYHDJLRTBZZ": "",
    "JYXJLLJE": 118034078.99,
    "ZCZE": 4343076100.48,
    "GDQY": 2918306184.95,
    "FJCXSY": "",
    "MGJZCPL": "",
    "MGJYXJLLJE": ""
  }
]

=== 300337-2026-04-17-银邦股份2026年一季度报告.PDF ===
[
  {
    "JZRQ": "2026-03-31",
    "RQBZ": "累计",
    "JBMGSY": "0.0665",
    "XSMGSY": "0.0665",
    "JBMGSYKC": "",
    "XSMGSYKC": "",
    "JLRJZCSYLJQ": "3.10",
    "KCHJLRJZCSYLJQ": "",
    "YYZSR": "",
    "YYSR": "1896580563.75",
    "JLRHJ": "",
    "JLR": "54661503.78",
    "KCFJYXSYHDJLR": "35732729.90",
    "YYZSRTBZZ": "",
    "YYSRTBZZ": "38.28",
    "JLRHJTBZZ": "",
    "JLRTBZZ": "274.13",
    "KCFJYXSYHDJLRTBZZ": "217.08",
    "JYXJLLJE": "-292993409.68",
    "ZCZE": "7558483045.34",
    "GDQY": "1793495524.53",
    "FJCXSY": "18928773.88",
    "MGJYXJLLJE": "",
    "MGJZCPL": ""
  },
  {
    "JZRQ": "2025-03-31",
    "RQBZ": "累计",
    "JBMGSY": "0.0178",
    "XSMGSY": "0.0178",
    "JBMGSYKC": "",
    "XSMGSYKC": "",
    "JLRJZCSYLJQ": "0.86",
    "KCHJLRJZCSYLJQ": "",
    "YYZSR": "",
    "YYSR": "1371564285.37",
    "JLRHJ": "",
    "JLR": "14610355.48",
    "KCFJYXSYHDJLR": "11269312.46",
    "YYZSRTBZZ": "",
    "YYSRTBZZ": "",
    "JLRHJTBZZ": "",
    "JLRTBZZ": "",
    "KCFJYXSYHDJLRTBZZ": "",
    "JYXJLLJE": "-67154214.47",
    "ZCZE": "6587965503.93",
    "GDQY": "1737549156.09",
    "FJCXSY": "",
    "MGJYXJLLJE": "",
    "MGJZCPL": ""
  }
]

=== 300415-2026-04-17-伊之密2026年一季度报告.PDF ===
[
  {
    "JZRQ": "2026-03-31",
    "RQBZ": "累计",
    "JBMGSY": "0.29",
    "XSMGSY": "0.29",
    "JBMGSYKC": "",
    "XSMGSYKC": "",
    "JLRJZCSYLJQ": "4.06%",
    "KCHJLRJZCSYLJQ": "",
    "YYZSR": "",
    "YYSR": "1296357099.36",
    "JLRHJ": "",
    "JLR": "135158803.67",
    "KCFJYXSYHDJLR": "130328030.57",
    "YYZSRTBZZ": "",
    "YYSRTBZZ": "9.22%",
    "JLRHJTBZZ": "",
    "JLRTBZZ": "2.02%",
    "KCFJYXSYHDJLRTBZZ": "3.68%",
    "JYXJLLJE": "-139070623.52",
    "ZCZE": "9153367069.61",
    "GDQY": "3393392805.48",
    "FJCXSY": "4830773.10",
    "MGJYXJLLJE": "",
    "MGJZCPL": ""
  },
  {
    "JZRQ": "2025-03-31",
    "RQBZ": "累计",
    "JBMGSY": "0.28",
    "XSMGSY": "0.28",
    "JBMGSYKC": "",
    "XSMGSYKC": "",
    "JLRJZCSYLJQ": "4.37%",
    "KCHJLRJZCSYLJQ": "",
    "YYZSR": "",
    "YYSR": "1186923190.99",
    "JLRHJ": "",
    "JLR": "132479233.25",
    "KCFJYXSYHDJLR": "125697947.42",
    "YYZSRTBZZ": "",
    "YYSRTBZZ": "",
    "JLRHJTBZZ": "",
    "JLRTBZZ": "",
    "KCFJYXSYHDJLRTBZZ": "",
    "JYXJLLJE": "-67302478.65",
    "ZCZE": "8224253006.20",
    "GDQY": "3257539227.65",
    "FJCXSY": "",
    "MGJYXJLLJE": "",
    "MGJZCPL": ""
  }
]

=== 300557-2026-04-17-理工光科2026年一季度报告.PDF ===
[
  {
    "JZRQ": "2026-03-31",
    "RQBZ": "累计",
    "JBMGSY": "0.07",
    "XSMGSY": "0.07",
    "JBMGSYKC": "",
    "XSMGSYKC": "",
    "JLRJZCSYLJQ": "0.91",
    "KCHJLRJZCSYLJQ": "",
    "YYZSR": "",
    "YYSR": "122370702.73",
    "JLRHJ": "",
    "JLR": "8734084.02",
    "KCFJYXSYHDJLR": "7600127.82",
    "YYZSRTBZZ": "",
    "YYSRTBZZ": "12.92",
    "JLRHJTBZZ": "",
    "JLRTBZZ": "8.27",
    "KCFJYXSYHDJLRTBZZ": "4.22",
    "JYXJLLJE": "-13574050.81",
    "ZCZE": "1898641071.57",
    "GDQY": "1013686245.87",
    "FJCXSY": "1133956.20",
    "MGJYXJLLJE": "",
    "MGJZCPL": ""
  },
  {
    "JZRQ": "2025-03-31",
    "RQBZ": "累计",
    "JBMGSY": "0.09",
    "XSMGSY": "0.09",
    "JBMGSYKC": "",
    "XSMGSYKC": "",
    "JLRJZCSYLJQ": "0.81",
    "KCHJLRJZCSYLJQ": "",
    "YYZSR": "",
    "YYSR": "108368875.45",
    "JLRHJ": "",
    "JLR": "8066694.88",
    "KCFJYXSYHDJLR": "7292356.60",
    "YYZSRTBZZ": "",
    "YYSRTBZZ": "",
    "JLRHJTBZZ": "",
    "JLRTBZZ": "",
    "KCFJYXSYHDJLRTBZZ": "",
    "JYXJLLJE": "-49735222.41",
    "ZCZE": "1889072919.68",
    "GDQY": "1006508695.02",
    "FJCXSY": "",
    "MGJYXJLLJE": "",
    "MGJZCPL": ""
  }
]

=== 300703-2026-04-17-创源股份2026年一季度报告.PDF ===
[
  {
    "JZRQ": "2026-03-31",
    "RQBZ": "累计",
    "JBMGSY": "-0.1062",
    "XSMGSY": "-0.1062",
    "JBMGSYKC": "",
    "XSMGSYKC": "",
    "JLRJZCSYLJQ": "-2.43%",
    "KCHJLRJZCSYLJQ": "",
    "YYZSR": "",
    "YYSR": "496939748.60",
    "JLRHJ": "",
    "JLR": "-19152965.42",
    "KCFJYXSYHDJLR": "-20204949.63",
    "YYZSRTBZZ": "",
    "YYSRTBZZ": "9.34%",
    "JLRHJTBZZ": "",
    "JLRTBZZ": "-193.41%",
    "KCFJYXSYHDJLRTBZZ": "-203.20%",
    "JYXJLLJE": "-105579837.17",
    "ZCZE": "1970668535.79",
    "GDQY": "772752585.37",
    "FJCXSY": "1051984.21",
    "MGJYXJLLJE": "",
    "MGJZCPL": ""
  },
  {
    "JZRQ": "2025-03-31",
    "RQBZ": "累计",
    "JBMGSY": "0.1137",
    "XSMGSY": "0.1137",
    "JBMGSYKC": "",
    "XSMGSYKC": "",
    "JLRJZCSYLJQ": "2.28%",
    "KCHJLRJZCSYLJQ": "",
    "YYZSR": "",
    "YYSR": "454501448.68",
    "JLRHJ": "",
    "JLR": "20504243.21",
    "KCFJYXSYHDJLR": "19578535.28",
    "YYZSRTBZZ": "",
    "YYSRTBZZ": "",
    "JLRHJTBZZ": "",
    "JLRTBZZ": "",
    "KCFJYXSYHDJLRTBZZ": "",
    "JYXJLLJE": "-14395412.58",
    "ZCZE": "2035483859.39",
    "GDQY": "798779686.73",
    "FJCXSY": "",
    "MGJYXJLLJE": "",
    "MGJZCPL": ""
  }
]

=== 301158-2026-04-17-德石股份2026年一季度报告.PDF ===
[
  {
    "JZRQ": "2026-03-31",
    "RQBZ": "累计",
    "JBMGSY": "0.0397",
    "XSMGSY": "0.0397",
    "JBMGSYKC": "",
    "XSMGSYKC": "",
    "JLRJZCSYLJQ": "0.43%",
    "KCHJLRJZCSYLJQ": "",
    "YYZSR": "",
    "YYSR": "97459482.89",
    "JLRHJ": "",
    "JLR": "5973743.80",
    "KCFJYXSYHDJLR": "4924483.60",
    "YYZSRTBZZ": "",
    "YYSRTBZZ": "-16.22%",
    "JLRHJTBZZ": "",
    "JLRTBZZ": "-67.34%",
    "KCFJYXSYHDJLRTBZZ": "-71.36%",
    "JYXJLLJE": "-68978638.81",
    "ZCZE": "1864786538.45",
    "GDQY": "1400646620.91",
    "FJCXSY": "1049260.20",
    "MGJYXJLLJE": "",
    "MGJZCPL": ""
  },
  {
    "JZRQ": "2025-03-31",
    "RQBZ": "累计",
    "JBMGSY": "0.1216",
    "XSMGSY": "0.1216",
    "JBMGSYKC": "",
    "XSMGSYKC": "",
    "JLRJZCSYLJQ": "1.38%",
    "KCHJLRJZCSYLJQ": "",
    "YYZSR": "",
    "YYSR": "116331268.33",
    "JLRHJ": "",
    "JLR": "18291964.72",
    "KCFJYXSYHDJLR": "17197247.20",
    "YYZSRTBZZ": "",
    "YYSRTBZZ": "",
    "JLRHJTBZZ": "",
    "JLRTBZZ": "",
    "KCFJYXSYHDJLRTBZZ": "",
    "JYXJLLJE": "-10885247.18",
    "ZCZE": "1937315802.92",
    "GDQY": "1395458795.02",
    "FJCXSY": "",
    "MGJYXJLLJE": "",
    "MGJZCPL": ""
  }
]

=== 301551-2026-04-17-无线传媒2026年一季度报告.PDF ===
[
  {
    "JZRQ": "2026-03-31",
    "RQBZ": "累计",
    "JBMGSY": "0.1732",
    "XSMGSY": "0.1732",
    "JBMGSYKC": "",
    "XSMGSYKC": "",
    "JLRJZCSYLJQ": "2.79",
    "KCHJLRJZCSYLJQ": "",
    "YYZSR": "",
    "YYSR": "145971262.16",
    "JLRHJ": "",
    "JLR": "69274174.42",
    "KCFJYXSYHDJLR": "69287118.35",
    "YYZSRTBZZ": "",
    "YYSRTBZZ": "-2.99",
    "JLRHJTBZZ": "",
    "JLRTBZZ": "-9.62",
    "KCFJYXSYHDJLRTBZZ": "-9.55",
    "JYXJLLJE": "59526791.21",
    "ZCZE": "2724297630.52",
    "GDQY": "2521902080.86",
    "FJCXSY": "-12943.93",
    "MGJYXJLLJE": "",
    "MGJZCPL": ""
  },
  {
    "JZRQ": "2025-03-31",
    "RQBZ": "累计",
    "JBMGSY": "0.1916",
    "XSMGSY": "0.1916",
    "JBMGSYKC": "",
    "XSMGSYKC": "",
    "JLRJZCSYLJQ": "3.07",
    "KCHJLRJZCSYLJQ": "",
    "YYZSR": "",
    "YYSR": "150468400.35",
    "JLRHJ": "",
    "JLR": "76644519.23",
    "KCFJYXSYHDJLR": "76600455.85",
    "YYZSRTBZZ": "",
    "YYSRTBZZ": "",
    "JLRHJTBZZ": "",
    "JLRTBZZ": "",
    "KCFJYXSYHDJLRTBZZ": "",
    "JYXJLLJE": "170129563.86",
    "ZCZE": "2638262596.31",
    "GDQY": "2452627906.44",
    "FJCXSY": "",
    "MGJYXJLLJE": "",
    "MGJZCPL": ""
  }
]

=== 600829-2026-04-17-人民同泰2026年第一季度报告.PDF ===
[
  {
    "JZRQ": "2026-03-31",
    "RQBZ": "累计",
    "JBMGSY": "0.0836",
    "XSMGSY": "0.0836",
    "JBMGSYKC": "",
    "XSMGSYKC": "",
    "JLRJZCSYLJQ": "1.59",
    "KCHJLRJZCSYLJQ": "",
    "YYZSR": "",
    "YYSR": "2823822433.60",
    "JLRHJ": "",
    "JLR": "48463981.06",
    "KCFJYXSYHDJLR": "48797185.38",
    "YYZSRTBZZ": "",
    "YYSRTBZZ": "5.89",
    "JLRHJTBZZ": "",
    "JLRTBZZ": "5.72",
    "KCFJYXSYHDJLRTBZZ": "8.13",
    "JYXJLLJE": "-339085392.53",
    "ZCZE": "7353265684.52",
    "GDQY": "3063490435.95",
    "FJCXSY": "-333204.32",
    "MGJYXJLLJE": "",
    "MGJZCPL": ""
  },
  {
    "JZRQ": "2025-03-31",
    "RQBZ": "累计",
    "JBMGSY": "0.0791",
    "XSMGSY": "0.0791",
    "JBMGSYKC": "",
    "XSMGSYKC": "",
    "JLRJZCSYLJQ": "1.58",
    "KCHJLRJZCSYLJQ": "",
    "YYZSR": "",
    "YYSR": "2666810119.69",
    "JLRHJ": "",
    "JLR": "45840864.76",
    "KCFJYXSYHDJLR": "45127343.00",
    "YYZSRTBZZ": "",
    "YYSRTBZZ": "",
    "JLRHJTBZZ": "",
    "JLRTBZZ": "",
    "KCFJYXSYHDJLRTBZZ": "",
    "JYXJLLJE": "-302722327.06",
    "ZCZE": "7174877141.34",
    "GDQY": "3015026454.89",
    "FJCXSY": "",
    "MGJYXJLLJE": "",
    "MGJZCPL": ""
  }
]

=== 300773-2026-04-17-拉卡拉2026年一季度报告.PDF ===
[
  {
    "JZRQ": "2026-03-31",
    "RQBZ": "累计",
    "JBMGSY": "0.77",
    "XSMGSY": "0.77",
    "JBMGSYKC": "",
    "XSMGSYKC": "",
    "JLRJZCSYLJQ": "13.00%",
    "KCHJLRJZCSYLJQ": "",
    "YYZSR": "1613754768.39",
    "YYSR": "1613754768.39",
    "JLRHJ": "590228833.98",
    "JLR": "594769589.64",
    "KCFJYXSYHDJLR": "85890795.09",
    "YYZSRTBZZ": "24.20%",
    "YYSRTBZZ": "24.20%",
    "JLRHJTBZZ": "488.18%",
    "JLRTBZZ": "490.97%",
    "KCFJYXSYHDJLRTBZZ": "1.43%",
    "JYXJLLJE": "-84387262.59",
    "ZCZE": "12091325067.01",
    "GDQY": "4871405356.15",
    "FJCXSY": "508878794.55",
    "MGJZCPL": "",
    "MGJYXJLLJE": ""
  },
  {
    "JZRQ": "2025-03-31",
    "RQBZ": "累计",
    "JBMGSY": "0.13",
    "XSMGSY": "0.13",
    "JBMGSYKC": "",
    "XSMGSYKC": "",
    "JLRJZCSYLJQ": "2.93%",
    "KCHJLRJZCSYLJQ": "",
    "YYZSR": "1300013732.73",
    "YYSR": "1299349296.31",
    "JLRHJ": "100337726.02",
    "JLR": "100642762.40",
    "KCFJYXSYHDJLR": "84682042.55",
    "YYZSRTBZZ": "",
    "YYSRTBZZ": "",
    "JLRHJTBZZ": "",
    "JLRTBZZ": "",
    "KCFJYXSYHDJLRTBZZ": "",
    "JYXJLLJE": "16727269.58",
    "ZCZE": "12327825097.46",
    "GDQY": "4278438580.70",
    "FJCXSY": "",
    "MGJZCPL": "",
    "MGJYXJLLJE": ""
  }
]

=== 301256-2026-04-17-华融化学2026年一季度报告.PDF ===
[
  {
    "JZRQ": "2026-03-31",
    "RQBZ": "累计",
    "JBMGSY": "0.04",
    "XSMGSY": "0.04",
    "JBMGSYKC": "",
    "XSMGSYKC": "",
    "JLRJZCSYLJQ": "1.00",
    "KCHJLRJZCSYLJQ": "",
    "YYZSR": "",
    "YYSR": "486480817.34",
    "JLRHJ": "",
    "JLR": "17374164.93",
    "KCFJYXSYHDJLR": "13027521.46",
    "YYZSRTBZZ": "",
    "YYSRTBZZ": "26.18",
    "JLRHJTBZZ": "",
    "JLRTBZZ": "10.64",
    "KCFJYXSYHDJLRTBZZ": "53.75",
    "JYXJLLJE": "-81719737.11",
    "ZCZE": "2391365041.78",
    "GDQY": "1744952924.73",
    "FJCXSY": "4346643.47",
    "MGJYXJLLJE": "",
    "MGJZCPL": ""
  },
  {
    "JZRQ": "2025-03-31",
    "RQBZ": "累计",
    "JBMGSY": "0.03",
    "XSMGSY": "",
    "JBMGSYKC": "",
    "XSMGSYKC": "",
    "JLRJZCSYLJQ": "0.90",
    "KCHJLRJZCSYLJQ": "",
    "YYZSR": "",
    "YYSR": "385550493.62",
    "JLRHJ": "",
    "JLR": "15702915.91",
    "KCFJYXSYHDJLR": "8473414.66",
    "YYZSRTBZZ": "",
    "YYSRTBZZ": "",
    "JLRHJTBZZ": "",
    "JLRTBZZ": "",
    "KCFJYXSYHDJLRTBZZ": "",
    "JYXJLLJE": "-2643482.84",
    "ZCZE": "2452715012.54",
    "GDQY": "1727030212.80",
    "FJCXSY": "",
    "MGJYXJLLJE": "",
    "MGJZCPL": ""
  }
]

=== 601933-2026-04-17-永辉超市永辉超市股份有限公司2026年第一季度报告.PDF ===
[
  {
    "JZRQ": "2026-03-31",
    "RQBZ": "累计",
    "JBMGSY": "0.03",
    "XSMGSY": "0.03",
    "JBMGSYKC": "",
    "XSMGSYKC": "",
    "JLRJZCSYLJQ": "14.32",
    "KCHJLRJZCSYLJQ": "",
    "YYZSR": "",
    "YYSR": "13366759504.35",
    "JLRHJ": "",
    "JLR": "286865433.81",
    "KCFJYXSYHDJLR": "246580893.41",
    "YYZSRTBZZ": "",
    "YYSRTBZZ": "-23.53",
    "JLRHJTBZZ": "",
    "JLRTBZZ": "94.40",
    "KCFJYXSYHDJLRTBZZ": "79.55",
    "JYXJLLJE": "478394890.31",
    "ZCZE": "29045759111.98",
    "GDQY": "2140170969.53",
    "FJCXSY": "40284540.40",
    "MGJYXJLLJE": "",
    "MGJZCPL": ""
  },
  {
    "JZRQ": "2025-03-31",
    "RQBZ": "累计",
    "JBMGSY": "0.02",
    "XSMGSY": "0.02",
    "JBMGSYKC": "",
    "XSMGSYKC": "",
    "JLRJZCSYLJQ": "3.27",
    "KCHJLRJZCSYLJQ": "",
    "YYZSR": "",
    "YYSR": "17479050531.60",
    "JLRHJ": "",
    "JLR": "147563275.19",
    "KCFJYXSYHDJLR": "137334323.95",
    "YYZSRTBZZ": "",
    "YYSRTBZZ": "",
    "JLRHJTBZZ": "",
    "JLRTBZZ": "",
    "KCFJYXSYHDJLRTBZZ": "",
    "JYXJLLJE": "572440562.52",
    "ZCZE": "30461986041.30",
    "GDQY": "",
    "FJCXSY": "",
    "MGJYXJLLJE": "",
    "MGJZCPL": ""
  }
]

=== 600655-2026-04-17-豫园股份上海豫园旅游商城（集团）股份有限公司2026年第一季度报告.PDF ===
[
  {
    "JZRQ": "2026-03-31",
    "RQBZ": "累计",
    "JBMGSY": "0.041",
    "XSMGSY": "0.041",
    "JBMGSYKC": "",
    "XSMGSYKC": "",
    "JLRJZCSYLJQ": "0.523",
    "KCHJLRJZCSYLJQ": "",
    "YYZSR": "",
    "YYSR": "9648601468.56",
    "JLRHJ": "",
    "JLR": "156967957.15",
    "KCFJYXSYHDJLR": "100893347.15",
    "YYZSRTBZZ": "",
    "YYSRTBZZ": "9.87",
    "JLRHJTBZZ": "",
    "JLRTBZZ": "202.87",
    "KCFJYXSYHDJLRTBZZ": "156.38",
    "JYXJLLJE": "-485550479.90",
    "ZCZE": "112377146330.74",
    "GDQY": "29973180885.91",
    "FJCXSY": "56074610.00",
    "MGJYXJLLJE": "",
    "MGJZCPL": ""
  },
  {
    "JZRQ": "2025-03-31",
    "RQBZ": "累计",
    "JBMGSY": "0.013",
    "XSMGSY": "",
    "JBMGSYKC": "",
    "XSMGSYKC": "",
    "JLRJZCSYLJQ": "0.146",
    "KCHJLRJZCSYLJQ": "",
    "YYZSR": "",
    "YYSR": "8782158024.13",
    "JLRHJ": "",
    "JLR": "51827369.52",
    "KCFJYXSYHDJLR": "-178952937.52",
    "YYZSRTBZZ": "",
    "YYSRTBZZ": "",
    "JLRHJTBZZ": "",
    "JLRTBZZ": "",
    "KCFJYXSYHDJLRTBZZ": "",
    "JYXJLLJE": "317779044.55",
    "ZCZE": "114892315996.66",
    "GDQY": "30011293635.21",
    "FJCXSY": "",
    "MGJYXJLLJE": "",
    "MGJZCPL": ""
  }
]

=== 603162-2026-04-17-海通发展福建海通发展股份有限公司2026年第一季度报告.PDF ===
[
  {
    "JZRQ": "2026-03-31",
    "RQBZ": "累计",
    "JBMGSY": "0.23",
    "XSMGSY": "0.23",
    "JBMGSYKC": "",
    "XSMGSYKC": "",
    "JLRJZCSYLJQ": "4.59",
    "KCHJLRJZCSYLJQ": "",
    "YYZSR": "",
    "YYSR": "1343344275.83",
    "JLRHJ": "",
    "JLR": "210396376.93",
    "KCFJYXSYHDJLR": "209747139.39",
    "YYZSRTBZZ": "",
    "YYSRTBZZ": "66.69",
    "JLRHJTBZZ": "",
    "JLRTBZZ": "211.06",
    "KCFJYXSYHDJLRTBZZ": "212.55",
    "JYXJLLJE": "377993402.42",
    "ZCZE": "7011911581.14",
    "GDQY": "4642493337.59",
    "FJCXSY": "649237.54",
    "MGJZCPL": "",
    "MGJYXJLLJE": ""
  },
  {
    "JZRQ": "2025-03-31",
    "RQBZ": "累计",
    "JBMGSY": "0.07",
    "XSMGSY": "0.07",
    "JBMGSYKC": "",
    "XSMGSYKC": "",
    "JLRJZCSYLJQ": "1.63",
    "KCHJLRJZCSYLJQ": "",
    "YYZSR": "",
    "YYSR": "805896181.83",
    "JLRHJ": "",
    "JLR": "67638243.75",
    "KCFJYXSYHDJLR": "67108977.36",
    "YYZSRTBZZ": "",
    "YYSRTBZZ": "",
    "JLRHJTBZZ": "",
    "JLRTBZZ": "",
    "KCFJYXSYHDJLRTBZZ": "",
    "JYXJLLJE": "189029559.13",
    "ZCZE": "6793884301.69",
    "GDQY": "4521146063.70",
    "FJCXSY": "",
    "MGJZCPL": "",
    "MGJYXJLLJE": ""
  }
]

=== 600961-2026-04-17-株冶集团株冶集团2026年第一季度报告.PDF ===
[
  {
    "JZRQ": "2026-03-31",
    "RQBZ": "累计",
    "JBMGSY": "1.06",
    "XSMGSY": "1.06",
    "JBMGSYKC": "",
    "XSMGSYKC": "",
    "JLRJZCSYLJQ": "25.30",
    "KCHJLRJZCSYLJQ": "",
    "YYZSR": "",
    "YYSR": 7007513170.84,
    "JLRHJ": "",
    "JLR": 1143680542.34,
    "KCFJYXSYHDJLR": 1198066577.6,
    "YYZSRTBZZ": "",
    "YYSRTBZZ": "45.90",
    "JLRHJTBZZ": "",
    "JLRTBZZ": "313.00",
    "KCFJYXSYHDJLRTBZZ": "323.42",
    "JYXJLLJE": 1516987283.77,
    "ZCZE": 10100853397.6,
    "GDQY": 5853398193.74,
    "FJCXSY": -54386035.26,
    "MGJZCPL": "",
    "MGJYXJLLJE": ""
  },
  {
    "JZRQ": "2025-03-31",
    "RQBZ": "累计",
    "JBMGSY": "0.24",
    "XSMGSY": "",
    "JBMGSYKC": "",
    "XSMGSYKC": "",
    "JLRJZCSYLJQ": "8.70",
    "KCHJLRJZCSYLJQ": "",
    "YYZSR": "",
    "YYSR": 4802877712.35,
    "JLRHJ": "",
    "JLR": 276920217.46,
    "KCFJYXSYHDJLR": 282951950.76,
    "YYZSRTBZZ": "",
    "YYSRTBZZ": "",
    "JLRHJTBZZ": "",
    "JLRTBZZ": "",
    "KCFJYXSYHDJLRTBZZ": "",
    "JYXJLLJE": 600234631.78,
    "ZCZE": 9492549438.09,
    "GDQY": 4714167079.85,
    "FJCXSY": "",
    "MGJZCPL": "",
    "MGJYXJLLJE": ""
  }
]

=== 603138-2026-04-17-海量数据海量数据2026年第一季度报告.PDF ===
[
  {
    "JZRQ": "2026-03-31",
    "RQBZ": "累计",
    "JBMGSY": "-0.14",
    "XSMGSY": "-0.14",
    "JBMGSYKC": "",
    "XSMGSYKC": "",
    "JLRJZCSYLJQ": "-5.06",
    "KCHJLRJZCSYLJQ": "",
    "YYZSR": "",
    "YYSR": "99259449.87",
    "JLRHJ": "",
    "JLR": "-41769068.71",
    "KCFJYXSYHDJLR": "-44159178.32",
    "YYZSRTBZZ": "",
    "YYSRTBZZ": "22.04",
    "JLRHJTBZZ": "",
    "JLRTBZZ": "",
    "KCFJYXSYHDJLRTBZZ": "",
    "JYXJLLJE": "-46962865.71",
    "ZCZE": "1059699674.37",
    "GDQY": "808927341.29",
    "FJCXSY": "2390109.61",
    "MGJZCPL": "",
    "MGJYXJLLJE": ""
  },
  {
    "JZRQ": "2025-03-31",
    "RQBZ": "累计",
    "JBMGSY": "-0.06",
    "XSMGSY": "-0.06",
    "JBMGSYKC": "",
    "XSMGSYKC": "",
    "JLRJZCSYLJQ": "-2.19",
    "KCHJLRJZCSYLJQ": "",
    "YYZSR": "",
    "YYSR": "81332128.02",
    "JLRHJ": "",
    "JLR": "-17687581.12",
    "KCFJYXSYHDJLR": "-19437320.57",
    "YYZSRTBZZ": "",
    "YYSRTBZZ": "",
    "JLRHJTBZZ": "",
    "JLRTBZZ": "",
    "KCFJYXSYHDJLRTBZZ": "",
    "JYXJLLJE": "-14932883.58",
    "ZCZE": "1247974293.94",
    "GDQY": "845756983.10",
    "FJCXSY": "",
    "MGJZCPL": "",
    "MGJYXJLLJE": ""
  }
]

=== 603256-2026-04-17-宏和科技宏和科技2026年第一季度报告.PDF ===
[
  {
    "JZRQ": "2026-03-31",
    "RQBZ": "累计",
    "JBMGSY": "0.16",
    "XSMGSY": "0.16",
    "JBMGSYKC": "",
    "XSMGSYKC": "",
    "JLRJZCSYLJQ": "8.15",
    "KCHJLRJZCSYLJQ": "",
    "YYZSR": "",
    "YYSR": "442100400.00",
    "JLRHJ": "",
    "JLR": "140230750.90",
    "KCFJYXSYHDJLR": "137751345.14",
    "YYZSRTBZZ": "",
    "YYSRTBZZ": "79.72",
    "JLRHJTBZZ": "",
    "JLRTBZZ": "354.22",
    "KCFJYXSYHDJLRTBZZ": "401.36",
    "JYXJLLJE": "44910717.61",
    "ZCZE": "4502130870.19",
    "GDQY": "2771582504.23",
    "FJCXSY": "2479405.76",
    "MGJYXJLLJE": "",
    "MGJZCPL": ""
  },
  {
    "JZRQ": "2025-03-31",
    "RQBZ": "累计",
    "JBMGSY": "0.04",
    "XSMGSY": "0.04",
    "JBMGSYKC": "",
    "XSMGSYKC": "",
    "JLRJZCSYLJQ": "2.11",
    "KCHJLRJZCSYLJQ": "",
    "YYZSR": "",
    "YYSR": "245995124.27",
    "JLRHJ": "",
    "JLR": "30873170.08",
    "KCFJYXSYHDJLR": "27475632.04",
    "YYZSRTBZZ": "",
    "YYSRTBZZ": "",
    "JLRHJTBZZ": "",
    "JLRTBZZ": "",
    "KCFJYXSYHDJLRTBZZ": "",
    "JYXJLLJE": "38946950.72",
    "ZCZE": "3282687682.11",
    "GDQY": "1649889293.20",
    "FJCXSY": "",
    "MGJYXJLLJE": "",
    "MGJZCPL": ""
  }
]

=== 603725-2026-04-17-天安新材天安新材2026年第一季度报告.PDF ===
[
  {
    "JZRQ": "2026-03-31",
    "RQBZ": "累计",
    "JBMGSY": "0.06",
    "XSMGSY": "0.06",
    "JBMGSYKC": "",
    "XSMGSYKC": "",
    "JLRJZCSYLJQ": "2.28",
    "KCHJLRJZCSYLJQ": "",
    "YYZSR": "",
    "YYSR": "524901553.01",
    "JLRHJ": "",
    "JLR": "19367930.77",
    "KCFJYXSYHDJLR": "13894379.40",
    "YYZSRTBZZ": "",
    "YYSRTBZZ": "-9.53",
    "JLRHJTBZZ": "",
    "JLRTBZZ": "27.65",
    "KCFJYXSYHDJLRTBZZ": "0.76",
    "JYXJLLJE": "-63578570.87",
    "ZCZE": "2869330968.59",
    "GDQY": "860776330.57",
    "FJCXSY": "5473551.37",
    "MGJYXJLLJE": "",
    "MGJZCPL": ""
  },
  {
    "JZRQ": "2025-03-31",
    "RQBZ": "累计",
    "JBMGSY": "0.05",
    "XSMGSY": "",
    "JBMGSYKC": "",
    "XSMGSYKC": "",
    "JLRJZCSYLJQ": "1.98",
    "KCHJLRJZCSYLJQ": "",
    "YYZSR": "",
    "YYSR": "580174178.48",
    "JLRHJ": "",
    "JLR": "15172431.55",
    "KCFJYXSYHDJLR": "13790001.24",
    "YYZSRTBZZ": "",
    "YYSRTBZZ": "",
    "JLRHJTBZZ": "",
    "JLRTBZZ": "",
    "KCFJYXSYHDJLRTBZZ": "",
    "JYXJLLJE": "-35817638.63",
    "ZCZE": "2984983724.27",
    "GDQY": "841408399.80",
    "FJCXSY": "",
    "MGJYXJLLJE": "",
    "MGJZCPL": ""
  }
]

=== 603799-2026-04-17-华友钴业华友钴业2026年第一季度报告.PDF ===
[
  {
    "JZRQ": "2026-03-31",
    "RQBZ": "累计",
    "JBMGSY": "1.33",
    "XSMGSY": "1.32",
    "JBMGSYKC": "",
    "XSMGSYKC": "",
    "JLRJZCSYLJQ": "5.05",
    "KCHJLRJZCSYLJQ": "",
    "YYZSR": "",
    "YYSR": "25803754637.51",
    "JLRHJ": "",
    "JLR": "2497278226.82",
    "KCFJYXSYHDJLR": "2070367801.44",
    "YYZSRTBZZ": "",
    "YYSRTBZZ": "44.62",
    "JLRHJTBZZ": "",
    "JLRTBZZ": "99.45",
    "KCFJYXSYHDJLRTBZZ": "68.76",
    "JYXJLLJE": "1174715191.91",
    "ZCZE": "174669109293.96",
    "GDQY": "50509647797.96",
    "FJCXSY": "426910425.38",
    "MGJZCPL": "",
    "MGJYXJLLJE": ""
  },
  {
    "JZRQ": "2025-03-31",
    "RQBZ": "累计",
    "JBMGSY": "0.74",
    "XSMGSY": "0.70",
    "JBMGSYKC": "",
    "XSMGSYKC": "",
    "JLRJZCSYLJQ": "3.32",
    "KCHJLRJZCSYLJQ": "",
    "YYZSR": "",
    "YYSR": "17841985369.46",
    "JLRHJ": "",
    "JLR": "1252109041.28",
    "KCFJYXSYHDJLR": "1226823619.76",
    "YYZSRTBZZ": "",
    "YYSRTBZZ": "",
    "JLRHJTBZZ": "",
    "JLRTBZZ": "",
    "KCFJYXSYHDJLRTBZZ": "",
    "JYXJLLJE": "1017076743.57",
    "ZCZE": "159437759775.50",
    "GDQY": "48295468220.57",
    "FJCXSY": "",
    "MGJZCPL": "",
    "MGJYXJLLJE": ""
  }
]

=== 603877-2026-04-17-太平鸟2026年第一季度报告.PDF ===
[
  {
    "JZRQ": "2026-03-31",
    "RQBZ": "累计",
    "JBMGSY": "0.29",
    "XSMGSY": "0.28",
    "JBMGSYKC": "",
    "XSMGSYKC": "",
    "JLRJZCSYLJQ": "3.00",
    "KCHJLRJZCSYLJQ": "",
    "YYZSR": "",
    "YYSR": "1655514561.06",
    "JLRHJ": "",
    "JLR": "136641687.45",
    "KCFJYXSYHDJLR": "114461401.07",
    "YYZSRTBZZ": "",
    "YYSRTBZZ": "-0.75",
    "JLRHJTBZZ": "",
    "JLRTBZZ": "10.30",
    "KCFJYXSYHDJLRTBZZ": "33.46",
    "JYXJLLJE": "215464409.34",
    "ZCZE": "7239608230.64",
    "GDQY": "4625665786.30",
    "FJCXSY": "22180286.38",
    "MGJYXJLLJE": "",
    "MGJZCPL": ""
  },
  {
    "JZRQ": "2025-03-31",
    "RQBZ": "累计",
    "JBMGSY": "0.26",
    "XSMGSY": "0.26",
    "JBMGSYKC": "",
    "XSMGSYKC": "",
    "JLRJZCSYLJQ": "2.71",
    "KCHJLRJZCSYLJQ": "",
    "YYZSR": "",
    "YYSR": "1667974604.93",
    "JLRHJ": "",
    "JLR": "123881397.20",
    "KCFJYXSYHDJLR": "85764858.53",
    "YYZSRTBZZ": "",
    "YYSRTBZZ": "",
    "JLRHJTBZZ": "",
    "JLRTBZZ": "",
    "KCFJYXSYHDJLRTBZZ": "",
    "JYXJLLJE": "-298574889.31",
    "ZCZE": "7659953348.48",
    "GDQY": "4489024098.85",
    "FJCXSY": "",
    "MGJYXJLLJE": "",
    "MGJZCPL": ""
  }
]

=== 603919-2026-04-17-金徽酒金徽酒股份有限公司2026年第一季度报告.PDF ===
[
  {
    "JZRQ": "2026-03-31",
    "RQBZ": "累计",
    "JBMGSY": "0.40",
    "XSMGSY": "0.40",
    "JBMGSYKC": "",
    "XSMGSYKC": "",
    "JLRJZCSYLJQ": "5.79",
    "KCHJLRJZCSYLJQ": "",
    "YYZSR": "",
    "YYSR": "1092120067.97",
    "JLRHJ": "",
    "JLR": "204555044.20",
    "KCFJYXSYHDJLR": "201935518.76",
    "YYZSRTBZZ": "",
    "YYSRTBZZ": "-1.46",
    "JLRHJTBZZ": "",
    "JLRTBZZ": "-12.51",
    "KCFJYXSYHDJLRTBZZ": "-12.77",
    "JYXJLLJE": "304621929.17",
    "ZCZE": "5427522879.91",
    "GDQY": "3535590145.06",
    "FJCXSY": "2619525.44",
    "MGJYXJLLJE": "",
    "MGJZCPL": ""
  },
  {
    "JZRQ": "2025-03-31",
    "RQBZ": "累计",
    "JBMGSY": "0.47",
    "XSMGSY": "0.47",
    "JBMGSYKC": "",
    "XSMGSYKC": "",
    "JLRJZCSYLJQ": "6.79",
    "KCHJLRJZCSYLJQ": "",
    "YYZSR": "",
    "YYSR": "1108302532.78",
    "JLRHJ": "",
    "JLR": "233794429.79",
    "KCFJYXSYHDJLR": "231498280.13",
    "YYZSRTBZZ": "",
    "YYSRTBZZ": "",
    "JLRHJTBZZ": "",
    "JLRTBZZ": "",
    "KCFJYXSYHDJLRTBZZ": "",
    "JYXJLLJE": "269119556.23",
    "ZCZE": "5277325958.66",
    "GDQY": "3430053202.42",
    "FJCXSY": "",
    "MGJYXJLLJE": "",
    "MGJZCPL": ""
  }
]

=== 688148-2026-04-17-芳源股份芳源股份2026年第一季度报告.PDF ===
[
  {
    "JZRQ": "2026-03-31",
    "RQBZ": "累计",
    "JBMGSY": "0.12",
    "XSMGSY": "0.12",
    "JBMGSYKC": "",
    "XSMGSYKC": "",
    "JLRJZCSYLJQ": "11.89",
    "KCHJLRJZCSYLJQ": "",
    "YYZSR": "",
    "YYSR": "665434795.42",
    "JLRHJ": "",
    "JLR": "61447307.56",
    "KCFJYXSYHDJLR": "61149884.85",
    "YYZSRTBZZ": "",
    "YYSRTBZZ": "63.35",
    "JLRHJTBZZ": "",
    "JLRTBZZ": "",
    "KCFJYXSYHDJLRTBZZ": "",
    "JYXJLLJE": "-28804952.48",
    "ZCZE": "3185970556.83",
    "GDQY": "548628688.55",
    "FJCXSY": "297422.71",
    "MGJZCPL": "",
    "MGJYXJLLJE": ""
  },
  {
    "JZRQ": "2025-03-31",
    "RQBZ": "累计",
    "JBMGSY": "-0.10",
    "XSMGSY": "-0.10",
    "JBMGSYKC": "",
    "XSMGSYKC": "",
    "JLRJZCSYLJQ": "-9.25",
    "KCHJLRJZCSYLJQ": "",
    "YYZSR": "",
    "YYSR": "407367142.83",
    "JLRHJ": "",
    "JLR": "-49654344.84",
    "KCFJYXSYHDJLR": "-49733234.29",
    "YYZSRTBZZ": "",
    "YYSRTBZZ": "",
    "JLRHJTBZZ": "",
    "JLRTBZZ": "",
    "KCFJYXSYHDJLRTBZZ": "",
    "JYXJLLJE": "31271813.37",
    "ZCZE": "3042548616.05",
    "GDQY": "486091645.31",
    "FJCXSY": "",
    "MGJZCPL": "",
    "MGJYXJLLJE": ""
  }
]

=== 688510-2026-04-17-航亚科技2026年第一季度报告.PDF ===
[
  {
    "JZRQ": "2026-03-31",
    "RQBZ": "累计",
    "JBMGSY": "0.08",
    "XSMGSY": "0.08",
    "JBMGSYKC": "",
    "XSMGSYKC": "",
    "JLRJZCSYLJQ": "1.64",
    "KCHJLRJZCSYLJQ": "",
    "YYZSR": "",
    "YYSR": "171453321.62",
    "JLRHJ": "",
    "JLR": "20035413.60",
    "KCFJYXSYHDJLR": "19658318.59",
    "YYZSRTBZZ": "",
    "YYSRTBZZ": "-1.47",
    "JLRHJTBZZ": "",
    "JLRTBZZ": "-34.68",
    "KCFJYXSYHDJLRTBZZ": "-23.44",
    "JYXJLLJE": "19098207.13",
    "ZCZE": "1997136035.59",
    "GDQY": "1228300313.32",
    "FJCXSY": "377095.01",
    "MGJYXJLLJE": "",
    "MGJZCPL": ""
  },
  {
    "JZRQ": "2025-03-31",
    "RQBZ": "累计",
    "JBMGSY": "0.12",
    "XSMGSY": "0.12",
    "JBMGSYKC": "",
    "XSMGSYKC": "",
    "JLRJZCSYLJQ": "2.63",
    "KCHJLRJZCSYLJQ": "",
    "YYZSR": "",
    "YYSR": "174012430.01",
    "JLRHJ": "",
    "JLR": "30673232.44",
    "KCFJYXSYHDJLR": "25677188.94",
    "YYZSRTBZZ": "",
    "YYSRTBZZ": "",
    "JLRHJTBZZ": "",
    "JLRTBZZ": "",
    "KCFJYXSYHDJLRTBZZ": "",
    "JYXJLLJE": "60730368.61",
    "ZCZE": "2017840518.04",
    "GDQY": "1207996359.67",
    "FJCXSY": "",
    "MGJYXJLLJE": "",
    "MGJZCPL": ""
  }
]

=== 603227-2026-04-17-雪峰科技新疆雪峰科技（集团）股份有限公司2026年第一季度报告.PDF ===
[
  {
    "JZRQ": "2026-03-31",
    "RQBZ": "累计",
    "JBMGSY": "0.043",
    "XSMGSY": "0.043",
    "JBMGSYKC": "",
    "XSMGSYKC": "",
    "JLRJZCSYLJQ": "0.88",
    "KCHJLRJZCSYLJQ": "",
    "YYZSR": "",
    "YYSR": "1047350254.10",
    "JLRHJ": "",
    "JLR": "45681843.54",
    "KCFJYXSYHDJLR": "39181282.73",
    "YYZSRTBZZ": "",
    "YYSRTBZZ": "-7.45",
    "JLRHJTBZZ": "",
    "JLRTBZZ": "-28.39",
    "KCFJYXSYHDJLRTBZZ": "-35.08",
    "JYXJLLJE": "-81435657.62",
    "ZCZE": "8859121760.32",
    "GDQY": "5224376424.55",
    "FJCXSY": "6500560.81",
    "MGJYXJLLJE": "",
    "MGJZCPL": ""
  },
  {
    "JZRQ": "2025-03-31",
    "RQBZ": "累计",
    "JBMGSY": "0.060",
    "XSMGSY": "0.060",
    "JBMGSYKC": "",
    "XSMGSYKC": "",
    "JLRJZCSYLJQ": "1.29",
    "KCHJLRJZCSYLJQ": "",
    "YYZSR": "",
    "YYSR": "1131702004.64",
    "JLRHJ": "",
    "JLR": "63793809.83",
    "KCFJYXSYHDJLR": "60351605.75",
    "YYZSRTBZZ": "",
    "YYSRTBZZ": "",
    "JLRHJTBZZ": "",
    "JLRTBZZ": "",
    "KCFJYXSYHDJLRTBZZ": "",
    "JYXJLLJE": "232506795.88",
    "ZCZE": "8612265694.63",
    "GDQY": "5163372404.16",
    "FJCXSY": "",
    "MGJYXJLLJE": "",
    "MGJZCPL": ""
  }
]

=== 920992-2026-04-16-中科美菱2026年一季度报告.PDF ===
[
  {
    "JZRQ": "2026-03-31",
    "RQBZ": "累计",
    "JBMGSY": "0.0625",
    "XSMGSY": "",
    "JBMGSYKC": "",
    "XSMGSYKC": "",
    "JLRJZCSYLJQ": "0.96",
    "KCHJLRJZCSYLJQ": "0.63",
    "YYZSR": "",
    "YYSR": "76305130.31",
    "JLRHJ": "",
    "JLR": "6050407.20",
    "KCFJYXSYHDJLR": "3956716.73",
    "YYZSRTBZZ": "",
    "YYSRTBZZ": "1.06",
    "JLRHJTBZZ": "",
    "JLRTBZZ": "19.55",
    "KCFJYXSYHDJLRTBZZ": "35.18",
    "JYXJLLJE": "4500634.11",
    "ZCZE": "763074883.12",
    "GDQY": "631540682.52",
    "FJCXSY": "2093690.47",
    "MGJYXJLLJE": "",
    "MGJZCPL": ""
  },
  {
    "JZRQ": "2025-03-31",
    "RQBZ": "累计",
    "JBMGSY": "0.0523",
    "XSMGSY": "",
    "JBMGSYKC": "",
    "XSMGSYKC": "",
    "JLRJZCSYLJQ": "0.82",
    "KCHJLRJZCSYLJQ": "0.48",
    "YYZSR": "",
    "YYSR": "75506685.42",
    "JLRHJ": "",
    "JLR": "5061062.76",
    "KCFJYXSYHDJLR": "2926943.07",
    "YYZSRTBZZ": "",
    "YYSRTBZZ": "",
    "JLRHJTBZZ": "",
    "JLRTBZZ": "",
    "KCFJYXSYHDJLRTBZZ": "",
    "JYXJLLJE": "-4871716.85",
    "ZCZE": "749934214.75",
    "GDQY": "625049875.67",
    "FJCXSY": "",
    "MGJYXJLLJE": "",
    "MGJZCPL": ""
  }
]

=== 920656-2026-04-16-海昇药业2026年一季度报告.PDF ===
[
  {
    "JZRQ": "2026-03-31",
    "RQBZ": "累计",
    "JBMGSY": "0.20",
    "XSMGSY": "",
    "JBMGSYKC": "",
    "XSMGSYKC": "",
    "JLRJZCSYLJQ": "2.82%",
    "KCHJLRJZCSYLJQ": "2.60%",
    "YYZSR": "",
    "YYSR": "65,642,203.39",
    "JLRHJ": "",
    "JLR": "20,092,479.96",
    "KCFJYXSYHDJLR": "18,523,556.12",
    "YYZSRTBZZ": "",
    "YYSRTBZZ": "56.36%",
    "JLRHJTBZZ": "",
    "JLRTBZZ": "51.52%",
    "KCFJYXSYHDJLRTBZZ": "55.74%",
    "JYXJLLJE": "4,485,102.62",
    "ZCZE": "750,387,577.63",
    "GDQY": "723,779,879.52",
    "FJCXSY": "1,568,923.84",
    "MGJYXJLLJE": "",
    "MGJZCPL": ""
  },
  {
    "JZRQ": "2025-03-31",
    "RQBZ": "累计",
    "JBMGSY": "0.13",
    "XSMGSY": "",
    "JBMGSYKC": "",
    "XSMGSYKC": "",
    "JLRJZCSYLJQ": "2.01%",
    "KCHJLRJZCSYLJQ": "1.80%",
    "YYZSR": "",
    "YYSR": "41,982,766.72",
    "JLRHJ": "",
    "JLR": "13,260,903.85",
    "KCFJYXSYHDJLR": "11,893,977.21",
    "YYZSRTBZZ": "",
    "YYSRTBZZ": "",
    "JLRHJTBZZ": "",
    "JLRTBZZ": "",
    "KCFJYXSYHDJLRTBZZ": "",
    "JYXJLLJE": "-1,051,016.32",
    "ZCZE": "736,876,045.96",
    "GDQY": "703,444,546.52",
    "FJCXSY": "",
    "MGJYXJLLJE": "",
    "MGJZCPL": ""
  }
]
